[2024-02-26T12:02:38.727-0500][0.012s] CardTable entry size: 512
[2024-02-26T12:02:38.727-0500][0.012s] Using G1
[2024-02-26T12:02:38.838-0500][0.122s] Version: 19.0.2+7-44 (release)
[2024-02-26T12:02:38.838-0500][0.122s] CPUs: 16 total, 16 available
[2024-02-26T12:02:38.838-0500][0.122s] Memory: 15741M
[2024-02-26T12:02:38.838-0500][0.122s] Large Page Support: Disabled
[2024-02-26T12:02:38.838-0500][0.122s] NUMA Support: Disabled
[2024-02-26T12:02:38.838-0500][0.122s] Compressed Oops: Enabled (32-bit)
[2024-02-26T12:02:38.838-0500][0.122s] Heap Region Size: 1M
[2024-02-26T12:02:38.838-0500][0.122s] Heap Min Capacity: 512M
[2024-02-26T12:02:38.838-0500][0.122s] Heap Initial Capacity: 512M
[2024-02-26T12:02:38.838-0500][0.122s] Heap Max Capacity: 512M
[2024-02-26T12:02:38.839-0500][0.123s] Pre-touch: Enabled
[2024-02-26T12:02:38.839-0500][0.123s] Parallel Workers: 13
[2024-02-26T12:02:38.839-0500][0.123s] Concurrent Workers: 3
[2024-02-26T12:02:38.839-0500][0.123s] Concurrent Refinement Workers: 13
[2024-02-26T12:02:38.839-0500][0.123s] Periodic GC: Disabled
[2024-02-26T12:02:38.839-0500][0.123s] CDS archive(s) mapped at: [0x0000000800000000-0x0000000800c40000-0x0000000800c40000), size 12845056, SharedBaseAddress: 0x0000000800000000, ArchiveRelocationMode: 0.
[2024-02-26T12:02:38.840-0500][0.124s] Compressed class space mapped at: 0x0000000801000000-0x0000000841000000, reserved size: 1073741824
[2024-02-26T12:02:38.840-0500][0.124s] Narrow klass base: 0x0000000800000000, Narrow klass shift: 0, Narrow klass range: 0x100000000
[2024-02-26T12:02:39.717-0500][1.000s] GC(0) Pause Young (Normal) (G1 Evacuation Pause)
[2024-02-26T12:02:39.717-0500][1.001s] GC(0) Using 12 workers of 13 for evacuation
[2024-02-26T12:02:39.720-0500][1.004s] GC(0)   Pre Evacuate Collection Set: 0.1ms
[2024-02-26T12:02:39.720-0500][1.004s] GC(0)   Merge Heap Roots: 0.0ms
[2024-02-26T12:02:39.720-0500][1.004s] GC(0)   Evacuate Collection Set: 2.5ms
[2024-02-26T12:02:39.720-0500][1.004s] GC(0)   Post Evacuate Collection Set: 0.5ms
[2024-02-26T12:02:39.720-0500][1.004s] GC(0)   Other: 0.4ms
[2024-02-26T12:02:39.720-0500][1.004s] GC(0) Eden regions: 29->0(41)
[2024-02-26T12:02:39.720-0500][1.004s] GC(0) Survivor regions: 0->4(4)
[2024-02-26T12:02:39.720-0500][1.004s] GC(0) Old regions: 0->0
[2024-02-26T12:02:39.720-0500][1.004s] GC(0) Archive regions: 0->0
[2024-02-26T12:02:39.720-0500][1.004s] GC(0) Humongous regions: 0->0
[2024-02-26T12:02:39.720-0500][1.004s] GC(0) Metaspace: 8510K(8704K)->8510K(8704K) NonClass: 7581K(7680K)->7581K(7680K) Class: 929K(1024K)->929K(1024K)
[2024-02-26T12:02:39.720-0500][1.004s] GC(0) Pause Young (Normal) (G1 Evacuation Pause) 29M->4M(512M) 3.856ms
[2024-02-26T12:02:39.720-0500][1.004s] GC(0) User=0.00s Sys=0.00s Real=0.00s
[2024-02-26T12:02:45.323-0500][6.608s] GC(1) Pause Young (Normal) (G1 Evacuation Pause)
[2024-02-26T12:02:45.323-0500][6.608s] GC(1) Using 13 workers of 13 for evacuation
[2024-02-26T12:02:45.330-0500][6.614s] GC(1)   Pre Evacuate Collection Set: 0.2ms
[2024-02-26T12:02:45.330-0500][6.614s] GC(1)   Merge Heap Roots: 0.1ms
[2024-02-26T12:02:45.330-0500][6.614s] GC(1)   Evacuate Collection Set: 5.4ms
[2024-02-26T12:02:45.330-0500][6.614s] GC(1)   Post Evacuate Collection Set: 0.7ms
[2024-02-26T12:02:45.330-0500][6.615s] GC(1)   Other: 0.3ms
[2024-02-26T12:02:45.330-0500][6.615s] GC(1) Eden regions: 41->0(84)
[2024-02-26T12:02:45.330-0500][6.615s] GC(1) Survivor regions: 4->6(6)
[2024-02-26T12:02:45.330-0500][6.615s] GC(1) Old regions: 0->9
[2024-02-26T12:02:45.330-0500][6.615s] GC(1) Archive regions: 0->0
[2024-02-26T12:02:45.330-0500][6.615s] GC(1) Humongous regions: 4->4
[2024-02-26T12:02:45.330-0500][6.615s] GC(1) Metaspace: 17217K(17600K)->17217K(17600K) NonClass: 15296K(15488K)->15296K(15488K) Class: 1921K(2112K)->1921K(2112K)
[2024-02-26T12:02:45.330-0500][6.615s] GC(1) Pause Young (Normal) (G1 Evacuation Pause) 49M->18M(512M) 6.889ms
[2024-02-26T12:02:45.330-0500][6.615s] GC(1) User=0.00s Sys=0.00s Real=0.01s
[2024-02-26T12:02:45.709-0500][6.994s] GC(2) Pause Young (Normal) (G1 Evacuation Pause)
[2024-02-26T12:02:45.710-0500][6.994s] GC(2) Using 13 workers of 13 for evacuation
[2024-02-26T12:02:45.713-0500][6.997s] GC(2)   Pre Evacuate Collection Set: 0.1ms
[2024-02-26T12:02:45.713-0500][6.997s] GC(2)   Merge Heap Roots: 0.1ms
[2024-02-26T12:02:45.713-0500][6.997s] GC(2)   Evacuate Collection Set: 2.2ms
[2024-02-26T12:02:45.713-0500][6.997s] GC(2)   Post Evacuate Collection Set: 0.6ms
[2024-02-26T12:02:45.713-0500][6.997s] GC(2)   Other: 0.1ms
[2024-02-26T12:02:45.713-0500][6.997s] GC(2) Eden regions: 84->0(296)
[2024-02-26T12:02:45.713-0500][6.997s] GC(2) Survivor regions: 6->11(12)
[2024-02-26T12:02:45.713-0500][6.997s] GC(2) Old regions: 9->9
[2024-02-26T12:02:45.713-0500][6.997s] GC(2) Archive regions: 0->0
[2024-02-26T12:02:45.713-0500][6.997s] GC(2) Humongous regions: 4->4
[2024-02-26T12:02:45.713-0500][6.997s] GC(2) Metaspace: 17936K(18304K)->17936K(18304K) NonClass: 15952K(16128K)->15952K(16128K) Class: 1984K(2176K)->1984K(2176K)
[2024-02-26T12:02:45.713-0500][6.997s] GC(2) Pause Young (Normal) (G1 Evacuation Pause) 102M->22M(512M) 3.529ms
[2024-02-26T12:02:45.713-0500][6.997s] GC(2) User=0.00s Sys=0.00s Real=0.00s
[2024-02-26T12:02:45.890-0500][7.174s] GC(3) Pause Young (Concurrent Start) (Metadata GC Threshold)
[2024-02-26T12:02:45.890-0500][7.174s] GC(3) Using 13 workers of 13 for evacuation
[2024-02-26T12:02:45.893-0500][7.177s] GC(3)   Pre Evacuate Collection Set: 0.2ms
[2024-02-26T12:02:45.893-0500][7.177s] GC(3)   Merge Heap Roots: 0.1ms
[2024-02-26T12:02:45.893-0500][7.177s] GC(3)   Evacuate Collection Set: 2.1ms
[2024-02-26T12:02:45.893-0500][7.177s] GC(3)   Post Evacuate Collection Set: 0.4ms
[2024-02-26T12:02:45.893-0500][7.177s] GC(3)   Other: 0.1ms
[2024-02-26T12:02:45.893-0500][7.177s] GC(3) Eden regions: 29->0(296)
[2024-02-26T12:02:45.893-0500][7.177s] GC(3) Survivor regions: 11->11(39)
[2024-02-26T12:02:45.893-0500][7.177s] GC(3) Old regions: 9->9
[2024-02-26T12:02:45.893-0500][7.177s] GC(3) Archive regions: 0->0
[2024-02-26T12:02:45.893-0500][7.177s] GC(3) Humongous regions: 4->4
[2024-02-26T12:02:45.893-0500][7.177s] GC(3) Metaspace: 21124K(21504K)->21124K(21504K) NonClass: 18823K(19008K)->18823K(19008K) Class: 2301K(2496K)->2301K(2496K)
[2024-02-26T12:02:45.893-0500][7.177s] GC(3) Pause Young (Concurrent Start) (Metadata GC Threshold) 51M->22M(512M) 3.268ms
[2024-02-26T12:02:45.893-0500][7.177s] GC(3) User=0.02s Sys=0.00s Real=0.00s
[2024-02-26T12:02:45.893-0500][7.177s] GC(4) Concurrent Mark Cycle
[2024-02-26T12:02:45.893-0500][7.177s] GC(4) Concurrent Clear Claimed Marks
[2024-02-26T12:02:45.893-0500][7.177s] GC(4) Concurrent Clear Claimed Marks 0.032ms
[2024-02-26T12:02:45.893-0500][7.177s] GC(4) Concurrent Scan Root Regions
[2024-02-26T12:02:45.895-0500][7.179s] GC(4) Concurrent Scan Root Regions 1.507ms
[2024-02-26T12:02:45.895-0500][7.179s] GC(4) Concurrent Mark
[2024-02-26T12:02:45.895-0500][7.179s] GC(4) Concurrent Mark From Roots
[2024-02-26T12:02:45.895-0500][7.179s] GC(4) Using 3 workers of 3 for marking
[2024-02-26T12:02:45.898-0500][7.183s] GC(4) Concurrent Mark From Roots 3.647ms
[2024-02-26T12:02:45.898-0500][7.183s] GC(4) Concurrent Preclean
[2024-02-26T12:02:45.898-0500][7.183s] GC(4) Concurrent Preclean 0.056ms
[2024-02-26T12:02:45.899-0500][7.183s] GC(4) Pause Remark
[2024-02-26T12:02:45.902-0500][7.186s] GC(4) Pause Remark 24M->24M(512M) 2.723ms
[2024-02-26T12:02:45.902-0500][7.186s] GC(4) User=0.00s Sys=0.00s Real=0.00s
[2024-02-26T12:02:45.902-0500][7.186s] GC(4) Concurrent Mark 7.264ms
[2024-02-26T12:02:45.902-0500][7.186s] GC(4) Concurrent Rebuild Remembered Sets
[2024-02-26T12:02:45.904-0500][7.188s] GC(4) Concurrent Rebuild Remembered Sets 1.829ms
[2024-02-26T12:02:45.904-0500][7.188s] GC(4) Pause Cleanup
[2024-02-26T12:02:45.904-0500][7.188s] GC(4) Pause Cleanup 25M->25M(512M) 0.121ms
[2024-02-26T12:02:45.904-0500][7.188s] GC(4) User=0.00s Sys=0.00s Real=0.00s
[2024-02-26T12:02:45.904-0500][7.188s] GC(4) Concurrent Cleanup for Next Mark
[2024-02-26T12:02:45.905-0500][7.189s] GC(4) Concurrent Cleanup for Next Mark 0.424ms
[2024-02-26T12:02:45.905-0500][7.189s] GC(4) Concurrent Mark Cycle 11.707ms
[2024-02-26T12:03:23.728-0500][45.012s] GC(5) Pause Young (Prepare Mixed) (G1 Evacuation Pause)
[2024-02-26T12:03:23.728-0500][45.012s] GC(5) Using 13 workers of 13 for evacuation
[2024-02-26T12:03:23.736-0500][45.020s] GC(5)   Pre Evacuate Collection Set: 0.1ms
[2024-02-26T12:03:23.736-0500][45.020s] GC(5)   Merge Heap Roots: 0.1ms
[2024-02-26T12:03:23.736-0500][45.020s] GC(5)   Evacuate Collection Set: 6.5ms
[2024-02-26T12:03:23.736-0500][45.020s] GC(5)   Post Evacuate Collection Set: 0.9ms
[2024-02-26T12:03:23.736-0500][45.020s] GC(5)   Other: 0.2ms
[2024-02-26T12:03:23.736-0500][45.020s] GC(5) Eden regions: 296->0(6)
[2024-02-26T12:03:23.736-0500][45.020s] GC(5) Survivor regions: 11->19(39)
[2024-02-26T12:03:23.736-0500][45.020s] GC(5) Old regions: 9->9
[2024-02-26T12:03:23.736-0500][45.020s] GC(5) Archive regions: 0->0
[2024-02-26T12:03:23.736-0500][45.020s] GC(5) Humongous regions: 4->4
[2024-02-26T12:03:23.736-0500][45.020s] GC(5) Metaspace: 34673K(35200K)->34673K(35200K) NonClass: 30801K(31104K)->30801K(31104K) Class: 3872K(4096K)->3872K(4096K)
[2024-02-26T12:03:23.736-0500][45.020s] GC(5) Pause Young (Prepare Mixed) (G1 Evacuation Pause) 318M->30M(512M) 7.923ms
[2024-02-26T12:03:23.736-0500][45.020s] GC(5) User=0.00s Sys=0.00s Real=0.01s
[2024-02-26T12:03:23.740-0500][45.024s] GC(6) Pause Young (Mixed) (G1 Evacuation Pause)
[2024-02-26T12:03:23.740-0500][45.024s] GC(6) Using 13 workers of 13 for evacuation
[2024-02-26T12:03:23.746-0500][45.030s] GC(6)   Pre Evacuate Collection Set: 0.1ms
[2024-02-26T12:03:23.746-0500][45.030s] GC(6)   Merge Heap Roots: 0.1ms
[2024-02-26T12:03:23.746-0500][45.030s] GC(6)   Evacuate Collection Set: 5.2ms
[2024-02-26T12:03:23.746-0500][45.030s] GC(6)   Post Evacuate Collection Set: 0.7ms
[2024-02-26T12:03:23.746-0500][45.030s] GC(6)   Other: 0.1ms
[2024-02-26T12:03:23.746-0500][45.030s] GC(6) Eden regions: 6->0(305)
[2024-02-26T12:03:23.746-0500][45.030s] GC(6) Survivor regions: 19->2(4)
[2024-02-26T12:03:23.746-0500][45.030s] GC(6) Old regions: 9->27
[2024-02-26T12:03:23.746-0500][45.030s] GC(6) Archive regions: 0->0
[2024-02-26T12:03:23.746-0500][45.030s] GC(6) Humongous regions: 4->4
[2024-02-26T12:03:23.746-0500][45.030s] GC(6) Metaspace: 34677K(35200K)->34677K(35200K) NonClass: 30805K(31104K)->30805K(31104K) Class: 3872K(4096K)->3872K(4096K)
[2024-02-26T12:03:23.746-0500][45.030s] GC(6) Pause Young (Mixed) (G1 Evacuation Pause) 36M->31M(512M) 6.419ms
[2024-02-26T12:03:23.746-0500][45.030s] GC(6) User=0.00s Sys=0.00s Real=0.01s
[2024-02-26T12:03:40.892-0500][62.177s] GC(7) Pause Young (Concurrent Start) (Metadata GC Threshold)
[2024-02-26T12:03:40.892-0500][62.177s] GC(7) Using 13 workers of 13 for evacuation
[2024-02-26T12:03:40.895-0500][62.178s] GC(7)   Pre Evacuate Collection Set: 0.1ms
[2024-02-26T12:03:40.895-0500][62.178s] GC(7)   Merge Heap Roots: 0.1ms
[2024-02-26T12:03:40.895-0500][62.178s] GC(7)   Evacuate Collection Set: 0.9ms
[2024-02-26T12:03:40.895-0500][62.178s] GC(7)   Post Evacuate Collection Set: 0.4ms
[2024-02-26T12:03:40.895-0500][62.178s] GC(7)   Other: 0.1ms
[2024-02-26T12:03:40.895-0500][62.178s] GC(7) Eden regions: 29->0(306)
[2024-02-26T12:03:40.895-0500][62.178s] GC(7) Survivor regions: 2->1(39)
[2024-02-26T12:03:40.895-0500][62.178s] GC(7) Old regions: 27->27
[2024-02-26T12:03:40.895-0500][62.178s] GC(7) Archive regions: 0->0
[2024-02-26T12:03:40.895-0500][62.178s] GC(7) Humongous regions: 4->4
[2024-02-26T12:03:40.895-0500][62.178s] GC(7) Metaspace: 35796K(36288K)->35796K(36288K) NonClass: 31816K(32064K)->31816K(32064K) Class: 3980K(4224K)->3980K(4224K)
[2024-02-26T12:03:40.895-0500][62.179s] GC(7) Pause Young (Concurrent Start) (Metadata GC Threshold) 60M->30M(512M) 1.848ms
[2024-02-26T12:03:40.895-0500][62.179s] GC(7) User=0.00s Sys=0.00s Real=0.00s
[2024-02-26T12:03:40.895-0500][62.179s] GC(8) Concurrent Mark Cycle
[2024-02-26T12:03:40.895-0500][62.179s] GC(8) Concurrent Clear Claimed Marks
[2024-02-26T12:03:40.895-0500][62.179s] GC(8) Concurrent Clear Claimed Marks 0.034ms
[2024-02-26T12:03:40.895-0500][62.179s] GC(8) Concurrent Scan Root Regions
[2024-02-26T12:03:40.896-0500][62.180s] GC(8) Concurrent Scan Root Regions 0.937ms
[2024-02-26T12:03:40.896-0500][62.180s] GC(8) Concurrent Mark
[2024-02-26T12:03:40.896-0500][62.180s] GC(8) Concurrent Mark From Roots
[2024-02-26T12:03:40.896-0500][62.180s] GC(8) Using 3 workers of 3 for marking
[2024-02-26T12:03:40.906-0500][62.190s] GC(8) Concurrent Mark From Roots 10.236ms
[2024-02-26T12:03:40.906-0500][62.190s] GC(8) Concurrent Preclean
[2024-02-26T12:03:40.906-0500][62.190s] GC(8) Concurrent Preclean 0.093ms
[2024-02-26T12:03:40.907-0500][62.190s] GC(8) Pause Remark
[2024-02-26T12:03:40.911-0500][62.194s] GC(8) Pause Remark 32M->32M(512M) 3.952ms
[2024-02-26T12:03:40.911-0500][62.194s] GC(8) User=0.00s Sys=0.00s Real=0.00s
[2024-02-26T12:03:40.911-0500][62.195s] GC(8) Concurrent Mark 14.920ms
[2024-02-26T12:03:40.911-0500][62.195s] GC(8) Concurrent Rebuild Remembered Sets
[2024-02-26T12:03:40.915-0500][62.198s] GC(8) Concurrent Rebuild Remembered Sets 3.809ms
[2024-02-26T12:03:40.915-0500][62.199s] GC(8) Pause Cleanup
[2024-02-26T12:03:40.915-0500][62.199s] GC(8) Pause Cleanup 32M->32M(512M) 0.107ms
[2024-02-26T12:03:40.915-0500][62.199s] GC(8) User=0.00s Sys=0.00s Real=0.00s
[2024-02-26T12:03:40.915-0500][62.199s] GC(8) Concurrent Cleanup for Next Mark
[2024-02-26T12:03:40.916-0500][62.199s] GC(8) Concurrent Cleanup for Next Mark 0.538ms
[2024-02-26T12:03:40.916-0500][62.199s] GC(8) Concurrent Mark Cycle 20.810ms
[2024-02-26T12:21:10.364-0500][1111.648s] Heap
[2024-02-26T12:21:10.364-0500][1111.648s]  garbage-first heap   total 524288K, used 297887K [0x00000000e0000000, 0x0000000100000000)
[2024-02-26T12:21:10.364-0500][1111.648s]   region size 1024K, 260 young (266240K), 1 survivors (1024K)
[2024-02-26T12:21:10.364-0500][1111.648s]  Metaspace       used 47836K, committed 48448K, reserved 1114112K
[2024-02-26T12:21:10.364-0500][1111.648s]   class space    used 5518K, committed 5824K, reserved 1048576K
