[2024-03-01T12:21:19.277+0800][0.013s] CardTable entry size: 512
[2024-03-01T12:21:19.278+0800][0.013s] Using G1
[2024-03-01T12:21:19.388+0800][0.124s] Version: 19.0.2+7-44 (release)
[2024-03-01T12:21:19.388+0800][0.124s] CPUs: 16 total, 16 available
[2024-03-01T12:21:19.388+0800][0.124s] Memory: 15741M
[2024-03-01T12:21:19.388+0800][0.124s] Large Page Support: Disabled
[2024-03-01T12:21:19.388+0800][0.124s] NUMA Support: Disabled
[2024-03-01T12:21:19.388+0800][0.124s] Compressed Oops: Enabled (32-bit)
[2024-03-01T12:21:19.388+0800][0.124s] Heap Region Size: 1M
[2024-03-01T12:21:19.388+0800][0.124s] Heap Min Capacity: 512M
[2024-03-01T12:21:19.388+0800][0.124s] Heap Initial Capacity: 512M
[2024-03-01T12:21:19.388+0800][0.124s] Heap Max Capacity: 512M
[2024-03-01T12:21:19.388+0800][0.124s] Pre-touch: Enabled
[2024-03-01T12:21:19.388+0800][0.124s] Parallel Workers: 13
[2024-03-01T12:21:19.388+0800][0.124s] Concurrent Workers: 3
[2024-03-01T12:21:19.388+0800][0.124s] Concurrent Refinement Workers: 13
[2024-03-01T12:21:19.388+0800][0.124s] Periodic GC: Disabled
[2024-03-01T12:21:19.390+0800][0.125s] CDS archive(s) mapped at: [0x0000000800000000-0x0000000800c40000-0x0000000800c40000), size 12845056, SharedBaseAddress: 0x0000000800000000, ArchiveRelocationMode: 0.
[2024-03-01T12:21:19.390+0800][0.125s] Compressed class space mapped at: 0x0000000801000000-0x0000000841000000, reserved size: 1073741824
[2024-03-01T12:21:19.390+0800][0.125s] Narrow klass base: 0x0000000800000000, Narrow klass shift: 0, Narrow klass range: 0x100000000
[2024-03-01T12:21:20.364+0800][1.099s] GC(0) Pause Young (Normal) (G1 Evacuation Pause)
[2024-03-01T12:21:20.364+0800][1.100s] GC(0) Using 12 workers of 13 for evacuation
[2024-03-01T12:21:20.367+0800][1.103s] GC(0)   Pre Evacuate Collection Set: 0.1ms
[2024-03-01T12:21:20.367+0800][1.103s] GC(0)   Merge Heap Roots: 0.1ms
[2024-03-01T12:21:20.367+0800][1.103s] GC(0)   Evacuate Collection Set: 2.2ms
[2024-03-01T12:21:20.367+0800][1.103s] GC(0)   Post Evacuate Collection Set: 0.6ms
[2024-03-01T12:21:20.367+0800][1.103s] GC(0)   Other: 0.4ms
[2024-03-01T12:21:20.367+0800][1.103s] GC(0) Eden regions: 29->0(41)
[2024-03-01T12:21:20.367+0800][1.103s] GC(0) Survivor regions: 0->4(4)
[2024-03-01T12:21:20.367+0800][1.103s] GC(0) Old regions: 0->1
[2024-03-01T12:21:20.367+0800][1.103s] GC(0) Archive regions: 0->0
[2024-03-01T12:21:20.367+0800][1.103s] GC(0) Humongous regions: 0->0
[2024-03-01T12:21:20.367+0800][1.103s] GC(0) Metaspace: 8515K(8768K)->8515K(8768K) NonClass: 7586K(7744K)->7586K(7744K) Class: 929K(1024K)->929K(1024K)
[2024-03-01T12:21:20.368+0800][1.103s] GC(0) Pause Young (Normal) (G1 Evacuation Pause) 29M->4M(512M) 3.692ms
[2024-03-01T12:21:20.368+0800][1.103s] GC(0) User=0.00s Sys=0.00s Real=0.00s
[2024-03-01T12:21:26.046+0800][6.781s] GC(1) Pause Young (Normal) (G1 Evacuation Pause)
[2024-03-01T12:21:26.046+0800][6.781s] GC(1) Using 13 workers of 13 for evacuation
[2024-03-01T12:21:26.053+0800][6.788s] GC(1)   Pre Evacuate Collection Set: 0.1ms
[2024-03-01T12:21:26.053+0800][6.788s] GC(1)   Merge Heap Roots: 0.1ms
[2024-03-01T12:21:26.053+0800][6.788s] GC(1)   Evacuate Collection Set: 5.9ms
[2024-03-01T12:21:26.053+0800][6.788s] GC(1)   Post Evacuate Collection Set: 0.7ms
[2024-03-01T12:21:26.053+0800][6.788s] GC(1)   Other: 0.1ms
[2024-03-01T12:21:26.053+0800][6.788s] GC(1) Eden regions: 41->0(88)
[2024-03-01T12:21:26.053+0800][6.788s] GC(1) Survivor regions: 4->6(6)
[2024-03-01T12:21:26.053+0800][6.788s] GC(1) Old regions: 1->9
[2024-03-01T12:21:26.053+0800][6.788s] GC(1) Archive regions: 0->0
[2024-03-01T12:21:26.053+0800][6.788s] GC(1) Humongous regions: 4->4
[2024-03-01T12:21:26.053+0800][6.788s] GC(1) Metaspace: 17264K(17664K)->17264K(17664K) NonClass: 15339K(15552K)->15339K(15552K) Class: 1924K(2112K)->1924K(2112K)
[2024-03-01T12:21:26.053+0800][6.788s] GC(1) Pause Young (Normal) (G1 Evacuation Pause) 49M->18M(512M) 7.095ms
[2024-03-01T12:21:26.053+0800][6.788s] GC(1) User=0.03s Sys=0.00s Real=0.01s
[2024-03-01T12:21:26.609+0800][7.344s] GC(2) Pause Young (Normal) (G1 Evacuation Pause)
[2024-03-01T12:21:26.609+0800][7.344s] GC(2) Using 13 workers of 13 for evacuation
[2024-03-01T12:21:26.612+0800][7.347s] GC(2)   Pre Evacuate Collection Set: 0.1ms
[2024-03-01T12:21:26.612+0800][7.347s] GC(2)   Merge Heap Roots: 0.1ms
[2024-03-01T12:21:26.612+0800][7.347s] GC(2)   Evacuate Collection Set: 2.3ms
[2024-03-01T12:21:26.612+0800][7.347s] GC(2)   Post Evacuate Collection Set: 0.6ms
[2024-03-01T12:21:26.612+0800][7.347s] GC(2)   Other: 0.1ms
[2024-03-01T12:21:26.612+0800][7.347s] GC(2) Eden regions: 88->0(296)
[2024-03-01T12:21:26.612+0800][7.347s] GC(2) Survivor regions: 6->11(12)
[2024-03-01T12:21:26.612+0800][7.347s] GC(2) Old regions: 9->9
[2024-03-01T12:21:26.612+0800][7.347s] GC(2) Archive regions: 0->0
[2024-03-01T12:21:26.612+0800][7.347s] GC(2) Humongous regions: 4->4
[2024-03-01T12:21:26.612+0800][7.347s] GC(2) Metaspace: 18543K(19008K)->18543K(19008K) NonClass: 16515K(16768K)->16515K(16768K) Class: 2028K(2240K)->2028K(2240K)
[2024-03-01T12:21:26.612+0800][7.347s] GC(2) Pause Young (Normal) (G1 Evacuation Pause) 106M->22M(512M) 3.364ms
[2024-03-01T12:21:26.612+0800][7.347s] GC(2) User=0.00s Sys=0.00s Real=0.00s
[2024-03-01T12:21:26.777+0800][7.513s] GC(3) Pause Young (Concurrent Start) (Metadata GC Threshold)
[2024-03-01T12:21:26.777+0800][7.513s] GC(3) Using 13 workers of 13 for evacuation
[2024-03-01T12:21:26.780+0800][7.516s] GC(3)   Pre Evacuate Collection Set: 0.2ms
[2024-03-01T12:21:26.780+0800][7.516s] GC(3)   Merge Heap Roots: 0.1ms
[2024-03-01T12:21:26.780+0800][7.516s] GC(3)   Evacuate Collection Set: 2.0ms
[2024-03-01T12:21:26.780+0800][7.516s] GC(3)   Post Evacuate Collection Set: 0.5ms
[2024-03-01T12:21:26.780+0800][7.516s] GC(3)   Other: 0.1ms
[2024-03-01T12:21:26.780+0800][7.516s] GC(3) Eden regions: 26->0(296)
[2024-03-01T12:21:26.780+0800][7.516s] GC(3) Survivor regions: 11->11(39)
[2024-03-01T12:21:26.780+0800][7.516s] GC(3) Old regions: 9->9
[2024-03-01T12:21:26.780+0800][7.516s] GC(3) Archive regions: 0->0
[2024-03-01T12:21:26.780+0800][7.516s] GC(3) Humongous regions: 4->4
[2024-03-01T12:21:26.780+0800][7.516s] GC(3) Metaspace: 21133K(21504K)->21133K(21504K) NonClass: 18834K(19008K)->18834K(19008K) Class: 2299K(2496K)->2299K(2496K)
[2024-03-01T12:21:26.780+0800][7.516s] GC(3) Pause Young (Concurrent Start) (Metadata GC Threshold) 47M->22M(512M) 3.107ms
[2024-03-01T12:21:26.780+0800][7.516s] GC(3) User=0.00s Sys=0.00s Real=0.00s
[2024-03-01T12:21:26.780+0800][7.516s] GC(4) Concurrent Mark Cycle
[2024-03-01T12:21:26.780+0800][7.516s] GC(4) Concurrent Clear Claimed Marks
[2024-03-01T12:21:26.781+0800][7.516s] GC(4) Concurrent Clear Claimed Marks 0.028ms
[2024-03-01T12:21:26.781+0800][7.516s] GC(4) Concurrent Scan Root Regions
[2024-03-01T12:21:26.782+0800][7.517s] GC(4) Concurrent Scan Root Regions 1.342ms
[2024-03-01T12:21:26.782+0800][7.517s] GC(4) Concurrent Mark
[2024-03-01T12:21:26.782+0800][7.517s] GC(4) Concurrent Mark From Roots
[2024-03-01T12:21:26.782+0800][7.517s] GC(4) Using 3 workers of 3 for marking
[2024-03-01T12:21:26.785+0800][7.521s] GC(4) Concurrent Mark From Roots 3.565ms
[2024-03-01T12:21:26.786+0800][7.521s] GC(4) Concurrent Preclean
[2024-03-01T12:21:26.786+0800][7.521s] GC(4) Concurrent Preclean 0.047ms
[2024-03-01T12:21:26.786+0800][7.521s] GC(4) Pause Remark
[2024-03-01T12:21:26.788+0800][7.523s] GC(4) Pause Remark 24M->24M(512M) 1.892ms
[2024-03-01T12:21:26.788+0800][7.523s] GC(4) User=0.00s Sys=0.00s Real=0.00s
[2024-03-01T12:21:26.788+0800][7.523s] GC(4) Concurrent Mark 6.135ms
[2024-03-01T12:21:26.788+0800][7.523s] GC(4) Concurrent Rebuild Remembered Sets
[2024-03-01T12:21:26.790+0800][7.526s] GC(4) Concurrent Rebuild Remembered Sets 2.132ms
[2024-03-01T12:21:26.790+0800][7.526s] GC(4) Pause Cleanup
[2024-03-01T12:21:26.791+0800][7.526s] GC(4) Pause Cleanup 24M->24M(512M) 0.125ms
[2024-03-01T12:21:26.791+0800][7.526s] GC(4) User=0.00s Sys=0.00s Real=0.00s
[2024-03-01T12:21:26.791+0800][7.526s] GC(4) Concurrent Cleanup for Next Mark
[2024-03-01T12:21:26.791+0800][7.526s] GC(4) Concurrent Cleanup for Next Mark 0.445ms
[2024-03-01T12:21:26.791+0800][7.527s] GC(4) Concurrent Mark Cycle 10.727ms
[2024-03-01T12:21:48.248+0800][28.983s] GC(5) Pause Young (Concurrent Start) (Metadata GC Threshold)
[2024-03-01T12:21:48.248+0800][28.983s] GC(5) Using 13 workers of 13 for evacuation
[2024-03-01T12:21:48.255+0800][28.990s] GC(5)   Pre Evacuate Collection Set: 0.1ms
[2024-03-01T12:21:48.255+0800][28.990s] GC(5)   Merge Heap Roots: 0.1ms
[2024-03-01T12:21:48.255+0800][28.990s] GC(5)   Evacuate Collection Set: 6.2ms
[2024-03-01T12:21:48.255+0800][28.990s] GC(5)   Post Evacuate Collection Set: 0.7ms
[2024-03-01T12:21:48.255+0800][28.990s] GC(5)   Other: 0.1ms
[2024-03-01T12:21:48.255+0800][28.990s] GC(5) Eden regions: 195->0(290)
[2024-03-01T12:21:48.255+0800][28.990s] GC(5) Survivor regions: 11->17(39)
[2024-03-01T12:21:48.255+0800][28.990s] GC(5) Old regions: 9->9
[2024-03-01T12:21:48.255+0800][28.990s] GC(5) Archive regions: 0->0
[2024-03-01T12:21:48.255+0800][28.990s] GC(5) Humongous regions: 5->4
[2024-03-01T12:21:48.255+0800][28.990s] GC(5) Metaspace: 35647K(36160K)->35647K(36160K) NonClass: 31569K(31872K)->31569K(31872K) Class: 4078K(4288K)->4078K(4288K)
[2024-03-01T12:21:48.255+0800][28.990s] GC(5) Pause Young (Concurrent Start) (Metadata GC Threshold) 218M->29M(512M) 7.514ms
[2024-03-01T12:21:48.255+0800][28.990s] GC(6) Concurrent Mark Cycle
[2024-03-01T12:21:48.255+0800][28.990s] GC(5) User=0.00s Sys=0.00s Real=0.01s
[2024-03-01T12:21:48.255+0800][28.990s] GC(6) Concurrent Clear Claimed Marks
[2024-03-01T12:21:48.255+0800][28.990s] GC(6) Concurrent Clear Claimed Marks 0.072ms
[2024-03-01T12:21:48.255+0800][28.990s] GC(6) Concurrent Scan Root Regions
[2024-03-01T12:21:48.258+0800][28.993s] GC(6) Concurrent Scan Root Regions 2.511ms
[2024-03-01T12:21:48.258+0800][28.993s] GC(6) Concurrent Mark
[2024-03-01T12:21:48.258+0800][28.993s] GC(6) Concurrent Mark From Roots
[2024-03-01T12:21:48.258+0800][28.993s] GC(6) Using 3 workers of 3 for marking
[2024-03-01T12:21:48.262+0800][28.997s] GC(6) Concurrent Mark From Roots 3.444ms
[2024-03-01T12:21:48.262+0800][28.997s] GC(6) Concurrent Preclean
[2024-03-01T12:21:48.262+0800][28.997s] GC(6) Concurrent Preclean 0.053ms
[2024-03-01T12:21:48.262+0800][28.997s] GC(6) Pause Remark
[2024-03-01T12:21:48.264+0800][28.999s] GC(6) Pause Remark 30M->30M(512M) 2.472ms
[2024-03-01T12:21:48.264+0800][28.999s] GC(6) User=0.00s Sys=0.00s Real=0.00s
[2024-03-01T12:21:48.264+0800][28.999s] GC(6) Concurrent Mark 6.288ms
[2024-03-01T12:21:48.264+0800][28.999s] GC(6) Concurrent Rebuild Remembered Sets
[2024-03-01T12:21:48.266+0800][29.001s] GC(6) Concurrent Rebuild Remembered Sets 1.803ms
[2024-03-01T12:21:48.267+0800][29.002s] GC(6) Pause Cleanup
[2024-03-01T12:21:48.267+0800][29.002s] GC(6) Pause Cleanup 31M->31M(512M) 0.322ms
[2024-03-01T12:21:48.267+0800][29.002s] GC(6) User=0.00s Sys=0.00s Real=0.00s
[2024-03-01T12:21:48.267+0800][29.002s] GC(6) Concurrent Cleanup for Next Mark
[2024-03-01T12:21:48.268+0800][29.003s] GC(6) Concurrent Cleanup for Next Mark 0.538ms
[2024-03-01T12:21:48.268+0800][29.003s] GC(6) Concurrent Mark Cycle 12.414ms
[2024-03-01T12:22:40.559+0800][81.294s] GC(7) Pause Young (Normal) (G1 Evacuation Pause)
[2024-03-01T12:22:40.559+0800][81.294s] GC(7) Using 13 workers of 13 for evacuation
[2024-03-01T12:22:40.566+0800][81.301s] GC(7)   Pre Evacuate Collection Set: 0.1ms
[2024-03-01T12:22:40.566+0800][81.301s] GC(7)   Merge Heap Roots: 0.1ms
[2024-03-01T12:22:40.566+0800][81.301s] GC(7)   Evacuate Collection Set: 6.3ms
[2024-03-01T12:22:40.566+0800][81.301s] GC(7)   Post Evacuate Collection Set: 1.0ms
[2024-03-01T12:22:40.566+0800][81.301s] GC(7)   Other: 0.1ms
[2024-03-01T12:22:40.566+0800][81.301s] GC(7) Eden regions: 290->0(276)
[2024-03-01T12:22:40.566+0800][81.301s] GC(7) Survivor regions: 17->31(39)
[2024-03-01T12:22:40.566+0800][81.301s] GC(7) Old regions: 9->9
[2024-03-01T12:22:40.566+0800][81.301s] GC(7) Archive regions: 0->0
[2024-03-01T12:22:40.566+0800][81.301s] GC(7) Humongous regions: 4->4
[2024-03-01T12:22:40.566+0800][81.301s] GC(7) Metaspace: 47889K(48448K)->47889K(48448K) NonClass: 42317K(42624K)->42317K(42624K) Class: 5572K(5824K)->5572K(5824K)
[2024-03-01T12:22:40.566+0800][81.301s] GC(7) Pause Young (Normal) (G1 Evacuation Pause) 319M->42M(512M) 7.673ms
[2024-03-01T12:22:40.566+0800][81.301s] GC(7) User=0.00s Sys=0.00s Real=0.01s
