[2024-02-27T10:23:37.277-0500][0.013s] CardTable entry size: 512
[2024-02-27T10:23:37.277-0500][0.014s] Using G1
[2024-02-27T10:23:37.909-0500][0.645s] Version: 19.0.2+7-44 (release)
[2024-02-27T10:23:37.909-0500][0.645s] CPUs: 16 total, 16 available
[2024-02-27T10:23:37.909-0500][0.645s] Memory: 15741M
[2024-02-27T10:23:37.909-0500][0.645s] Large Page Support: Disabled
[2024-02-27T10:23:37.909-0500][0.645s] NUMA Support: Disabled
[2024-02-27T10:23:37.909-0500][0.645s] Compressed Oops: Enabled (32-bit)
[2024-02-27T10:23:37.909-0500][0.645s] Heap Region Size: 1M
[2024-02-27T10:23:37.909-0500][0.645s] Heap Min Capacity: 512M
[2024-02-27T10:23:37.909-0500][0.645s] Heap Initial Capacity: 512M
[2024-02-27T10:23:37.909-0500][0.646s] Heap Max Capacity: 512M
[2024-02-27T10:23:37.909-0500][0.646s] Pre-touch: Enabled
[2024-02-27T10:23:37.909-0500][0.646s] Parallel Workers: 13
[2024-02-27T10:23:37.909-0500][0.646s] Concurrent Workers: 3
[2024-02-27T10:23:37.909-0500][0.646s] Concurrent Refinement Workers: 13
[2024-02-27T10:23:37.909-0500][0.646s] Periodic GC: Disabled
[2024-02-27T10:23:37.911-0500][0.647s] CDS archive(s) mapped at: [0x0000000800000000-0x0000000800c40000-0x0000000800c40000), size 12845056, SharedBaseAddress: 0x0000000800000000, ArchiveRelocationMode: 0.
[2024-02-27T10:23:37.911-0500][0.648s] Compressed class space mapped at: 0x0000000801000000-0x0000000841000000, reserved size: 1073741824
[2024-02-27T10:23:37.911-0500][0.648s] Narrow klass base: 0x0000000800000000, Narrow klass shift: 0, Narrow klass range: 0x100000000
[2024-02-27T10:23:38.925-0500][1.661s] GC(0) Pause Young (Normal) (G1 Evacuation Pause)
[2024-02-27T10:23:38.925-0500][1.661s] GC(0) Using 12 workers of 13 for evacuation
[2024-02-27T10:23:38.928-0500][1.664s] GC(0)   Pre Evacuate Collection Set: 0.1ms
[2024-02-27T10:23:38.928-0500][1.664s] GC(0)   Merge Heap Roots: 0.1ms
[2024-02-27T10:23:38.928-0500][1.664s] GC(0)   Evacuate Collection Set: 2.0ms
[2024-02-27T10:23:38.928-0500][1.664s] GC(0)   Post Evacuate Collection Set: 0.5ms
[2024-02-27T10:23:38.928-0500][1.664s] GC(0)   Other: 0.5ms
[2024-02-27T10:23:38.928-0500][1.664s] GC(0) Eden regions: 29->0(41)
[2024-02-27T10:23:38.928-0500][1.664s] GC(0) Survivor regions: 0->4(4)
[2024-02-27T10:23:38.928-0500][1.664s] GC(0) Old regions: 0->0
[2024-02-27T10:23:38.928-0500][1.664s] GC(0) Archive regions: 0->0
[2024-02-27T10:23:38.928-0500][1.664s] GC(0) Humongous regions: 0->0
[2024-02-27T10:23:38.928-0500][1.664s] GC(0) Metaspace: 7642K(7936K)->7642K(7936K) NonClass: 6799K(6976K)->6799K(6976K) Class: 842K(960K)->842K(960K)
[2024-02-27T10:23:38.928-0500][1.664s] GC(0) Pause Young (Normal) (G1 Evacuation Pause) 29M->3M(512M) 3.420ms
[2024-02-27T10:23:38.928-0500][1.664s] GC(0) User=0.00s Sys=0.00s Real=0.00s
[2024-02-27T10:23:44.708-0500][7.444s] GC(1) Pause Young (Normal) (G1 Evacuation Pause)
[2024-02-27T10:23:44.709-0500][7.444s] GC(1) Using 13 workers of 13 for evacuation
[2024-02-27T10:23:44.716-0500][7.451s] GC(1)   Pre Evacuate Collection Set: 0.1ms
[2024-02-27T10:23:44.716-0500][7.451s] GC(1)   Merge Heap Roots: 0.1ms
[2024-02-27T10:23:44.716-0500][7.451s] GC(1)   Evacuate Collection Set: 6.2ms
[2024-02-27T10:23:44.716-0500][7.451s] GC(1)   Post Evacuate Collection Set: 0.7ms
[2024-02-27T10:23:44.716-0500][7.451s] GC(1)   Other: 0.2ms
[2024-02-27T10:23:44.716-0500][7.451s] GC(1) Eden regions: 41->0(102)
[2024-02-27T10:23:44.716-0500][7.451s] GC(1) Survivor regions: 4->6(6)
[2024-02-27T10:23:44.716-0500][7.451s] GC(1) Old regions: 0->8
[2024-02-27T10:23:44.716-0500][7.451s] GC(1) Archive regions: 0->0
[2024-02-27T10:23:44.716-0500][7.451s] GC(1) Humongous regions: 4->4
[2024-02-27T10:23:44.716-0500][7.451s] GC(1) Metaspace: 17281K(17664K)->17281K(17664K) NonClass: 15356K(15552K)->15356K(15552K) Class: 1925K(2112K)->1925K(2112K)
[2024-02-27T10:23:44.716-0500][7.451s] GC(1) Pause Young (Normal) (G1 Evacuation Pause) 48M->17M(512M) 7.306ms
[2024-02-27T10:23:44.716-0500][7.451s] GC(1) User=0.00s Sys=0.00s Real=0.01s
[2024-02-27T10:23:45.576-0500][8.311s] GC(2) Pause Young (Normal) (G1 Evacuation Pause)
[2024-02-27T10:23:45.576-0500][8.311s] GC(2) Using 13 workers of 13 for evacuation
[2024-02-27T10:23:45.579-0500][8.314s] GC(2)   Pre Evacuate Collection Set: 0.1ms
[2024-02-27T10:23:45.579-0500][8.314s] GC(2)   Merge Heap Roots: 0.1ms
[2024-02-27T10:23:45.579-0500][8.314s] GC(2)   Evacuate Collection Set: 2.0ms
[2024-02-27T10:23:45.579-0500][8.314s] GC(2)   Post Evacuate Collection Set: 0.6ms
[2024-02-27T10:23:45.579-0500][8.314s] GC(2)   Other: 0.1ms
[2024-02-27T10:23:45.579-0500][8.314s] GC(2) Eden regions: 102->0(296)
[2024-02-27T10:23:45.579-0500][8.314s] GC(2) Survivor regions: 6->11(14)
[2024-02-27T10:23:45.579-0500][8.314s] GC(2) Old regions: 8->8
[2024-02-27T10:23:45.579-0500][8.314s] GC(2) Archive regions: 0->0
[2024-02-27T10:23:45.579-0500][8.314s] GC(2) Humongous regions: 4->4
[2024-02-27T10:23:45.579-0500][8.314s] GC(2) Metaspace: 20203K(20608K)->20203K(20608K) NonClass: 17984K(18240K)->17984K(18240K) Class: 2218K(2368K)->2218K(2368K)
[2024-02-27T10:23:45.579-0500][8.315s] GC(2) Pause Young (Normal) (G1 Evacuation Pause) 119M->22M(512M) 3.203ms
[2024-02-27T10:23:45.579-0500][8.315s] GC(2) User=0.02s Sys=0.00s Real=0.00s
[2024-02-27T10:23:45.646-0500][8.381s] GC(3) Pause Young (Concurrent Start) (Metadata GC Threshold)
[2024-02-27T10:23:45.646-0500][8.381s] GC(3) Using 13 workers of 13 for evacuation
[2024-02-27T10:23:45.649-0500][8.384s] GC(3)   Pre Evacuate Collection Set: 0.7ms
[2024-02-27T10:23:45.649-0500][8.385s] GC(3)   Merge Heap Roots: 0.1ms
[2024-02-27T10:23:45.649-0500][8.385s] GC(3)   Evacuate Collection Set: 2.1ms
[2024-02-27T10:23:45.649-0500][8.385s] GC(3)   Post Evacuate Collection Set: 0.4ms
[2024-02-27T10:23:45.649-0500][8.385s] GC(3)   Other: -0.2ms
[2024-02-27T10:23:45.649-0500][8.385s] GC(3) Eden regions: 12->0(296)
[2024-02-27T10:23:45.649-0500][8.385s] GC(3) Survivor regions: 11->11(39)
[2024-02-27T10:23:45.649-0500][8.385s] GC(3) Old regions: 8->8
[2024-02-27T10:23:45.649-0500][8.385s] GC(3) Archive regions: 0->0
[2024-02-27T10:23:45.649-0500][8.385s] GC(3) Humongous regions: 4->4
[2024-02-27T10:23:45.649-0500][8.385s] GC(3) Metaspace: 21088K(21504K)->21088K(21504K) NonClass: 18792K(19008K)->18792K(19008K) Class: 2295K(2496K)->2295K(2496K)
[2024-02-27T10:23:45.649-0500][8.385s] GC(3) Pause Young (Concurrent Start) (Metadata GC Threshold) 34M->22M(512M) 3.362ms
[2024-02-27T10:23:45.649-0500][8.385s] GC(3) User=0.00s Sys=0.00s Real=0.00s
[2024-02-27T10:23:45.649-0500][8.385s] GC(4) Concurrent Mark Cycle
[2024-02-27T10:23:45.649-0500][8.385s] GC(4) Concurrent Clear Claimed Marks
[2024-02-27T10:23:45.649-0500][8.385s] GC(4) Concurrent Clear Claimed Marks 0.033ms
[2024-02-27T10:23:45.649-0500][8.385s] GC(4) Concurrent Scan Root Regions
[2024-02-27T10:23:45.651-0500][8.386s] GC(4) Concurrent Scan Root Regions 1.516ms
[2024-02-27T10:23:45.651-0500][8.386s] GC(4) Concurrent Mark
[2024-02-27T10:23:45.651-0500][8.386s] GC(4) Concurrent Mark From Roots
[2024-02-27T10:23:45.651-0500][8.386s] GC(4) Using 3 workers of 3 for marking
[2024-02-27T10:23:45.654-0500][8.390s] GC(4) Concurrent Mark From Roots 3.650ms
[2024-02-27T10:23:45.654-0500][8.390s] GC(4) Concurrent Preclean
[2024-02-27T10:23:45.654-0500][8.390s] GC(4) Concurrent Preclean 0.051ms
[2024-02-27T10:23:45.655-0500][8.390s] GC(4) Pause Remark
[2024-02-27T10:23:45.657-0500][8.393s] GC(4) Pause Remark 24M->24M(512M) 2.395ms
[2024-02-27T10:23:45.657-0500][8.393s] GC(4) User=0.00s Sys=0.00s Real=0.00s
[2024-02-27T10:23:45.657-0500][8.393s] GC(4) Concurrent Mark 6.405ms
[2024-02-27T10:23:45.657-0500][8.393s] GC(4) Concurrent Rebuild Remembered Sets
[2024-02-27T10:23:45.657-0500][8.393s] GC(4) Concurrent Rebuild Remembered Sets 0.009ms
[2024-02-27T10:23:45.657-0500][8.393s] GC(4) Pause Cleanup
[2024-02-27T10:23:45.657-0500][8.393s] GC(4) Pause Cleanup 24M->24M(512M) 0.027ms
[2024-02-27T10:23:45.657-0500][8.393s] GC(4) User=0.00s Sys=0.00s Real=0.00s
[2024-02-27T10:23:45.657-0500][8.393s] GC(4) Concurrent Cleanup for Next Mark
[2024-02-27T10:23:45.658-0500][8.394s] GC(4) Concurrent Cleanup for Next Mark 0.696ms
[2024-02-27T10:23:45.658-0500][8.394s] GC(4) Concurrent Mark Cycle 9.141ms
[2024-02-27T10:24:07.481-0500][30.217s] GC(5) Pause Young (Concurrent Start) (Metadata GC Threshold)
[2024-02-27T10:24:07.481-0500][30.217s] GC(5) Using 13 workers of 13 for evacuation
[2024-02-27T10:24:07.487-0500][30.223s] GC(5)   Pre Evacuate Collection Set: 0.2ms
[2024-02-27T10:24:07.487-0500][30.223s] GC(5)   Merge Heap Roots: 0.1ms
[2024-02-27T10:24:07.487-0500][30.223s] GC(5)   Evacuate Collection Set: 4.7ms
[2024-02-27T10:24:07.487-0500][30.223s] GC(5)   Post Evacuate Collection Set: 0.8ms
[2024-02-27T10:24:07.487-0500][30.223s] GC(5)   Other: 0.2ms
[2024-02-27T10:24:07.487-0500][30.223s] GC(5) Eden regions: 208->0(289)
[2024-02-27T10:24:07.487-0500][30.223s] GC(5) Survivor regions: 11->18(39)
[2024-02-27T10:24:07.487-0500][30.223s] GC(5) Old regions: 8->8
[2024-02-27T10:24:07.487-0500][30.223s] GC(5) Archive regions: 0->0
[2024-02-27T10:24:07.487-0500][30.223s] GC(5) Humongous regions: 5->4
[2024-02-27T10:24:07.487-0500][30.223s] GC(5) Metaspace: 35597K(36096K)->35597K(36096K) NonClass: 31548K(31808K)->31548K(31808K) Class: 4049K(4288K)->4049K(4288K)
[2024-02-27T10:24:07.487-0500][30.223s] GC(5) Pause Young (Concurrent Start) (Metadata GC Threshold) 231M->29M(512M) 6.273ms
[2024-02-27T10:24:07.487-0500][30.223s] GC(5) User=0.02s Sys=0.00s Real=0.01s
[2024-02-27T10:24:07.487-0500][30.223s] GC(6) Concurrent Mark Cycle
[2024-02-27T10:24:07.487-0500][30.223s] GC(6) Concurrent Clear Claimed Marks
[2024-02-27T10:24:07.487-0500][30.223s] GC(6) Concurrent Clear Claimed Marks 0.044ms
[2024-02-27T10:24:07.487-0500][30.223s] GC(6) Concurrent Scan Root Regions
[2024-02-27T10:24:07.490-0500][30.226s] GC(6) Concurrent Scan Root Regions 2.362ms
[2024-02-27T10:24:07.490-0500][30.226s] GC(6) Concurrent Mark
[2024-02-27T10:24:07.490-0500][30.226s] GC(6) Concurrent Mark From Roots
[2024-02-27T10:24:07.490-0500][30.226s] GC(6) Using 3 workers of 3 for marking
[2024-02-27T10:24:07.493-0500][30.229s] GC(6) Concurrent Mark From Roots 3.590ms
[2024-02-27T10:24:07.493-0500][30.229s] GC(6) Concurrent Preclean
[2024-02-27T10:24:07.493-0500][30.229s] GC(6) Concurrent Preclean 0.051ms
[2024-02-27T10:24:07.494-0500][30.230s] GC(6) Pause Remark
[2024-02-27T10:24:07.496-0500][30.232s] GC(6) Pause Remark 30M->30M(512M) 2.616ms
[2024-02-27T10:24:07.496-0500][30.232s] GC(6) User=0.00s Sys=0.00s Real=0.00s
[2024-02-27T10:24:07.496-0500][30.232s] GC(6) Concurrent Mark 6.577ms
[2024-02-27T10:24:07.496-0500][30.232s] GC(6) Concurrent Rebuild Remembered Sets
[2024-02-27T10:24:07.496-0500][30.232s] GC(6) Concurrent Rebuild Remembered Sets 0.009ms
[2024-02-27T10:24:07.496-0500][30.232s] GC(6) Pause Cleanup
[2024-02-27T10:24:07.496-0500][30.233s] GC(6) Pause Cleanup 30M->30M(512M) 0.025ms
[2024-02-27T10:24:07.496-0500][30.233s] GC(6) User=0.00s Sys=0.00s Real=0.00s
[2024-02-27T10:24:07.496-0500][30.233s] GC(6) Concurrent Cleanup for Next Mark
[2024-02-27T10:24:07.497-0500][30.233s] GC(6) Concurrent Cleanup for Next Mark 0.429ms
[2024-02-27T10:24:07.497-0500][30.233s] GC(6) Concurrent Mark Cycle 9.800ms
[2024-02-27T10:38:43.179-0500][905.915s] GC(7) Pause Young (Normal) (G1 Evacuation Pause)
[2024-02-27T10:38:43.179-0500][905.915s] GC(7) Using 13 workers of 13 for evacuation
[2024-02-27T10:38:43.188-0500][905.924s] GC(7)   Pre Evacuate Collection Set: 0.1ms
[2024-02-27T10:38:43.188-0500][905.924s] GC(7)   Merge Heap Roots: 0.1ms
[2024-02-27T10:38:43.188-0500][905.924s] GC(7)   Evacuate Collection Set: 7.8ms
[2024-02-27T10:38:43.188-0500][905.924s] GC(7)   Post Evacuate Collection Set: 1.1ms
[2024-02-27T10:38:43.188-0500][905.924s] GC(7)   Other: 0.2ms
[2024-02-27T10:38:43.188-0500][905.924s] GC(7) Eden regions: 289->0(277)
[2024-02-27T10:38:43.188-0500][905.924s] GC(7) Survivor regions: 18->30(39)
[2024-02-27T10:38:43.188-0500][905.924s] GC(7) Old regions: 8->8
[2024-02-27T10:38:43.188-0500][905.924s] GC(7) Archive regions: 0->0
[2024-02-27T10:38:43.188-0500][905.924s] GC(7) Humongous regions: 7->7
[2024-02-27T10:38:43.188-0500][905.924s] GC(7) Metaspace: 49038K(49664K)->49038K(49664K) NonClass: 43337K(43648K)->43337K(43648K) Class: 5701K(6016K)->5701K(6016K)
[2024-02-27T10:38:43.189-0500][905.924s] GC(7) Pause Young (Normal) (G1 Evacuation Pause) 321M->44M(512M) 9.523ms
[2024-02-27T10:38:43.189-0500][905.924s] GC(7) User=0.00s Sys=0.02s Real=0.01s
[2024-02-27T10:57:57.944-0500][2060.680s] GC(8) Pause Young (Normal) (G1 Evacuation Pause)
[2024-02-27T10:57:57.944-0500][2060.680s] GC(8) Using 13 workers of 13 for evacuation
[2024-02-27T10:57:57.954-0500][2060.691s] GC(8)   Pre Evacuate Collection Set: 0.1ms
[2024-02-27T10:57:57.954-0500][2060.691s] GC(8)   Merge Heap Roots: 0.1ms
[2024-02-27T10:57:57.954-0500][2060.691s] GC(8)   Evacuate Collection Set: 9.1ms
[2024-02-27T10:57:57.954-0500][2060.691s] GC(8)   Post Evacuate Collection Set: 1.2ms
[2024-02-27T10:57:57.954-0500][2060.691s] GC(8)   Other: 0.1ms
[2024-02-27T10:57:57.954-0500][2060.691s] GC(8) Eden regions: 277->0(287)
[2024-02-27T10:57:57.954-0500][2060.691s] GC(8) Survivor regions: 30->20(39)
[2024-02-27T10:57:57.954-0500][2060.691s] GC(8) Old regions: 8->18
[2024-02-27T10:57:57.954-0500][2060.691s] GC(8) Archive regions: 0->0
[2024-02-27T10:57:57.954-0500][2060.691s] GC(8) Humongous regions: 7->7
[2024-02-27T10:57:57.954-0500][2060.691s] GC(8) Metaspace: 52271K(52928K)->52271K(52928K) NonClass: 46284K(46656K)->46284K(46656K) Class: 5986K(6272K)->5986K(6272K)
[2024-02-27T10:57:57.954-0500][2060.691s] GC(8) Pause Young (Normal) (G1 Evacuation Pause) 321M->44M(512M) 10.857ms
[2024-02-27T10:57:57.954-0500][2060.691s] GC(8) User=0.00s Sys=0.00s Real=0.01s
[2024-02-27T10:58:55.774-0500][2118.510s] GC(9) Pause Young (Normal) (G1 Evacuation Pause)
[2024-02-27T10:58:55.774-0500][2118.510s] GC(9) Using 13 workers of 13 for evacuation
[2024-02-27T10:58:55.779-0500][2118.515s] GC(9)   Pre Evacuate Collection Set: 0.1ms
[2024-02-27T10:58:55.779-0500][2118.516s] GC(9)   Merge Heap Roots: 0.1ms
[2024-02-27T10:58:55.779-0500][2118.516s] GC(9)   Evacuate Collection Set: 4.2ms
[2024-02-27T10:58:55.779-0500][2118.516s] GC(9)   Post Evacuate Collection Set: 1.0ms
[2024-02-27T10:58:55.779-0500][2118.516s] GC(9)   Other: 0.1ms
[2024-02-27T10:58:55.779-0500][2118.516s] GC(9) Eden regions: 287->0(287)
[2024-02-27T10:58:55.779-0500][2118.516s] GC(9) Survivor regions: 20->20(39)
[2024-02-27T10:58:55.779-0500][2118.516s] GC(9) Old regions: 18->18
[2024-02-27T10:58:55.779-0500][2118.516s] GC(9) Archive regions: 0->0
[2024-02-27T10:58:55.779-0500][2118.516s] GC(9) Humongous regions: 7->7
[2024-02-27T10:58:55.779-0500][2118.516s] GC(9) Metaspace: 53199K(53888K)->53199K(53888K) NonClass: 47137K(47488K)->47137K(47488K) Class: 6062K(6400K)->6062K(6400K)
[2024-02-27T10:58:55.779-0500][2118.516s] GC(9) Pause Young (Normal) (G1 Evacuation Pause) 331M->44M(512M) 5.676ms
[2024-02-27T10:58:55.779-0500][2118.516s] GC(9) User=0.00s Sys=0.00s Real=0.01s
[2024-02-27T10:59:51.403-0500][2174.139s] GC(10) Pause Young (Normal) (G1 Evacuation Pause)
[2024-02-27T10:59:51.403-0500][2174.139s] GC(10) Using 13 workers of 13 for evacuation
[2024-02-27T10:59:51.409-0500][2174.145s] GC(10)   Pre Evacuate Collection Set: 0.1ms
[2024-02-27T10:59:51.409-0500][2174.145s] GC(10)   Merge Heap Roots: 0.1ms
[2024-02-27T10:59:51.409-0500][2174.145s] GC(10)   Evacuate Collection Set: 4.7ms
[2024-02-27T10:59:51.409-0500][2174.145s] GC(10)   Post Evacuate Collection Set: 1.1ms
[2024-02-27T10:59:51.409-0500][2174.145s] GC(10)   Other: 0.2ms
[2024-02-27T10:59:51.409-0500][2174.145s] GC(10) Eden regions: 287->0(287)
[2024-02-27T10:59:51.409-0500][2174.145s] GC(10) Survivor regions: 20->20(39)
[2024-02-27T10:59:51.409-0500][2174.145s] GC(10) Old regions: 18->18
[2024-02-27T10:59:51.409-0500][2174.145s] GC(10) Archive regions: 0->0
[2024-02-27T10:59:51.409-0500][2174.145s] GC(10) Humongous regions: 7->7
[2024-02-27T10:59:51.409-0500][2174.145s] GC(10) Metaspace: 53574K(54272K)->53574K(54272K) NonClass: 47510K(47872K)->47510K(47872K) Class: 6064K(6400K)->6064K(6400K)
[2024-02-27T10:59:51.409-0500][2174.145s] GC(10) Pause Young (Normal) (G1 Evacuation Pause) 331M->44M(512M) 6.510ms
[2024-02-27T10:59:51.409-0500][2174.145s] GC(10) User=0.02s Sys=0.00s Real=0.01s
[2024-02-27T11:08:07.536-0500][2670.272s] GC(11) Pause Young (Normal) (G1 Evacuation Pause)
[2024-02-27T11:08:07.536-0500][2670.272s] GC(11) Using 13 workers of 13 for evacuation
[2024-02-27T11:08:07.541-0500][2670.278s] GC(11)   Pre Evacuate Collection Set: 0.2ms
[2024-02-27T11:08:07.541-0500][2670.278s] GC(11)   Merge Heap Roots: 0.2ms
[2024-02-27T11:08:07.541-0500][2670.278s] GC(11)   Evacuate Collection Set: 4.2ms
[2024-02-27T11:08:07.541-0500][2670.278s] GC(11)   Post Evacuate Collection Set: 0.9ms
[2024-02-27T11:08:07.541-0500][2670.278s] GC(11)   Other: 0.1ms
[2024-02-27T11:08:07.541-0500][2670.278s] GC(11) Eden regions: 287->0(286)
[2024-02-27T11:08:07.541-0500][2670.278s] GC(11) Survivor regions: 20->21(39)
[2024-02-27T11:08:07.541-0500][2670.278s] GC(11) Old regions: 18->18
[2024-02-27T11:08:07.541-0500][2670.278s] GC(11) Archive regions: 0->0
[2024-02-27T11:08:07.541-0500][2670.278s] GC(11) Humongous regions: 7->7
[2024-02-27T11:08:07.541-0500][2670.278s] GC(11) Metaspace: 53853K(54528K)->53853K(54528K) NonClass: 47789K(48128K)->47789K(48128K) Class: 6064K(6400K)->6064K(6400K)
[2024-02-27T11:08:07.541-0500][2670.278s] GC(11) Pause Young (Normal) (G1 Evacuation Pause) 331M->45M(512M) 5.831ms
[2024-02-27T11:08:07.541-0500][2670.278s] GC(11) User=0.00s Sys=0.00s Real=0.00s
[2024-02-27T11:09:28.348-0500][2751.084s] GC(12) Pause Young (Normal) (G1 Evacuation Pause)
[2024-02-27T11:09:28.348-0500][2751.084s] GC(12) Using 13 workers of 13 for evacuation
[2024-02-27T11:09:28.353-0500][2751.090s] GC(12)   Pre Evacuate Collection Set: 0.1ms
[2024-02-27T11:09:28.353-0500][2751.090s] GC(12)   Merge Heap Roots: 0.1ms
[2024-02-27T11:09:28.353-0500][2751.090s] GC(12)   Evacuate Collection Set: 4.1ms
[2024-02-27T11:09:28.353-0500][2751.090s] GC(12)   Post Evacuate Collection Set: 1.0ms
[2024-02-27T11:09:28.353-0500][2751.090s] GC(12)   Other: 0.1ms
[2024-02-27T11:09:28.353-0500][2751.090s] GC(12) Eden regions: 286->0(287)
[2024-02-27T11:09:28.353-0500][2751.090s] GC(12) Survivor regions: 21->20(39)
[2024-02-27T11:09:28.353-0500][2751.090s] GC(12) Old regions: 18->18
[2024-02-27T11:09:28.353-0500][2751.090s] GC(12) Archive regions: 0->0
[2024-02-27T11:09:28.353-0500][2751.090s] GC(12) Humongous regions: 7->7
[2024-02-27T11:09:28.353-0500][2751.090s] GC(12) Metaspace: 53997K(54656K)->53997K(54656K) NonClass: 47932K(48256K)->47932K(48256K) Class: 6064K(6400K)->6064K(6400K)
[2024-02-27T11:09:28.353-0500][2751.090s] GC(12) Pause Young (Normal) (G1 Evacuation Pause) 331M->44M(512M) 5.696ms
[2024-02-27T11:09:28.353-0500][2751.090s] GC(12) User=0.00s Sys=0.00s Real=0.00s
[2024-02-27T11:10:29.234-0500][2811.970s] GC(13) Pause Young (Normal) (G1 Evacuation Pause)
[2024-02-27T11:10:29.234-0500][2811.970s] GC(13) Using 13 workers of 13 for evacuation
[2024-02-27T11:10:29.239-0500][2811.975s] GC(13)   Pre Evacuate Collection Set: 0.1ms
[2024-02-27T11:10:29.239-0500][2811.975s] GC(13)   Merge Heap Roots: 0.1ms
[2024-02-27T11:10:29.239-0500][2811.975s] GC(13)   Evacuate Collection Set: 3.8ms
[2024-02-27T11:10:29.239-0500][2811.975s] GC(13)   Post Evacuate Collection Set: 1.0ms
[2024-02-27T11:10:29.239-0500][2811.975s] GC(13)   Other: 0.1ms
[2024-02-27T11:10:29.239-0500][2811.975s] GC(13) Eden regions: 287->0(286)
[2024-02-27T11:10:29.239-0500][2811.975s] GC(13) Survivor regions: 20->21(39)
[2024-02-27T11:10:29.239-0500][2811.975s] GC(13) Old regions: 18->18
[2024-02-27T11:10:29.239-0500][2811.975s] GC(13) Archive regions: 0->0
[2024-02-27T11:10:29.239-0500][2811.975s] GC(13) Humongous regions: 7->7
[2024-02-27T11:10:29.239-0500][2811.975s] GC(13) Metaspace: 54198K(54848K)->54198K(54848K) NonClass: 48133K(48448K)->48133K(48448K) Class: 6064K(6400K)->6064K(6400K)
[2024-02-27T11:10:29.239-0500][2811.975s] GC(13) Pause Young (Normal) (G1 Evacuation Pause) 331M->44M(512M) 5.331ms
[2024-02-27T11:10:29.239-0500][2811.975s] GC(13) User=0.00s Sys=0.00s Real=0.01s
[2024-02-27T11:11:31.803-0500][2874.539s] GC(14) Pause Young (Normal) (G1 Evacuation Pause)
[2024-02-27T11:11:31.803-0500][2874.539s] GC(14) Using 13 workers of 13 for evacuation
[2024-02-27T11:11:31.809-0500][2874.544s] GC(14)   Pre Evacuate Collection Set: 0.1ms
[2024-02-27T11:11:31.809-0500][2874.545s] GC(14)   Merge Heap Roots: 0.1ms
[2024-02-27T11:11:31.809-0500][2874.545s] GC(14)   Evacuate Collection Set: 4.2ms
[2024-02-27T11:11:31.809-0500][2874.545s] GC(14)   Post Evacuate Collection Set: 1.0ms
[2024-02-27T11:11:31.809-0500][2874.545s] GC(14)   Other: 0.1ms
[2024-02-27T11:11:31.809-0500][2874.545s] GC(14) Eden regions: 286->0(286)
[2024-02-27T11:11:31.809-0500][2874.545s] GC(14) Survivor regions: 21->21(39)
[2024-02-27T11:11:31.809-0500][2874.545s] GC(14) Old regions: 18->18
[2024-02-27T11:11:31.809-0500][2874.545s] GC(14) Archive regions: 0->0
[2024-02-27T11:11:31.809-0500][2874.545s] GC(14) Humongous regions: 7->7
[2024-02-27T11:11:31.809-0500][2874.545s] GC(14) Metaspace: 54258K(54912K)->54258K(54912K) NonClass: 48193K(48512K)->48193K(48512K) Class: 6064K(6400K)->6064K(6400K)
[2024-02-27T11:11:31.809-0500][2874.545s] GC(14) Pause Young (Normal) (G1 Evacuation Pause) 330M->44M(512M) 5.654ms
[2024-02-27T11:11:31.809-0500][2874.545s] GC(14) User=0.00s Sys=0.00s Real=0.01s
[2024-02-27T11:27:15.089-0500][3817.825s] GC(15) Pause Young (Normal) (G1 Evacuation Pause)
[2024-02-27T11:27:15.089-0500][3817.825s] GC(15) Using 13 workers of 13 for evacuation
[2024-02-27T11:27:15.095-0500][3817.831s] GC(15)   Pre Evacuate Collection Set: 0.1ms
[2024-02-27T11:27:15.095-0500][3817.831s] GC(15)   Merge Heap Roots: 0.1ms
[2024-02-27T11:27:15.095-0500][3817.831s] GC(15)   Evacuate Collection Set: 4.4ms
[2024-02-27T11:27:15.095-0500][3817.831s] GC(15)   Post Evacuate Collection Set: 1.0ms
[2024-02-27T11:27:15.095-0500][3817.831s] GC(15)   Other: 0.1ms
[2024-02-27T11:27:15.095-0500][3817.831s] GC(15) Eden regions: 286->0(286)
[2024-02-27T11:27:15.095-0500][3817.831s] GC(15) Survivor regions: 21->21(39)
[2024-02-27T11:27:15.095-0500][3817.831s] GC(15) Old regions: 18->18
[2024-02-27T11:27:15.095-0500][3817.831s] GC(15) Archive regions: 0->0
[2024-02-27T11:27:15.095-0500][3817.831s] GC(15) Humongous regions: 7->7
[2024-02-27T11:27:15.095-0500][3817.831s] GC(15) Metaspace: 54532K(55232K)->54532K(55232K) NonClass: 48459K(48832K)->48459K(48832K) Class: 6072K(6400K)->6072K(6400K)
[2024-02-27T11:27:15.095-0500][3817.831s] GC(15) Pause Young (Normal) (G1 Evacuation Pause) 330M->44M(512M) 5.959ms
[2024-02-27T11:27:15.095-0500][3817.831s] GC(15) User=0.00s Sys=0.02s Real=0.01s
[2024-02-27T11:28:10.668-0500][3873.403s] GC(16) Pause Young (Normal) (G1 Evacuation Pause)
[2024-02-27T11:28:10.668-0500][3873.403s] GC(16) Using 13 workers of 13 for evacuation
[2024-02-27T11:28:10.673-0500][3873.409s] GC(16)   Pre Evacuate Collection Set: 0.1ms
[2024-02-27T11:28:10.673-0500][3873.409s] GC(16)   Merge Heap Roots: 0.1ms
[2024-02-27T11:28:10.673-0500][3873.409s] GC(16)   Evacuate Collection Set: 3.9ms
[2024-02-27T11:28:10.673-0500][3873.409s] GC(16)   Post Evacuate Collection Set: 1.0ms
[2024-02-27T11:28:10.673-0500][3873.409s] GC(16)   Other: 0.1ms
[2024-02-27T11:28:10.673-0500][3873.409s] GC(16) Eden regions: 286->0(286)
[2024-02-27T11:28:10.673-0500][3873.409s] GC(16) Survivor regions: 21->21(39)
[2024-02-27T11:28:10.673-0500][3873.409s] GC(16) Old regions: 18->18
[2024-02-27T11:28:10.673-0500][3873.409s] GC(16) Archive regions: 0->0
[2024-02-27T11:28:10.673-0500][3873.409s] GC(16) Humongous regions: 7->7
[2024-02-27T11:28:10.673-0500][3873.409s] GC(16) Metaspace: 54681K(55360K)->54681K(55360K) NonClass: 48608K(48960K)->48608K(48960K) Class: 6072K(6400K)->6072K(6400K)
[2024-02-27T11:28:10.673-0500][3873.409s] GC(16) Pause Young (Normal) (G1 Evacuation Pause) 330M->45M(512M) 5.570ms
[2024-02-27T11:28:10.673-0500][3873.409s] GC(16) User=0.00s Sys=0.00s Real=0.01s
[2024-02-27T11:29:16.015-0500][3938.751s] GC(17) Pause Young (Normal) (G1 Evacuation Pause)
[2024-02-27T11:29:16.015-0500][3938.751s] GC(17) Using 13 workers of 13 for evacuation
[2024-02-27T11:29:16.021-0500][3938.757s] GC(17)   Pre Evacuate Collection Set: 0.1ms
[2024-02-27T11:29:16.021-0500][3938.757s] GC(17)   Merge Heap Roots: 0.1ms
[2024-02-27T11:29:16.021-0500][3938.757s] GC(17)   Evacuate Collection Set: 4.6ms
[2024-02-27T11:29:16.021-0500][3938.757s] GC(17)   Post Evacuate Collection Set: 1.0ms
[2024-02-27T11:29:16.021-0500][3938.757s] GC(17)   Other: 0.1ms
[2024-02-27T11:29:16.021-0500][3938.757s] GC(17) Eden regions: 286->0(286)
[2024-02-27T11:29:16.021-0500][3938.757s] GC(17) Survivor regions: 21->21(39)
[2024-02-27T11:29:16.021-0500][3938.757s] GC(17) Old regions: 18->18
[2024-02-27T11:29:16.021-0500][3938.757s] GC(17) Archive regions: 0->0
[2024-02-27T11:29:16.021-0500][3938.757s] GC(17) Humongous regions: 7->7
[2024-02-27T11:29:16.021-0500][3938.757s] GC(17) Metaspace: 54778K(55488K)->54778K(55488K) NonClass: 48704K(49088K)->48704K(49088K) Class: 6073K(6400K)->6073K(6400K)
[2024-02-27T11:29:16.021-0500][3938.757s] GC(17) Pause Young (Normal) (G1 Evacuation Pause) 331M->45M(512M) 6.100ms
[2024-02-27T11:29:16.021-0500][3938.757s] GC(17) User=0.00s Sys=0.00s Real=0.01s
[2024-02-27T11:49:10.683-0500][5133.419s] GC(18) Pause Young (Normal) (G1 Evacuation Pause)
[2024-02-27T11:49:10.683-0500][5133.419s] GC(18) Using 13 workers of 13 for evacuation
[2024-02-27T11:49:10.689-0500][5133.426s] GC(18)   Pre Evacuate Collection Set: 0.1ms
[2024-02-27T11:49:10.689-0500][5133.426s] GC(18)   Merge Heap Roots: 0.1ms
[2024-02-27T11:49:10.689-0500][5133.426s] GC(18)   Evacuate Collection Set: 5.0ms
[2024-02-27T11:49:10.689-0500][5133.426s] GC(18)   Post Evacuate Collection Set: 1.2ms
[2024-02-27T11:49:10.689-0500][5133.426s] GC(18)   Other: 0.1ms
[2024-02-27T11:49:10.689-0500][5133.426s] GC(18) Eden regions: 286->0(285)
[2024-02-27T11:49:10.689-0500][5133.426s] GC(18) Survivor regions: 21->22(39)
[2024-02-27T11:49:10.689-0500][5133.426s] GC(18) Old regions: 18->18
[2024-02-27T11:49:10.689-0500][5133.426s] GC(18) Archive regions: 0->0
[2024-02-27T11:49:10.689-0500][5133.426s] GC(18) Humongous regions: 7->7
[2024-02-27T11:49:10.689-0500][5133.426s] GC(18) Metaspace: 54971K(55616K)->54971K(55616K) NonClass: 48898K(49216K)->48898K(49216K) Class: 6073K(6400K)->6073K(6400K)
[2024-02-27T11:49:10.689-0500][5133.426s] GC(18) Pause Young (Normal) (G1 Evacuation Pause) 331M->45M(512M) 6.713ms
[2024-02-27T11:49:10.689-0500][5133.426s] GC(18) User=0.02s Sys=0.00s Real=0.01s
[2024-02-27T12:03:50.339-0500][6013.075s] GC(19) Pause Young (Normal) (G1 Evacuation Pause)
[2024-02-27T12:03:50.339-0500][6013.075s] GC(19) Using 13 workers of 13 for evacuation
[2024-02-27T12:03:50.346-0500][6013.082s] GC(19)   Pre Evacuate Collection Set: 0.1ms
[2024-02-27T12:03:50.346-0500][6013.082s] GC(19)   Merge Heap Roots: 0.1ms
[2024-02-27T12:03:50.346-0500][6013.082s] GC(19)   Evacuate Collection Set: 5.0ms
[2024-02-27T12:03:50.346-0500][6013.082s] GC(19)   Post Evacuate Collection Set: 1.4ms
[2024-02-27T12:03:50.346-0500][6013.082s] GC(19)   Other: 0.1ms
[2024-02-27T12:03:50.346-0500][6013.082s] GC(19) Eden regions: 285->0(284)
[2024-02-27T12:03:50.346-0500][6013.082s] GC(19) Survivor regions: 22->23(39)
[2024-02-27T12:03:50.346-0500][6013.082s] GC(19) Old regions: 18->18
[2024-02-27T12:03:50.346-0500][6013.082s] GC(19) Archive regions: 0->0
[2024-02-27T12:03:50.346-0500][6013.082s] GC(19) Humongous regions: 7->7
[2024-02-27T12:03:50.346-0500][6013.082s] GC(19) Metaspace: 55364K(56000K)->55364K(56000K) NonClass: 49285K(49600K)->49285K(49600K) Class: 6078K(6400K)->6078K(6400K)
[2024-02-27T12:03:50.346-0500][6013.082s] GC(19) Pause Young (Normal) (G1 Evacuation Pause) 330M->46M(512M) 7.095ms
[2024-02-27T12:03:50.346-0500][6013.082s] GC(19) User=0.02s Sys=0.00s Real=0.01s
[2024-02-27T12:09:08.730-0500][6331.466s] GC(20) Pause Young (Normal) (G1 Evacuation Pause)
[2024-02-27T12:09:08.730-0500][6331.466s] GC(20) Using 13 workers of 13 for evacuation
[2024-02-27T12:09:08.736-0500][6331.472s] GC(20)   Pre Evacuate Collection Set: 0.1ms
[2024-02-27T12:09:08.736-0500][6331.472s] GC(20)   Merge Heap Roots: 0.1ms
[2024-02-27T12:09:08.736-0500][6331.472s] GC(20)   Evacuate Collection Set: 4.5ms
[2024-02-27T12:09:08.736-0500][6331.472s] GC(20)   Post Evacuate Collection Set: 1.2ms
[2024-02-27T12:09:08.736-0500][6331.472s] GC(20)   Other: 0.1ms
[2024-02-27T12:09:08.736-0500][6331.472s] GC(20) Eden regions: 284->0(292)
[2024-02-27T12:09:08.736-0500][6331.472s] GC(20) Survivor regions: 23->15(39)
[2024-02-27T12:09:08.736-0500][6331.472s] GC(20) Old regions: 18->24
[2024-02-27T12:09:08.736-0500][6331.472s] GC(20) Archive regions: 0->0
[2024-02-27T12:09:08.736-0500][6331.472s] GC(20) Humongous regions: 7->7
[2024-02-27T12:09:08.736-0500][6331.472s] GC(20) Metaspace: 55413K(56064K)->55413K(56064K) NonClass: 49331K(49664K)->49331K(49664K) Class: 6081K(6400K)->6081K(6400K)
[2024-02-27T12:09:08.737-0500][6331.472s] GC(20) Pause Young (Normal) (G1 Evacuation Pause) 330M->45M(512M) 6.257ms
[2024-02-27T12:09:08.737-0500][6331.472s] GC(20) User=0.02s Sys=0.00s Real=0.01s
[2024-02-27T12:10:20.211-0500][6402.947s] GC(21) Pause Young (Normal) (G1 Evacuation Pause)
[2024-02-27T12:10:20.211-0500][6402.947s] GC(21) Using 13 workers of 13 for evacuation
[2024-02-27T12:10:20.216-0500][6402.952s] GC(21)   Pre Evacuate Collection Set: 0.1ms
[2024-02-27T12:10:20.216-0500][6402.952s] GC(21)   Merge Heap Roots: 0.1ms
[2024-02-27T12:10:20.216-0500][6402.952s] GC(21)   Evacuate Collection Set: 3.5ms
[2024-02-27T12:10:20.216-0500][6402.952s] GC(21)   Post Evacuate Collection Set: 1.1ms
[2024-02-27T12:10:20.216-0500][6402.952s] GC(21)   Other: 0.2ms
[2024-02-27T12:10:20.216-0500][6402.952s] GC(21) Eden regions: 292->0(291)
[2024-02-27T12:10:20.216-0500][6402.952s] GC(21) Survivor regions: 15->16(39)
[2024-02-27T12:10:20.216-0500][6402.952s] GC(21) Old regions: 24->24
[2024-02-27T12:10:20.216-0500][6402.952s] GC(21) Archive regions: 0->0
[2024-02-27T12:10:20.216-0500][6402.952s] GC(21) Humongous regions: 7->7
[2024-02-27T12:10:20.216-0500][6402.952s] GC(21) Metaspace: 55441K(56064K)->55441K(56064K) NonClass: 49360K(49664K)->49360K(49664K) Class: 6081K(6400K)->6081K(6400K)
[2024-02-27T12:10:20.216-0500][6402.952s] GC(21) Pause Young (Normal) (G1 Evacuation Pause) 337M->46M(512M) 5.230ms
[2024-02-27T12:10:20.216-0500][6402.952s] GC(21) User=0.00s Sys=0.00s Real=0.01s
[2024-02-27T12:11:24.019-0500][6466.755s] GC(22) Pause Young (Normal) (G1 Evacuation Pause)
[2024-02-27T12:11:24.019-0500][6466.755s] GC(22) Using 13 workers of 13 for evacuation
[2024-02-27T12:11:24.024-0500][6466.760s] GC(22)   Pre Evacuate Collection Set: 0.1ms
[2024-02-27T12:11:24.024-0500][6466.760s] GC(22)   Merge Heap Roots: 0.1ms
[2024-02-27T12:11:24.024-0500][6466.760s] GC(22)   Evacuate Collection Set: 4.0ms
[2024-02-27T12:11:24.024-0500][6466.760s] GC(22)   Post Evacuate Collection Set: 1.1ms
[2024-02-27T12:11:24.024-0500][6466.760s] GC(22)   Other: 0.1ms
[2024-02-27T12:11:24.024-0500][6466.760s] GC(22) Eden regions: 291->0(301)
[2024-02-27T12:11:24.024-0500][6466.760s] GC(22) Survivor regions: 16->6(39)
[2024-02-27T12:11:24.024-0500][6466.760s] GC(22) Old regions: 24->35
[2024-02-27T12:11:24.024-0500][6466.760s] GC(22) Archive regions: 0->0
[2024-02-27T12:11:24.024-0500][6466.760s] GC(22) Humongous regions: 7->7
[2024-02-27T12:11:24.024-0500][6466.760s] GC(22) Metaspace: 55486K(56128K)->55486K(56128K) NonClass: 49405K(49728K)->49405K(49728K) Class: 6081K(6400K)->6081K(6400K)
[2024-02-27T12:11:24.024-0500][6466.761s] GC(22) Pause Young (Normal) (G1 Evacuation Pause) 337M->46M(512M) 5.669ms
[2024-02-27T12:11:24.024-0500][6466.761s] GC(22) User=0.00s Sys=0.00s Real=0.00s
[2024-02-27T12:12:15.400-0500][6518.137s] GC(23) Pause Young (Normal) (G1 Evacuation Pause)
[2024-02-27T12:12:15.400-0500][6518.137s] GC(23) Using 13 workers of 13 for evacuation
[2024-02-27T12:12:15.403-0500][6518.139s] GC(23)   Pre Evacuate Collection Set: 0.1ms
[2024-02-27T12:12:15.403-0500][6518.139s] GC(23)   Merge Heap Roots: 0.1ms
[2024-02-27T12:12:15.403-0500][6518.139s] GC(23)   Evacuate Collection Set: 1.6ms
[2024-02-27T12:12:15.403-0500][6518.139s] GC(23)   Post Evacuate Collection Set: 0.6ms
[2024-02-27T12:12:15.403-0500][6518.139s] GC(23)   Other: 0.1ms
[2024-02-27T12:12:15.403-0500][6518.139s] GC(23) Eden regions: 301->0(302)
[2024-02-27T12:12:15.403-0500][6518.139s] GC(23) Survivor regions: 6->5(39)
[2024-02-27T12:12:15.403-0500][6518.139s] GC(23) Old regions: 35->36
[2024-02-27T12:12:15.403-0500][6518.139s] GC(23) Archive regions: 0->0
[2024-02-27T12:12:15.403-0500][6518.139s] GC(23) Humongous regions: 7->7
[2024-02-27T12:12:15.403-0500][6518.139s] GC(23) Metaspace: 55554K(56192K)->55554K(56192K) NonClass: 49473K(49792K)->49473K(49792K) Class: 6081K(6400K)->6081K(6400K)
[2024-02-27T12:12:15.403-0500][6518.139s] GC(23) Pause Young (Normal) (G1 Evacuation Pause) 347M->47M(512M) 2.760ms
[2024-02-27T12:12:15.403-0500][6518.139s] GC(23) User=0.00s Sys=0.00s Real=0.00s
[2024-02-27T12:18:24.456-0500][6887.192s] GC(24) Pause Young (Normal) (G1 Evacuation Pause)
[2024-02-27T12:18:24.456-0500][6887.192s] GC(24) Using 13 workers of 13 for evacuation
[2024-02-27T12:18:24.458-0500][6887.194s] GC(24)   Pre Evacuate Collection Set: 0.1ms
[2024-02-27T12:18:24.458-0500][6887.194s] GC(24)   Merge Heap Roots: 0.1ms
[2024-02-27T12:18:24.458-0500][6887.194s] GC(24)   Evacuate Collection Set: 1.1ms
[2024-02-27T12:18:24.458-0500][6887.194s] GC(24)   Post Evacuate Collection Set: 0.5ms
[2024-02-27T12:18:24.458-0500][6887.194s] GC(24)   Other: 0.1ms
[2024-02-27T12:18:24.458-0500][6887.194s] GC(24) Eden regions: 302->0(303)
[2024-02-27T12:18:24.458-0500][6887.194s] GC(24) Survivor regions: 5->4(39)
[2024-02-27T12:18:24.458-0500][6887.194s] GC(24) Old regions: 36->36
[2024-02-27T12:18:24.459-0500][6887.194s] GC(24) Archive regions: 0->0
[2024-02-27T12:18:24.459-0500][6887.195s] GC(24) Humongous regions: 7->7
[2024-02-27T12:18:24.459-0500][6887.195s] GC(24) Metaspace: 55585K(56192K)->55585K(56192K) NonClass: 49504K(49792K)->49504K(49792K) Class: 6081K(6400K)->6081K(6400K)
[2024-02-27T12:18:24.459-0500][6887.195s] GC(24) Pause Young (Normal) (G1 Evacuation Pause) 349M->46M(512M) 2.125ms
[2024-02-27T12:18:24.459-0500][6887.195s] GC(24) User=0.00s Sys=0.00s Real=0.00s
[2024-02-27T12:20:03.855-0500][6986.591s] GC(25) Pause Young (Normal) (G1 Evacuation Pause)
[2024-02-27T12:20:03.855-0500][6986.591s] GC(25) Using 13 workers of 13 for evacuation
[2024-02-27T12:20:03.858-0500][6986.594s] GC(25)   Pre Evacuate Collection Set: 0.1ms
[2024-02-27T12:20:03.858-0500][6986.594s] GC(25)   Merge Heap Roots: 0.1ms
[2024-02-27T12:20:03.858-0500][6986.594s] GC(25)   Evacuate Collection Set: 1.7ms
[2024-02-27T12:20:03.858-0500][6986.594s] GC(25)   Post Evacuate Collection Set: 0.8ms
[2024-02-27T12:20:03.858-0500][6986.594s] GC(25)   Other: 0.1ms
[2024-02-27T12:20:03.858-0500][6986.594s] GC(25) Eden regions: 303->0(303)
[2024-02-27T12:20:03.858-0500][6986.594s] GC(25) Survivor regions: 4->4(39)
[2024-02-27T12:20:03.858-0500][6986.594s] GC(25) Old regions: 36->36
[2024-02-27T12:20:03.858-0500][6986.594s] GC(25) Archive regions: 0->0
[2024-02-27T12:20:03.858-0500][6986.594s] GC(25) Humongous regions: 7->7
[2024-02-27T12:20:03.858-0500][6986.594s] GC(25) Metaspace: 55752K(56448K)->55752K(56448K) NonClass: 49671K(50048K)->49671K(50048K) Class: 6081K(6400K)->6081K(6400K)
[2024-02-27T12:20:03.858-0500][6986.594s] GC(25) Pause Young (Normal) (G1 Evacuation Pause) 349M->46M(512M) 3.093ms
[2024-02-27T12:20:03.858-0500][6986.594s] GC(25) User=0.00s Sys=0.00s Real=0.00s
[2024-02-27T12:22:12.929-0500][7115.664s] GC(26) Pause Young (Normal) (G1 Evacuation Pause)
[2024-02-27T12:22:12.929-0500][7115.664s] GC(26) Using 13 workers of 13 for evacuation
[2024-02-27T12:22:12.931-0500][7115.667s] GC(26)   Pre Evacuate Collection Set: 0.1ms
[2024-02-27T12:22:12.931-0500][7115.667s] GC(26)   Merge Heap Roots: 0.1ms
[2024-02-27T12:22:12.931-0500][7115.667s] GC(26)   Evacuate Collection Set: 1.4ms
[2024-02-27T12:22:12.931-0500][7115.667s] GC(26)   Post Evacuate Collection Set: 0.6ms
[2024-02-27T12:22:12.931-0500][7115.667s] GC(26)   Other: 0.1ms
[2024-02-27T12:22:12.931-0500][7115.667s] GC(26) Eden regions: 303->0(303)
[2024-02-27T12:22:12.931-0500][7115.667s] GC(26) Survivor regions: 4->4(39)
[2024-02-27T12:22:12.931-0500][7115.667s] GC(26) Old regions: 36->36
[2024-02-27T12:22:12.931-0500][7115.667s] GC(26) Archive regions: 0->0
[2024-02-27T12:22:12.931-0500][7115.667s] GC(26) Humongous regions: 7->7
[2024-02-27T12:22:12.931-0500][7115.667s] GC(26) Metaspace: 55762K(56448K)->55762K(56448K) NonClass: 49681K(50048K)->49681K(50048K) Class: 6081K(6400K)->6081K(6400K)
[2024-02-27T12:22:12.931-0500][7115.667s] GC(26) Pause Young (Normal) (G1 Evacuation Pause) 349M->46M(512M) 2.395ms
[2024-02-27T12:22:12.931-0500][7115.667s] GC(26) User=0.00s Sys=0.00s Real=0.00s
[2024-02-27T12:23:11.039-0500][7173.776s] GC(27) Pause Young (Normal) (G1 Evacuation Pause)
[2024-02-27T12:23:11.039-0500][7173.776s] GC(27) Using 13 workers of 13 for evacuation
[2024-02-27T12:23:11.042-0500][7173.778s] GC(27)   Pre Evacuate Collection Set: 0.1ms
[2024-02-27T12:23:11.042-0500][7173.778s] GC(27)   Merge Heap Roots: 0.3ms
[2024-02-27T12:23:11.042-0500][7173.778s] GC(27)   Evacuate Collection Set: 1.4ms
[2024-02-27T12:23:11.042-0500][7173.778s] GC(27)   Post Evacuate Collection Set: 0.6ms
[2024-02-27T12:23:11.042-0500][7173.778s] GC(27)   Other: 0.1ms
[2024-02-27T12:23:11.042-0500][7173.778s] GC(27) Eden regions: 303->0(302)
[2024-02-27T12:23:11.042-0500][7173.778s] GC(27) Survivor regions: 4->5(39)
[2024-02-27T12:23:11.042-0500][7173.778s] GC(27) Old regions: 36->36
[2024-02-27T12:23:11.042-0500][7173.778s] GC(27) Archive regions: 0->0
[2024-02-27T12:23:11.042-0500][7173.778s] GC(27) Humongous regions: 7->7
[2024-02-27T12:23:11.042-0500][7173.778s] GC(27) Metaspace: 55763K(56448K)->55763K(56448K) NonClass: 49682K(50048K)->49682K(50048K) Class: 6081K(6400K)->6081K(6400K)
[2024-02-27T12:23:11.042-0500][7173.778s] GC(27) Pause Young (Normal) (G1 Evacuation Pause) 349M->46M(512M) 2.749ms
[2024-02-27T12:23:11.042-0500][7173.778s] GC(27) User=0.00s Sys=0.00s Real=0.00s
[2024-02-27T12:23:56.168-0500][7218.904s] GC(28) Pause Young (Normal) (G1 Evacuation Pause)
[2024-02-27T12:23:56.168-0500][7218.904s] GC(28) Using 13 workers of 13 for evacuation
[2024-02-27T12:23:56.171-0500][7218.907s] GC(28)   Pre Evacuate Collection Set: 0.1ms
[2024-02-27T12:23:56.171-0500][7218.907s] GC(28)   Merge Heap Roots: 0.1ms
[2024-02-27T12:23:56.171-0500][7218.907s] GC(28)   Evacuate Collection Set: 1.6ms
[2024-02-27T12:23:56.171-0500][7218.907s] GC(28)   Post Evacuate Collection Set: 0.5ms
[2024-02-27T12:23:56.171-0500][7218.907s] GC(28)   Other: 0.1ms
[2024-02-27T12:23:56.171-0500][7218.907s] GC(28) Eden regions: 302->0(302)
[2024-02-27T12:23:56.171-0500][7218.907s] GC(28) Survivor regions: 5->5(39)
[2024-02-27T12:23:56.171-0500][7218.907s] GC(28) Old regions: 36->36
[2024-02-27T12:23:56.171-0500][7218.907s] GC(28) Archive regions: 0->0
[2024-02-27T12:23:56.171-0500][7218.907s] GC(28) Humongous regions: 7->7
[2024-02-27T12:23:56.171-0500][7218.907s] GC(28) Metaspace: 55793K(56448K)->55793K(56448K) NonClass: 49712K(50048K)->49712K(50048K) Class: 6081K(6400K)->6081K(6400K)
[2024-02-27T12:23:56.171-0500][7218.907s] GC(28) Pause Young (Normal) (G1 Evacuation Pause) 348M->47M(512M) 2.729ms
[2024-02-27T12:23:56.171-0500][7218.907s] GC(28) User=0.00s Sys=0.00s Real=0.00s
[2024-02-27T12:24:50.710-0500][7273.446s] GC(29) Pause Young (Normal) (G1 Evacuation Pause)
[2024-02-27T12:24:50.710-0500][7273.446s] GC(29) Using 13 workers of 13 for evacuation
[2024-02-27T12:24:50.712-0500][7273.448s] GC(29)   Pre Evacuate Collection Set: 0.1ms
[2024-02-27T12:24:50.712-0500][7273.448s] GC(29)   Merge Heap Roots: 0.1ms
[2024-02-27T12:24:50.712-0500][7273.448s] GC(29)   Evacuate Collection Set: 1.0ms
[2024-02-27T12:24:50.712-0500][7273.448s] GC(29)   Post Evacuate Collection Set: 0.4ms
[2024-02-27T12:24:50.712-0500][7273.448s] GC(29)   Other: 0.1ms
[2024-02-27T12:24:50.712-0500][7273.448s] GC(29) Eden regions: 302->0(303)
[2024-02-27T12:24:50.712-0500][7273.448s] GC(29) Survivor regions: 5->4(39)
[2024-02-27T12:24:50.712-0500][7273.448s] GC(29) Old regions: 36->36
[2024-02-27T12:24:50.712-0500][7273.448s] GC(29) Archive regions: 0->0
[2024-02-27T12:24:50.712-0500][7273.448s] GC(29) Humongous regions: 7->7
[2024-02-27T12:24:50.712-0500][7273.448s] GC(29) Metaspace: 55799K(56448K)->55799K(56448K) NonClass: 49718K(50048K)->49718K(50048K) Class: 6081K(6400K)->6081K(6400K)
[2024-02-27T12:24:50.712-0500][7273.448s] GC(29) Pause Young (Normal) (G1 Evacuation Pause) 349M->46M(512M) 2.080ms
[2024-02-27T12:24:50.712-0500][7273.448s] GC(29) User=0.00s Sys=0.00s Real=0.00s
[2024-02-27T12:25:42.198-0500][7324.934s] GC(30) Pause Young (Normal) (G1 Evacuation Pause)
[2024-02-27T12:25:42.198-0500][7324.934s] GC(30) Using 13 workers of 13 for evacuation
[2024-02-27T12:25:42.200-0500][7324.936s] GC(30)   Pre Evacuate Collection Set: 0.1ms
[2024-02-27T12:25:42.201-0500][7324.936s] GC(30)   Merge Heap Roots: 0.1ms
[2024-02-27T12:25:42.201-0500][7324.936s] GC(30)   Evacuate Collection Set: 1.5ms
[2024-02-27T12:25:42.201-0500][7324.936s] GC(30)   Post Evacuate Collection Set: 0.5ms
[2024-02-27T12:25:42.201-0500][7324.936s] GC(30)   Other: 0.1ms
[2024-02-27T12:25:42.201-0500][7324.936s] GC(30) Eden regions: 303->0(303)
[2024-02-27T12:25:42.201-0500][7324.936s] GC(30) Survivor regions: 4->4(39)
[2024-02-27T12:25:42.201-0500][7324.936s] GC(30) Old regions: 36->37
[2024-02-27T12:25:42.201-0500][7324.936s] GC(30) Archive regions: 0->0
[2024-02-27T12:25:42.201-0500][7324.936s] GC(30) Humongous regions: 7->7
[2024-02-27T12:25:42.201-0500][7324.936s] GC(30) Metaspace: 55806K(56512K)->55806K(56512K) NonClass: 49725K(50112K)->49725K(50112K) Class: 6081K(6400K)->6081K(6400K)
[2024-02-27T12:25:42.201-0500][7324.936s] GC(30) Pause Young (Normal) (G1 Evacuation Pause) 349M->46M(512M) 2.474ms
[2024-02-27T12:25:42.201-0500][7324.936s] GC(30) User=0.00s Sys=0.00s Real=0.00s
[2024-02-27T12:26:35.064-0500][7377.800s] GC(31) Pause Young (Normal) (G1 Evacuation Pause)
[2024-02-27T12:26:35.064-0500][7377.800s] GC(31) Using 13 workers of 13 for evacuation
[2024-02-27T12:26:35.067-0500][7377.803s] GC(31)   Pre Evacuate Collection Set: 0.2ms
[2024-02-27T12:26:35.067-0500][7377.803s] GC(31)   Merge Heap Roots: 0.1ms
[2024-02-27T12:26:35.067-0500][7377.803s] GC(31)   Evacuate Collection Set: 1.7ms
[2024-02-27T12:26:35.067-0500][7377.803s] GC(31)   Post Evacuate Collection Set: 0.6ms
[2024-02-27T12:26:35.067-0500][7377.803s] GC(31)   Other: 0.1ms
[2024-02-27T12:26:35.067-0500][7377.803s] GC(31) Eden regions: 303->0(303)
[2024-02-27T12:26:35.067-0500][7377.803s] GC(31) Survivor regions: 4->4(39)
[2024-02-27T12:26:35.067-0500][7377.803s] GC(31) Old regions: 37->37
[2024-02-27T12:26:35.067-0500][7377.803s] GC(31) Archive regions: 0->0
[2024-02-27T12:26:35.067-0500][7377.803s] GC(31) Humongous regions: 7->7
[2024-02-27T12:26:35.067-0500][7377.803s] GC(31) Metaspace: 55920K(56576K)->55920K(56576K) NonClass: 49839K(50176K)->49839K(50176K) Class: 6081K(6400K)->6081K(6400K)
[2024-02-27T12:26:35.067-0500][7377.803s] GC(31) Pause Young (Normal) (G1 Evacuation Pause) 349M->46M(512M) 2.883ms
[2024-02-27T12:26:35.067-0500][7377.803s] GC(31) User=0.00s Sys=0.00s Real=0.00s
[2024-02-27T12:28:12.858-0500][7475.594s] GC(32) Pause Young (Normal) (G1 Evacuation Pause)
[2024-02-27T12:28:12.858-0500][7475.594s] GC(32) Using 13 workers of 13 for evacuation
[2024-02-27T12:28:12.861-0500][7475.596s] GC(32)   Pre Evacuate Collection Set: 0.1ms
[2024-02-27T12:28:12.861-0500][7475.596s] GC(32)   Merge Heap Roots: 0.1ms
[2024-02-27T12:28:12.861-0500][7475.596s] GC(32)   Evacuate Collection Set: 1.5ms
[2024-02-27T12:28:12.861-0500][7475.596s] GC(32)   Post Evacuate Collection Set: 0.7ms
[2024-02-27T12:28:12.861-0500][7475.596s] GC(32)   Other: 0.1ms
[2024-02-27T12:28:12.861-0500][7475.596s] GC(32) Eden regions: 303->0(302)
[2024-02-27T12:28:12.861-0500][7475.596s] GC(32) Survivor regions: 4->5(39)
[2024-02-27T12:28:12.861-0500][7475.596s] GC(32) Old regions: 37->37
[2024-02-27T12:28:12.861-0500][7475.596s] GC(32) Archive regions: 0->0
[2024-02-27T12:28:12.861-0500][7475.596s] GC(32) Humongous regions: 7->7
[2024-02-27T12:28:12.861-0500][7475.596s] GC(32) Metaspace: 55923K(56576K)->55923K(56576K) NonClass: 49841K(50176K)->49841K(50176K) Class: 6081K(6400K)->6081K(6400K)
[2024-02-27T12:28:12.861-0500][7475.596s] GC(32) Pause Young (Normal) (G1 Evacuation Pause) 349M->47M(512M) 2.792ms
[2024-02-27T12:28:12.861-0500][7475.596s] GC(32) User=0.00s Sys=0.00s Real=0.00s
[2024-02-27T12:29:01.182-0500][7523.917s] GC(33) Pause Young (Normal) (G1 Evacuation Pause)
[2024-02-27T12:29:01.182-0500][7523.917s] GC(33) Using 13 workers of 13 for evacuation
[2024-02-27T12:29:01.184-0500][7523.920s] GC(33)   Pre Evacuate Collection Set: 0.1ms
[2024-02-27T12:29:01.184-0500][7523.920s] GC(33)   Merge Heap Roots: 0.1ms
[2024-02-27T12:29:01.184-0500][7523.920s] GC(33)   Evacuate Collection Set: 1.5ms
[2024-02-27T12:29:01.184-0500][7523.920s] GC(33)   Post Evacuate Collection Set: 0.6ms
[2024-02-27T12:29:01.184-0500][7523.920s] GC(33)   Other: 0.1ms
[2024-02-27T12:29:01.184-0500][7523.920s] GC(33) Eden regions: 302->0(301)
[2024-02-27T12:29:01.184-0500][7523.920s] GC(33) Survivor regions: 5->6(39)
[2024-02-27T12:29:01.184-0500][7523.920s] GC(33) Old regions: 37->37
[2024-02-27T12:29:01.184-0500][7523.920s] GC(33) Archive regions: 0->0
[2024-02-27T12:29:01.184-0500][7523.920s] GC(33) Humongous regions: 7->7
[2024-02-27T12:29:01.184-0500][7523.920s] GC(33) Metaspace: 55924K(56576K)->55924K(56576K) NonClass: 49842K(50176K)->49842K(50176K) Class: 6081K(6400K)->6081K(6400K)
[2024-02-27T12:29:01.184-0500][7523.920s] GC(33) Pause Young (Normal) (G1 Evacuation Pause) 349M->48M(512M) 2.655ms
[2024-02-27T12:29:01.184-0500][7523.920s] GC(33) User=0.00s Sys=0.00s Real=0.00s
[2024-02-27T12:35:14.132-0500][7896.868s] GC(34) Pause Young (Normal) (G1 Evacuation Pause)
[2024-02-27T12:35:14.132-0500][7896.868s] GC(34) Using 13 workers of 13 for evacuation
[2024-02-27T12:35:14.134-0500][7896.870s] GC(34)   Pre Evacuate Collection Set: 0.1ms
[2024-02-27T12:35:14.134-0500][7896.870s] GC(34)   Merge Heap Roots: 0.1ms
[2024-02-27T12:35:14.134-0500][7896.870s] GC(34)   Evacuate Collection Set: 0.9ms
[2024-02-27T12:35:14.134-0500][7896.870s] GC(34)   Post Evacuate Collection Set: 0.6ms
[2024-02-27T12:35:14.134-0500][7896.870s] GC(34)   Other: 0.1ms
[2024-02-27T12:35:14.134-0500][7896.870s] GC(34) Eden regions: 301->0(303)
[2024-02-27T12:35:14.134-0500][7896.870s] GC(34) Survivor regions: 6->4(39)
[2024-02-27T12:35:14.134-0500][7896.870s] GC(34) Old regions: 37->38
[2024-02-27T12:35:14.134-0500][7896.870s] GC(34) Archive regions: 0->0
[2024-02-27T12:35:14.134-0500][7896.870s] GC(34) Humongous regions: 7->7
[2024-02-27T12:35:14.134-0500][7896.870s] GC(34) Metaspace: 55926K(56576K)->55926K(56576K) NonClass: 49844K(50176K)->49844K(50176K) Class: 6081K(6400K)->6081K(6400K)
[2024-02-27T12:35:14.134-0500][7896.870s] GC(34) Pause Young (Normal) (G1 Evacuation Pause) 349M->47M(512M) 1.928ms
[2024-02-27T12:35:14.134-0500][7896.870s] GC(34) User=0.00s Sys=0.00s Real=0.00s
[2024-02-27T12:35:51.459-0500][7934.195s] GC(35) Pause Young (Normal) (G1 Evacuation Pause)
[2024-02-27T12:35:51.459-0500][7934.195s] GC(35) Using 13 workers of 13 for evacuation
[2024-02-27T12:35:51.461-0500][7934.197s] GC(35)   Pre Evacuate Collection Set: 0.1ms
[2024-02-27T12:35:51.461-0500][7934.197s] GC(35)   Merge Heap Roots: 0.1ms
[2024-02-27T12:35:51.461-0500][7934.197s] GC(35)   Evacuate Collection Set: 0.9ms
[2024-02-27T12:35:51.461-0500][7934.197s] GC(35)   Post Evacuate Collection Set: 0.4ms
[2024-02-27T12:35:51.461-0500][7934.197s] GC(35)   Other: 0.1ms
[2024-02-27T12:35:51.461-0500][7934.197s] GC(35) Eden regions: 303->0(304)
[2024-02-27T12:35:51.461-0500][7934.197s] GC(35) Survivor regions: 4->3(39)
[2024-02-27T12:35:51.461-0500][7934.197s] GC(35) Old regions: 38->38
[2024-02-27T12:35:51.461-0500][7934.197s] GC(35) Archive regions: 0->0
[2024-02-27T12:35:51.461-0500][7934.197s] GC(35) Humongous regions: 7->7
[2024-02-27T12:35:51.461-0500][7934.197s] GC(35) Metaspace: 55935K(56576K)->55935K(56576K) NonClass: 49853K(50176K)->49853K(50176K) Class: 6082K(6400K)->6082K(6400K)
[2024-02-27T12:35:51.461-0500][7934.197s] GC(35) Pause Young (Normal) (G1 Evacuation Pause) 350M->47M(512M) 1.820ms
[2024-02-27T12:35:51.461-0500][7934.197s] GC(35) User=0.00s Sys=0.00s Real=0.00s
[2024-02-27T12:36:48.712-0500][7991.448s] GC(36) Pause Young (Normal) (G1 Evacuation Pause)
[2024-02-27T12:36:48.712-0500][7991.448s] GC(36) Using 13 workers of 13 for evacuation
[2024-02-27T12:36:48.713-0500][7991.449s] GC(36)   Pre Evacuate Collection Set: 0.1ms
[2024-02-27T12:36:48.713-0500][7991.449s] GC(36)   Merge Heap Roots: 0.1ms
[2024-02-27T12:36:48.713-0500][7991.449s] GC(36)   Evacuate Collection Set: 0.7ms
[2024-02-27T12:36:48.713-0500][7991.449s] GC(36)   Post Evacuate Collection Set: 0.4ms
[2024-02-27T12:36:48.713-0500][7991.449s] GC(36)   Other: 0.1ms
[2024-02-27T12:36:48.713-0500][7991.449s] GC(36) Eden regions: 304->0(302)
[2024-02-27T12:36:48.713-0500][7991.449s] GC(36) Survivor regions: 3->5(39)
[2024-02-27T12:36:48.713-0500][7991.449s] GC(36) Old regions: 38->38
[2024-02-27T12:36:48.713-0500][7991.449s] GC(36) Archive regions: 0->0
[2024-02-27T12:36:48.713-0500][7991.449s] GC(36) Humongous regions: 7->7
[2024-02-27T12:36:48.713-0500][7991.449s] GC(36) Metaspace: 55938K(56576K)->55938K(56576K) NonClass: 49856K(50176K)->49856K(50176K) Class: 6082K(6400K)->6082K(6400K)
[2024-02-27T12:36:48.714-0500][7991.449s] GC(36) Pause Young (Normal) (G1 Evacuation Pause) 351M->49M(512M) 1.548ms
[2024-02-27T12:36:48.714-0500][7991.449s] GC(36) User=0.00s Sys=0.00s Real=0.00s
[2024-02-27T12:37:43.831-0500][8046.568s] GC(37) Pause Young (Normal) (G1 Evacuation Pause)
[2024-02-27T12:37:43.831-0500][8046.568s] GC(37) Using 13 workers of 13 for evacuation
[2024-02-27T12:37:43.833-0500][8046.569s] GC(37)   Pre Evacuate Collection Set: 0.2ms
[2024-02-27T12:37:43.833-0500][8046.569s] GC(37)   Merge Heap Roots: 0.1ms
[2024-02-27T12:37:43.833-0500][8046.569s] GC(37)   Evacuate Collection Set: 0.7ms
[2024-02-27T12:37:43.833-0500][8046.569s] GC(37)   Post Evacuate Collection Set: 0.5ms
[2024-02-27T12:37:43.833-0500][8046.569s] GC(37)   Other: 0.1ms
[2024-02-27T12:37:43.833-0500][8046.569s] GC(37) Eden regions: 302->0(304)
[2024-02-27T12:37:43.833-0500][8046.569s] GC(37) Survivor regions: 5->3(39)
[2024-02-27T12:37:43.833-0500][8046.569s] GC(37) Old regions: 38->38
[2024-02-27T12:37:43.833-0500][8046.569s] GC(37) Archive regions: 0->0
[2024-02-27T12:37:43.833-0500][8046.569s] GC(37) Humongous regions: 7->7
[2024-02-27T12:37:43.833-0500][8046.569s] GC(37) Metaspace: 55939K(56576K)->55939K(56576K) NonClass: 49856K(50176K)->49856K(50176K) Class: 6082K(6400K)->6082K(6400K)
[2024-02-27T12:37:43.833-0500][8046.569s] GC(37) Pause Young (Normal) (G1 Evacuation Pause) 351M->47M(512M) 1.883ms
[2024-02-27T12:37:43.833-0500][8046.569s] GC(37) User=0.00s Sys=0.00s Real=0.00s
[2024-02-27T12:38:37.876-0500][8100.612s] GC(38) Pause Young (Normal) (G1 Evacuation Pause)
[2024-02-27T12:38:37.876-0500][8100.612s] GC(38) Using 13 workers of 13 for evacuation
[2024-02-27T12:38:37.878-0500][8100.614s] GC(38)   Pre Evacuate Collection Set: 0.3ms
[2024-02-27T12:38:37.878-0500][8100.614s] GC(38)   Merge Heap Roots: 0.1ms
[2024-02-27T12:38:37.878-0500][8100.614s] GC(38)   Evacuate Collection Set: 0.9ms
[2024-02-27T12:38:37.878-0500][8100.614s] GC(38)   Post Evacuate Collection Set: 0.5ms
[2024-02-27T12:38:37.878-0500][8100.614s] GC(38)   Other: 0.1ms
[2024-02-27T12:38:37.878-0500][8100.614s] GC(38) Eden regions: 304->0(304)
[2024-02-27T12:38:37.878-0500][8100.614s] GC(38) Survivor regions: 3->3(39)
[2024-02-27T12:38:37.878-0500][8100.614s] GC(38) Old regions: 38->38
[2024-02-27T12:38:37.878-0500][8100.614s] GC(38) Archive regions: 0->0
[2024-02-27T12:38:37.878-0500][8100.614s] GC(38) Humongous regions: 7->7
[2024-02-27T12:38:37.878-0500][8100.614s] GC(38) Metaspace: 55940K(56576K)->55940K(56576K) NonClass: 49858K(50176K)->49858K(50176K) Class: 6082K(6400K)->6082K(6400K)
[2024-02-27T12:38:37.878-0500][8100.614s] GC(38) Pause Young (Normal) (G1 Evacuation Pause) 351M->47M(512M) 2.275ms
[2024-02-27T12:38:37.878-0500][8100.614s] GC(38) User=0.00s Sys=0.00s Real=0.00s
[2024-02-27T13:36:44.042-0500][11586.778s] GC(39) Pause Young (Normal) (G1 Evacuation Pause)
[2024-02-27T13:36:44.042-0500][11586.778s] GC(39) Using 13 workers of 13 for evacuation
[2024-02-27T13:36:44.044-0500][11586.781s] GC(39)   Pre Evacuate Collection Set: 0.2ms
[2024-02-27T13:36:44.044-0500][11586.781s] GC(39)   Merge Heap Roots: 0.1ms
[2024-02-27T13:36:44.044-0500][11586.781s] GC(39)   Evacuate Collection Set: 1.6ms
[2024-02-27T13:36:44.044-0500][11586.781s] GC(39)   Post Evacuate Collection Set: 0.6ms
[2024-02-27T13:36:44.044-0500][11586.781s] GC(39)   Other: 0.1ms
[2024-02-27T13:36:44.044-0500][11586.781s] GC(39) Eden regions: 304->0(301)
[2024-02-27T13:36:44.044-0500][11586.781s] GC(39) Survivor regions: 3->6(39)
[2024-02-27T13:36:44.044-0500][11586.781s] GC(39) Old regions: 38->38
[2024-02-27T13:36:44.044-0500][11586.781s] GC(39) Archive regions: 0->0
[2024-02-27T13:36:44.044-0500][11586.781s] GC(39) Humongous regions: 7->7
[2024-02-27T13:36:44.044-0500][11586.781s] GC(39) Metaspace: 55966K(56640K)->55966K(56640K) NonClass: 49882K(50240K)->49882K(50240K) Class: 6084K(6400K)->6084K(6400K)
[2024-02-27T13:36:44.044-0500][11586.781s] GC(39) Pause Young (Normal) (G1 Evacuation Pause) 351M->49M(512M) 2.886ms
[2024-02-27T13:36:44.044-0500][11586.781s] GC(39) User=0.00s Sys=0.00s Real=0.00s
[2024-02-27T13:37:56.850-0500][11659.586s] GC(40) Pause Young (Normal) (G1 Evacuation Pause)
[2024-02-27T13:37:56.850-0500][11659.586s] GC(40) Using 13 workers of 13 for evacuation
[2024-02-27T13:37:56.852-0500][11659.589s] GC(40)   Pre Evacuate Collection Set: 0.1ms
[2024-02-27T13:37:56.852-0500][11659.589s] GC(40)   Merge Heap Roots: 0.1ms
[2024-02-27T13:37:56.852-0500][11659.589s] GC(40)   Evacuate Collection Set: 1.2ms
[2024-02-27T13:37:56.852-0500][11659.589s] GC(40)   Post Evacuate Collection Set: 0.6ms
[2024-02-27T13:37:56.852-0500][11659.589s] GC(40)   Other: 0.1ms
[2024-02-27T13:37:56.852-0500][11659.589s] GC(40) Eden regions: 301->0(302)
[2024-02-27T13:37:56.852-0500][11659.589s] GC(40) Survivor regions: 6->5(39)
[2024-02-27T13:37:56.852-0500][11659.589s] GC(40) Old regions: 38->38
[2024-02-27T13:37:56.852-0500][11659.589s] GC(40) Archive regions: 0->0
[2024-02-27T13:37:56.852-0500][11659.589s] GC(40) Humongous regions: 7->7
[2024-02-27T13:37:56.852-0500][11659.589s] GC(40) Metaspace: 55969K(56640K)->55969K(56640K) NonClass: 49884K(50240K)->49884K(50240K) Class: 6084K(6400K)->6084K(6400K)
[2024-02-27T13:37:56.852-0500][11659.589s] GC(40) Pause Young (Normal) (G1 Evacuation Pause) 350M->49M(512M) 2.396ms
[2024-02-27T13:37:56.852-0500][11659.589s] GC(40) User=0.00s Sys=0.00s Real=0.00s
[2024-02-27T13:38:27.839-0500][11690.575s] GC(41) Pause Young (Normal) (G1 Evacuation Pause)
[2024-02-27T13:38:27.840-0500][11690.575s] GC(41) Using 13 workers of 13 for evacuation
[2024-02-27T13:38:27.841-0500][11690.577s] GC(41)   Pre Evacuate Collection Set: 0.1ms
[2024-02-27T13:38:27.841-0500][11690.577s] GC(41)   Merge Heap Roots: 0.1ms
[2024-02-27T13:38:27.841-0500][11690.577s] GC(41)   Evacuate Collection Set: 0.8ms
[2024-02-27T13:38:27.841-0500][11690.577s] GC(41)   Post Evacuate Collection Set: 0.4ms
[2024-02-27T13:38:27.841-0500][11690.577s] GC(41)   Other: 0.1ms
[2024-02-27T13:38:27.841-0500][11690.577s] GC(41) Eden regions: 302->0(302)
[2024-02-27T13:38:27.841-0500][11690.577s] GC(41) Survivor regions: 5->5(39)
[2024-02-27T13:38:27.841-0500][11690.577s] GC(41) Old regions: 38->38
[2024-02-27T13:38:27.841-0500][11690.577s] GC(41) Archive regions: 0->0
[2024-02-27T13:38:27.841-0500][11690.577s] GC(41) Humongous regions: 7->7
[2024-02-27T13:38:27.841-0500][11690.577s] GC(41) Metaspace: 55972K(56640K)->55972K(56640K) NonClass: 49887K(50240K)->49887K(50240K) Class: 6084K(6400K)->6084K(6400K)
[2024-02-27T13:38:27.841-0500][11690.577s] GC(41) Pause Young (Normal) (G1 Evacuation Pause) 351M->49M(512M) 1.654ms
[2024-02-27T13:38:27.841-0500][11690.577s] GC(41) User=0.00s Sys=0.00s Real=0.00s
[2024-02-27T13:39:10.171-0500][11732.907s] GC(42) Pause Young (Normal) (G1 Evacuation Pause)
[2024-02-27T13:39:10.171-0500][11732.907s] GC(42) Using 13 workers of 13 for evacuation
[2024-02-27T13:39:10.174-0500][11732.910s] GC(42)   Pre Evacuate Collection Set: 0.2ms
[2024-02-27T13:39:10.174-0500][11732.910s] GC(42)   Merge Heap Roots: 0.1ms
[2024-02-27T13:39:10.174-0500][11732.910s] GC(42)   Evacuate Collection Set: 2.2ms
[2024-02-27T13:39:10.174-0500][11732.910s] GC(42)   Post Evacuate Collection Set: 0.4ms
[2024-02-27T13:39:10.174-0500][11732.910s] GC(42)   Other: 0.1ms
[2024-02-27T13:39:10.174-0500][11732.910s] GC(42) Eden regions: 302->0(300)
[2024-02-27T13:39:10.174-0500][11732.910s] GC(42) Survivor regions: 5->7(39)
[2024-02-27T13:39:10.174-0500][11732.910s] GC(42) Old regions: 38->38
[2024-02-27T13:39:10.174-0500][11732.910s] GC(42) Archive regions: 0->0
[2024-02-27T13:39:10.174-0500][11732.910s] GC(42) Humongous regions: 7->7
[2024-02-27T13:39:10.174-0500][11732.910s] GC(42) Metaspace: 55972K(56640K)->55972K(56640K) NonClass: 49888K(50240K)->49888K(50240K) Class: 6084K(6400K)->6084K(6400K)
[2024-02-27T13:39:10.174-0500][11732.910s] GC(42) Pause Young (Normal) (G1 Evacuation Pause) 351M->51M(512M) 3.202ms
[2024-02-27T13:39:10.174-0500][11732.910s] GC(42) User=0.00s Sys=0.00s Real=0.00s
[2024-02-27T13:39:48.124-0500][11770.860s] GC(43) Pause Young (Normal) (G1 Evacuation Pause)
[2024-02-27T13:39:48.124-0500][11770.860s] GC(43) Using 13 workers of 13 for evacuation
[2024-02-27T13:39:48.126-0500][11770.861s] GC(43)   Pre Evacuate Collection Set: 0.1ms
[2024-02-27T13:39:48.126-0500][11770.861s] GC(43)   Merge Heap Roots: 0.1ms
[2024-02-27T13:39:48.126-0500][11770.861s] GC(43)   Evacuate Collection Set: 0.8ms
[2024-02-27T13:39:48.126-0500][11770.861s] GC(43)   Post Evacuate Collection Set: 0.5ms
[2024-02-27T13:39:48.126-0500][11770.861s] GC(43)   Other: 0.1ms
[2024-02-27T13:39:48.126-0500][11770.861s] GC(43) Eden regions: 300->0(302)
[2024-02-27T13:39:48.126-0500][11770.861s] GC(43) Survivor regions: 7->5(39)
[2024-02-27T13:39:48.126-0500][11770.861s] GC(43) Old regions: 38->38
[2024-02-27T13:39:48.126-0500][11770.861s] GC(43) Archive regions: 0->0
[2024-02-27T13:39:48.126-0500][11770.861s] GC(43) Humongous regions: 7->7
[2024-02-27T13:39:48.126-0500][11770.861s] GC(43) Metaspace: 55973K(56640K)->55973K(56640K) NonClass: 49889K(50240K)->49889K(50240K) Class: 6084K(6400K)->6084K(6400K)
[2024-02-27T13:39:48.126-0500][11770.861s] GC(43) Pause Young (Normal) (G1 Evacuation Pause) 351M->49M(512M) 1.777ms
[2024-02-27T13:39:48.126-0500][11770.862s] GC(43) User=0.05s Sys=0.00s Real=0.00s
[2024-02-27T13:40:19.910-0500][11802.646s] GC(44) Pause Young (Normal) (G1 Evacuation Pause)
[2024-02-27T13:40:19.910-0500][11802.646s] GC(44) Using 13 workers of 13 for evacuation
[2024-02-27T13:40:19.913-0500][11802.649s] GC(44)   Pre Evacuate Collection Set: 0.1ms
[2024-02-27T13:40:19.913-0500][11802.649s] GC(44)   Merge Heap Roots: 0.1ms
[2024-02-27T13:40:19.913-0500][11802.649s] GC(44)   Evacuate Collection Set: 1.8ms
[2024-02-27T13:40:19.913-0500][11802.649s] GC(44)   Post Evacuate Collection Set: 0.6ms
[2024-02-27T13:40:19.913-0500][11802.649s] GC(44)   Other: 0.1ms
[2024-02-27T13:40:19.913-0500][11802.649s] GC(44) Eden regions: 302->0(299)
[2024-02-27T13:40:19.913-0500][11802.649s] GC(44) Survivor regions: 5->8(39)
[2024-02-27T13:40:19.913-0500][11802.649s] GC(44) Old regions: 38->38
[2024-02-27T13:40:19.913-0500][11802.649s] GC(44) Archive regions: 0->0
[2024-02-27T13:40:19.913-0500][11802.649s] GC(44) Humongous regions: 7->7
[2024-02-27T13:40:19.913-0500][11802.649s] GC(44) Metaspace: 55980K(56640K)->55980K(56640K) NonClass: 49895K(50240K)->49895K(50240K) Class: 6085K(6400K)->6085K(6400K)
[2024-02-27T13:40:19.913-0500][11802.649s] GC(44) Pause Young (Normal) (G1 Evacuation Pause) 351M->52M(512M) 2.923ms
[2024-02-27T13:40:19.913-0500][11802.649s] GC(44) User=0.00s Sys=0.00s Real=0.00s
[2024-02-27T13:41:04.753-0500][11847.489s] GC(45) Pause Young (Normal) (G1 Evacuation Pause)
[2024-02-27T13:41:04.753-0500][11847.489s] GC(45) Using 13 workers of 13 for evacuation
[2024-02-27T13:41:04.754-0500][11847.490s] GC(45)   Pre Evacuate Collection Set: 0.1ms
[2024-02-27T13:41:04.754-0500][11847.490s] GC(45)   Merge Heap Roots: 0.1ms
[2024-02-27T13:41:04.754-0500][11847.490s] GC(45)   Evacuate Collection Set: 0.8ms
[2024-02-27T13:41:04.754-0500][11847.490s] GC(45)   Post Evacuate Collection Set: 0.5ms
[2024-02-27T13:41:04.754-0500][11847.490s] GC(45)   Other: 0.1ms
[2024-02-27T13:41:04.754-0500][11847.490s] GC(45) Eden regions: 299->0(302)
[2024-02-27T13:41:04.754-0500][11847.490s] GC(45) Survivor regions: 8->5(39)
[2024-02-27T13:41:04.755-0500][11847.490s] GC(45) Old regions: 38->38
[2024-02-27T13:41:04.755-0500][11847.490s] GC(45) Archive regions: 0->0
[2024-02-27T13:41:04.755-0500][11847.490s] GC(45) Humongous regions: 7->7
[2024-02-27T13:41:04.755-0500][11847.490s] GC(45) Metaspace: 55981K(56640K)->55981K(56640K) NonClass: 49896K(50240K)->49896K(50240K) Class: 6085K(6400K)->6085K(6400K)
[2024-02-27T13:41:04.755-0500][11847.490s] GC(45) Pause Young (Normal) (G1 Evacuation Pause) 351M->49M(512M) 1.822ms
[2024-02-27T13:41:04.755-0500][11847.490s] GC(45) User=0.00s Sys=0.00s Real=0.00s
[2024-02-27T13:41:29.813-0500][11872.549s] GC(46) Pause Young (Normal) (G1 Evacuation Pause)
[2024-02-27T13:41:29.813-0500][11872.549s] GC(46) Using 13 workers of 13 for evacuation
[2024-02-27T13:41:29.816-0500][11872.552s] GC(46)   Pre Evacuate Collection Set: 0.1ms
[2024-02-27T13:41:29.816-0500][11872.552s] GC(46)   Merge Heap Roots: 0.2ms
[2024-02-27T13:41:29.816-0500][11872.552s] GC(46)   Evacuate Collection Set: 1.5ms
[2024-02-27T13:41:29.816-0500][11872.552s] GC(46)   Post Evacuate Collection Set: 0.7ms
[2024-02-27T13:41:29.816-0500][11872.552s] GC(46)   Other: 0.1ms
[2024-02-27T13:41:29.816-0500][11872.552s] GC(46) Eden regions: 302->0(299)
[2024-02-27T13:41:29.816-0500][11872.552s] GC(46) Survivor regions: 5->8(39)
[2024-02-27T13:41:29.816-0500][11872.552s] GC(46) Old regions: 38->38
[2024-02-27T13:41:29.816-0500][11872.552s] GC(46) Archive regions: 0->0
[2024-02-27T13:41:29.816-0500][11872.552s] GC(46) Humongous regions: 7->7
[2024-02-27T13:41:29.816-0500][11872.552s] GC(46) Metaspace: 55983K(56640K)->55983K(56640K) NonClass: 49898K(50240K)->49898K(50240K) Class: 6085K(6400K)->6085K(6400K)
[2024-02-27T13:41:29.816-0500][11872.552s] GC(46) Pause Young (Normal) (G1 Evacuation Pause) 351M->52M(512M) 2.985ms
[2024-02-27T13:41:29.816-0500][11872.552s] GC(46) User=0.00s Sys=0.00s Real=0.00s
[2024-02-27T13:42:55.898-0500][11958.634s] GC(47) Pause Young (Normal) (G1 Evacuation Pause)
[2024-02-27T13:42:55.898-0500][11958.634s] GC(47) Using 13 workers of 13 for evacuation
[2024-02-27T13:42:55.900-0500][11958.636s] GC(47)   Pre Evacuate Collection Set: 0.1ms
[2024-02-27T13:42:55.900-0500][11958.636s] GC(47)   Merge Heap Roots: 0.1ms
[2024-02-27T13:42:55.900-0500][11958.636s] GC(47)   Evacuate Collection Set: 0.8ms
[2024-02-27T13:42:55.900-0500][11958.636s] GC(47)   Post Evacuate Collection Set: 0.7ms
[2024-02-27T13:42:55.900-0500][11958.636s] GC(47)   Other: 0.1ms
[2024-02-27T13:42:55.900-0500][11958.636s] GC(47) Eden regions: 299->0(302)
[2024-02-27T13:42:55.900-0500][11958.636s] GC(47) Survivor regions: 8->5(39)
[2024-02-27T13:42:55.900-0500][11958.636s] GC(47) Old regions: 38->39
[2024-02-27T13:42:55.900-0500][11958.636s] GC(47) Archive regions: 0->0
[2024-02-27T13:42:55.900-0500][11958.636s] GC(47) Humongous regions: 7->7
[2024-02-27T13:42:55.900-0500][11958.636s] GC(47) Metaspace: 55983K(56640K)->55983K(56640K) NonClass: 49898K(50240K)->49898K(50240K) Class: 6085K(6400K)->6085K(6400K)
[2024-02-27T13:42:55.900-0500][11958.636s] GC(47) Pause Young (Normal) (G1 Evacuation Pause) 351M->49M(512M) 2.129ms
[2024-02-27T13:42:55.900-0500][11958.637s] GC(47) User=0.00s Sys=0.00s Real=0.00s
[2024-02-27T13:43:26.512-0500][11989.247s] GC(48) Pause Young (Normal) (G1 Evacuation Pause)
[2024-02-27T13:43:26.512-0500][11989.248s] GC(48) Using 13 workers of 13 for evacuation
[2024-02-27T13:43:26.514-0500][11989.250s] GC(48)   Pre Evacuate Collection Set: 0.1ms
[2024-02-27T13:43:26.514-0500][11989.250s] GC(48)   Merge Heap Roots: 0.1ms
[2024-02-27T13:43:26.514-0500][11989.250s] GC(48)   Evacuate Collection Set: 1.1ms
[2024-02-27T13:43:26.514-0500][11989.250s] GC(48)   Post Evacuate Collection Set: 0.7ms
[2024-02-27T13:43:26.514-0500][11989.250s] GC(48)   Other: 0.2ms
[2024-02-27T13:43:26.514-0500][11989.250s] GC(48) Eden regions: 302->0(299)
[2024-02-27T13:43:26.514-0500][11989.250s] GC(48) Survivor regions: 5->8(39)
[2024-02-27T13:43:26.514-0500][11989.250s] GC(48) Old regions: 39->39
[2024-02-27T13:43:26.514-0500][11989.250s] GC(48) Archive regions: 0->0
[2024-02-27T13:43:26.514-0500][11989.250s] GC(48) Humongous regions: 7->7
[2024-02-27T13:43:26.514-0500][11989.250s] GC(48) Metaspace: 55983K(56640K)->55983K(56640K) NonClass: 49898K(50240K)->49898K(50240K) Class: 6085K(6400K)->6085K(6400K)
[2024-02-27T13:43:26.514-0500][11989.250s] GC(48) Pause Young (Normal) (G1 Evacuation Pause) 351M->52M(512M) 2.445ms
[2024-02-27T13:43:26.514-0500][11989.250s] GC(48) User=0.00s Sys=0.00s Real=0.00s
