[2024-02-26T12:21:24.271-0500][0.012s] CardTable entry size: 512
[2024-02-26T12:21:24.272-0500][0.012s] Using G1
[2024-02-26T12:21:24.394-0500][0.135s] Version: 19.0.2+7-44 (release)
[2024-02-26T12:21:24.394-0500][0.135s] CPUs: 16 total, 16 available
[2024-02-26T12:21:24.394-0500][0.135s] Memory: 15741M
[2024-02-26T12:21:24.394-0500][0.135s] Large Page Support: Disabled
[2024-02-26T12:21:24.394-0500][0.135s] NUMA Support: Disabled
[2024-02-26T12:21:24.394-0500][0.135s] Compressed Oops: Enabled (32-bit)
[2024-02-26T12:21:24.394-0500][0.135s] Heap Region Size: 1M
[2024-02-26T12:21:24.394-0500][0.135s] Heap Min Capacity: 512M
[2024-02-26T12:21:24.394-0500][0.135s] Heap Initial Capacity: 512M
[2024-02-26T12:21:24.394-0500][0.135s] Heap Max Capacity: 512M
[2024-02-26T12:21:24.394-0500][0.135s] Pre-touch: Enabled
[2024-02-26T12:21:24.394-0500][0.135s] Parallel Workers: 13
[2024-02-26T12:21:24.394-0500][0.135s] Concurrent Workers: 3
[2024-02-26T12:21:24.394-0500][0.135s] Concurrent Refinement Workers: 13
[2024-02-26T12:21:24.394-0500][0.135s] Periodic GC: Disabled
[2024-02-26T12:21:24.396-0500][0.136s] CDS archive(s) mapped at: [0x0000000800000000-0x0000000800c40000-0x0000000800c40000), size 12845056, SharedBaseAddress: 0x0000000800000000, ArchiveRelocationMode: 0.
[2024-02-26T12:21:24.396-0500][0.136s] Compressed class space mapped at: 0x0000000801000000-0x0000000841000000, reserved size: 1073741824
[2024-02-26T12:21:24.396-0500][0.136s] Narrow klass base: 0x0000000800000000, Narrow klass shift: 0, Narrow klass range: 0x100000000
[2024-02-26T12:21:30.334-0500][6.074s] GC(0) Pause Young (Normal) (G1 Evacuation Pause)
[2024-02-26T12:21:30.335-0500][6.075s] GC(0) Using 12 workers of 13 for evacuation
[2024-02-26T12:21:30.338-0500][6.079s] GC(0)   Pre Evacuate Collection Set: 0.1ms
[2024-02-26T12:21:30.339-0500][6.079s] GC(0)   Merge Heap Roots: 0.1ms
[2024-02-26T12:21:30.339-0500][6.079s] GC(0)   Evacuate Collection Set: 2.9ms
[2024-02-26T12:21:30.339-0500][6.079s] GC(0)   Post Evacuate Collection Set: 0.6ms
[2024-02-26T12:21:30.339-0500][6.079s] GC(0)   Other: 0.6ms
[2024-02-26T12:21:30.339-0500][6.079s] GC(0) Eden regions: 29->0(41)
[2024-02-26T12:21:30.339-0500][6.079s] GC(0) Survivor regions: 0->4(4)
[2024-02-26T12:21:30.339-0500][6.079s] GC(0) Old regions: 0->1
[2024-02-26T12:21:30.339-0500][6.079s] GC(0) Archive regions: 0->0
[2024-02-26T12:21:30.339-0500][6.079s] GC(0) Humongous regions: 0->0
[2024-02-26T12:21:30.339-0500][6.079s] GC(0) Metaspace: 9131K(9408K)->9131K(9408K) NonClass: 8132K(8256K)->8132K(8256K) Class: 999K(1152K)->999K(1152K)
[2024-02-26T12:21:30.339-0500][6.079s] GC(0) Pause Young (Normal) (G1 Evacuation Pause) 29M->4M(512M) 4.626ms
[2024-02-26T12:21:30.339-0500][6.079s] GC(0) User=0.00s Sys=0.00s Real=0.00s
[2024-02-26T12:21:31.021-0500][6.762s] GC(1) Pause Young (Normal) (G1 Evacuation Pause)
[2024-02-26T12:21:31.021-0500][6.762s] GC(1) Using 13 workers of 13 for evacuation
[2024-02-26T12:21:31.028-0500][6.769s] GC(1)   Pre Evacuate Collection Set: 0.1ms
[2024-02-26T12:21:31.028-0500][6.769s] GC(1)   Merge Heap Roots: 0.1ms
[2024-02-26T12:21:31.028-0500][6.769s] GC(1)   Evacuate Collection Set: 6.2ms
[2024-02-26T12:21:31.028-0500][6.769s] GC(1)   Post Evacuate Collection Set: 0.9ms
[2024-02-26T12:21:31.028-0500][6.769s] GC(1)   Other: 0.2ms
[2024-02-26T12:21:31.028-0500][6.769s] GC(1) Eden regions: 41->0(152)
[2024-02-26T12:21:31.028-0500][6.769s] GC(1) Survivor regions: 4->6(6)
[2024-02-26T12:21:31.028-0500][6.769s] GC(1) Old regions: 1->8
[2024-02-26T12:21:31.028-0500][6.769s] GC(1) Archive regions: 0->0
[2024-02-26T12:21:31.028-0500][6.769s] GC(1) Humongous regions: 4->4
[2024-02-26T12:21:31.028-0500][6.769s] GC(1) Metaspace: 17275K(17664K)->17275K(17664K) NonClass: 15350K(15552K)->15350K(15552K) Class: 1924K(2112K)->1924K(2112K)
[2024-02-26T12:21:31.028-0500][6.769s] GC(1) Pause Young (Normal) (G1 Evacuation Pause) 49M->17M(512M) 7.761ms
[2024-02-26T12:21:31.028-0500][6.769s] GC(1) User=0.00s Sys=0.00s Real=0.01s
[2024-02-26T12:21:31.667-0500][7.407s] GC(2) Pause Young (Concurrent Start) (Metadata GC Threshold)
[2024-02-26T12:21:31.667-0500][7.407s] GC(2) Using 13 workers of 13 for evacuation
[2024-02-26T12:21:31.670-0500][7.411s] GC(2)   Pre Evacuate Collection Set: 0.2ms
[2024-02-26T12:21:31.670-0500][7.411s] GC(2)   Merge Heap Roots: 0.1ms
[2024-02-26T12:21:31.670-0500][7.411s] GC(2)   Evacuate Collection Set: 3.0ms
[2024-02-26T12:21:31.670-0500][7.411s] GC(2)   Post Evacuate Collection Set: 0.9ms
[2024-02-26T12:21:31.671-0500][7.411s] GC(2)   Other: 0.2ms
[2024-02-26T12:21:31.671-0500][7.411s] GC(2) Eden regions: 112->0(296)
[2024-02-26T12:21:31.671-0500][7.411s] GC(2) Survivor regions: 6->11(20)
[2024-02-26T12:21:31.671-0500][7.411s] GC(2) Old regions: 8->8
[2024-02-26T12:21:31.671-0500][7.411s] GC(2) Archive regions: 0->0
[2024-02-26T12:21:31.671-0500][7.411s] GC(2) Humongous regions: 4->4
[2024-02-26T12:21:31.671-0500][7.411s] GC(2) Metaspace: 21144K(21504K)->21144K(21504K) NonClass: 18845K(19008K)->18845K(19008K) Class: 2299K(2496K)->2299K(2496K)
[2024-02-26T12:21:31.671-0500][7.411s] GC(2) Pause Young (Concurrent Start) (Metadata GC Threshold) 129M->22M(512M) 4.640ms
[2024-02-26T12:21:31.671-0500][7.411s] GC(2) User=0.00s Sys=0.00s Real=0.00s
[2024-02-26T12:21:31.671-0500][7.411s] GC(3) Concurrent Mark Cycle
[2024-02-26T12:21:31.671-0500][7.411s] GC(3) Concurrent Clear Claimed Marks
[2024-02-26T12:21:31.671-0500][7.411s] GC(3) Concurrent Clear Claimed Marks 0.032ms
[2024-02-26T12:21:31.671-0500][7.411s] GC(3) Concurrent Scan Root Regions
[2024-02-26T12:21:31.673-0500][7.414s] GC(3) Concurrent Scan Root Regions 2.127ms
[2024-02-26T12:21:31.673-0500][7.414s] GC(3) Concurrent Mark
[2024-02-26T12:21:31.673-0500][7.414s] GC(3) Concurrent Mark From Roots
[2024-02-26T12:21:31.673-0500][7.414s] GC(3) Using 3 workers of 3 for marking
[2024-02-26T12:21:31.678-0500][7.418s] GC(3) Concurrent Mark From Roots 4.726ms
[2024-02-26T12:21:31.678-0500][7.418s] GC(3) Concurrent Preclean
[2024-02-26T12:21:31.678-0500][7.419s] GC(3) Concurrent Preclean 0.162ms
[2024-02-26T12:21:31.679-0500][7.419s] GC(3) Pause Remark
[2024-02-26T12:21:31.681-0500][7.421s] GC(3) Pause Remark 24M->24M(512M) 1.821ms
[2024-02-26T12:21:31.681-0500][7.421s] GC(3) User=0.00s Sys=0.00s Real=0.00s
[2024-02-26T12:21:31.681-0500][7.421s] GC(3) Concurrent Mark 7.394ms
[2024-02-26T12:21:31.681-0500][7.421s] GC(3) Concurrent Rebuild Remembered Sets
[2024-02-26T12:21:31.681-0500][7.421s] GC(3) Concurrent Rebuild Remembered Sets 0.009ms
[2024-02-26T12:21:31.681-0500][7.421s] GC(3) Pause Cleanup
[2024-02-26T12:21:31.681-0500][7.421s] GC(3) Pause Cleanup 24M->24M(512M) 0.030ms
[2024-02-26T12:21:31.681-0500][7.421s] GC(3) User=0.00s Sys=0.00s Real=0.00s
[2024-02-26T12:21:31.681-0500][7.421s] GC(3) Concurrent Cleanup for Next Mark
[2024-02-26T12:21:31.682-0500][7.422s] GC(3) Concurrent Cleanup for Next Mark 0.691ms
[2024-02-26T12:21:31.682-0500][7.422s] GC(3) Concurrent Mark Cycle 10.779ms
[2024-02-26T12:21:53.132-0500][28.873s] GC(4) Pause Young (Concurrent Start) (Metadata GC Threshold)
[2024-02-26T12:21:53.132-0500][28.873s] GC(4) Using 13 workers of 13 for evacuation
[2024-02-26T12:21:53.139-0500][28.880s] GC(4)   Pre Evacuate Collection Set: 0.2ms
[2024-02-26T12:21:53.139-0500][28.880s] GC(4)   Merge Heap Roots: 0.1ms
[2024-02-26T12:21:53.139-0500][28.880s] GC(4)   Evacuate Collection Set: 5.7ms
[2024-02-26T12:21:53.139-0500][28.880s] GC(4)   Post Evacuate Collection Set: 1.0ms
[2024-02-26T12:21:53.139-0500][28.880s] GC(4)   Other: 0.1ms
[2024-02-26T12:21:53.139-0500][28.880s] GC(4) Eden regions: 201->0(289)
[2024-02-26T12:21:53.139-0500][28.880s] GC(4) Survivor regions: 11->18(39)
[2024-02-26T12:21:53.139-0500][28.880s] GC(4) Old regions: 8->8
[2024-02-26T12:21:53.139-0500][28.880s] GC(4) Archive regions: 0->0
[2024-02-26T12:21:53.139-0500][28.880s] GC(4) Humongous regions: 5->4
[2024-02-26T12:21:53.139-0500][28.880s] GC(4) Metaspace: 35815K(36288K)->35815K(36288K) NonClass: 31717K(31936K)->31717K(31936K) Class: 4097K(4352K)->4097K(4352K)
[2024-02-26T12:21:53.139-0500][28.880s] GC(4) Pause Young (Concurrent Start) (Metadata GC Threshold) 224M->29M(512M) 7.308ms
[2024-02-26T12:21:53.140-0500][28.880s] GC(5) Concurrent Mark Cycle
[2024-02-26T12:21:53.140-0500][28.880s] GC(4) User=0.00s Sys=0.00s Real=0.01s
[2024-02-26T12:21:53.140-0500][28.881s] GC(5) Concurrent Clear Claimed Marks
[2024-02-26T12:21:53.140-0500][28.881s] GC(5) Concurrent Clear Claimed Marks 0.078ms
[2024-02-26T12:21:53.140-0500][28.881s] GC(5) Concurrent Scan Root Regions
[2024-02-26T12:21:53.142-0500][28.883s] GC(5) Concurrent Scan Root Regions 2.554ms
[2024-02-26T12:21:53.142-0500][28.883s] GC(5) Concurrent Mark
[2024-02-26T12:21:53.142-0500][28.883s] GC(5) Concurrent Mark From Roots
[2024-02-26T12:21:53.142-0500][28.883s] GC(5) Using 3 workers of 3 for marking
[2024-02-26T12:21:53.146-0500][28.887s] GC(5) Concurrent Mark From Roots 3.730ms
[2024-02-26T12:21:53.147-0500][28.887s] GC(5) Concurrent Preclean
[2024-02-26T12:21:53.147-0500][28.887s] GC(5) Concurrent Preclean 0.076ms
[2024-02-26T12:21:53.147-0500][28.887s] GC(5) Pause Remark
[2024-02-26T12:21:53.149-0500][28.890s] GC(5) Pause Remark 30M->30M(512M) 2.388ms
[2024-02-26T12:21:53.149-0500][28.890s] GC(5) User=0.00s Sys=0.00s Real=0.00s
[2024-02-26T12:21:53.149-0500][28.890s] GC(5) Concurrent Mark 6.469ms
[2024-02-26T12:21:53.149-0500][28.890s] GC(5) Concurrent Rebuild Remembered Sets
[2024-02-26T12:21:53.149-0500][28.890s] GC(5) Concurrent Rebuild Remembered Sets 0.009ms
[2024-02-26T12:21:53.149-0500][28.890s] GC(5) Pause Cleanup
[2024-02-26T12:21:53.149-0500][28.890s] GC(5) Pause Cleanup 30M->30M(512M) 0.043ms
[2024-02-26T12:21:53.149-0500][28.890s] GC(5) User=0.00s Sys=0.00s Real=0.00s
[2024-02-26T12:21:53.149-0500][28.890s] GC(5) Concurrent Cleanup for Next Mark
[2024-02-26T12:21:53.149-0500][28.890s] GC(5) Concurrent Cleanup for Next Mark 0.418ms
[2024-02-26T12:21:53.149-0500][28.890s] GC(5) Concurrent Mark Cycle 9.880ms
