[2024-03-01T18:12:31.736+0800][0.003s] CardTable entry size: 512
[2024-03-01T18:12:31.736+0800][0.003s] Using G1
[2024-03-01T18:12:31.804+0800][0.071s] Version: 19+36-2238 (release)
[2024-03-01T18:12:31.804+0800][0.071s] CPUs: 8 total, 8 available
[2024-03-01T18:12:31.804+0800][0.071s] Memory: 16384M
[2024-03-01T18:12:31.804+0800][0.071s] Large Page Support: Disabled
[2024-03-01T18:12:31.804+0800][0.071s] NUMA Support: Disabled
[2024-03-01T18:12:31.804+0800][0.071s] Compressed Oops: Enabled (Zero based)
[2024-03-01T18:12:31.804+0800][0.071s] Heap Region Size: 1M
[2024-03-01T18:12:31.804+0800][0.071s] Heap Min Capacity: 512M
[2024-03-01T18:12:31.804+0800][0.071s] Heap Initial Capacity: 512M
[2024-03-01T18:12:31.804+0800][0.071s] Heap Max Capacity: 512M
[2024-03-01T18:12:31.804+0800][0.071s] Pre-touch: Enabled
[2024-03-01T18:12:31.804+0800][0.071s] Parallel Workers: 8
[2024-03-01T18:12:31.804+0800][0.071s] Concurrent Workers: 2
[2024-03-01T18:12:31.804+0800][0.071s] Concurrent Refinement Workers: 8
[2024-03-01T18:12:31.804+0800][0.071s] Periodic GC: Disabled
[2024-03-01T18:12:31.804+0800][0.071s] CDS archive(s) mapped at: [0x0000000800000000-0x0000000800c44000-0x0000000800c44000), size 12861440, SharedBaseAddress: 0x0000000800000000, ArchiveRelocationMode: 0.
[2024-03-01T18:12:31.804+0800][0.071s] Compressed class space mapped at: 0x0000000801000000-0x0000000841000000, reserved size: 1073741824
[2024-03-01T18:12:31.804+0800][0.071s] Narrow klass base: 0x0000000800000000, Narrow klass shift: 0, Narrow klass range: 0x100000000
[2024-03-01T18:12:32.257+0800][0.524s] GC(0) Pause Young (Normal) (G1 Evacuation Pause)
[2024-03-01T18:12:32.257+0800][0.524s] GC(0) Using 8 workers of 8 for evacuation
[2024-03-01T18:12:32.259+0800][0.526s] GC(0)   Pre Evacuate Collection Set: 0.1ms
[2024-03-01T18:12:32.259+0800][0.526s] GC(0)   Merge Heap Roots: 0.0ms
[2024-03-01T18:12:32.259+0800][0.526s] GC(0)   Evacuate Collection Set: 1.5ms
[2024-03-01T18:12:32.259+0800][0.526s] GC(0)   Post Evacuate Collection Set: 0.2ms
[2024-03-01T18:12:32.259+0800][0.526s] GC(0)   Other: 0.2ms
[2024-03-01T18:12:32.259+0800][0.526s] GC(0) Eden regions: 29->0(63)
[2024-03-01T18:12:32.259+0800][0.526s] GC(0) Survivor regions: 0->4(4)
[2024-03-01T18:12:32.259+0800][0.526s] GC(0) Old regions: 0->0
[2024-03-01T18:12:32.259+0800][0.526s] GC(0) Archive regions: 2->2
[2024-03-01T18:12:32.259+0800][0.526s] GC(0) Humongous regions: 0->0
[2024-03-01T18:12:32.259+0800][0.526s] GC(0) Metaspace: 10218K(10432K)->10218K(10432K) NonClass: 9074K(9216K)->9074K(9216K) Class: 1143K(1216K)->1143K(1216K)
[2024-03-01T18:12:32.259+0800][0.526s] GC(0) Pause Young (Normal) (G1 Evacuation Pause) 29M->4M(512M) 2.136ms
[2024-03-01T18:12:32.259+0800][0.526s] GC(0) User=0.01s Sys=0.00s Real=0.00s
[2024-03-01T18:12:32.597+0800][0.864s] GC(1) Pause Young (Normal) (G1 Evacuation Pause)
[2024-03-01T18:12:32.597+0800][0.864s] GC(1) Using 8 workers of 8 for evacuation
[2024-03-01T18:12:32.604+0800][0.871s] GC(1)   Pre Evacuate Collection Set: 0.1ms
[2024-03-01T18:12:32.604+0800][0.871s] GC(1)   Merge Heap Roots: 0.0ms
[2024-03-01T18:12:32.604+0800][0.871s] GC(1)   Evacuate Collection Set: 6.0ms
[2024-03-01T18:12:32.604+0800][0.871s] GC(1)   Post Evacuate Collection Set: 0.5ms
[2024-03-01T18:12:32.604+0800][0.871s] GC(1)   Other: 0.0ms
[2024-03-01T18:12:32.604+0800][0.871s] GC(1) Eden regions: 63->0(79)
[2024-03-01T18:12:32.604+0800][0.871s] GC(1) Survivor regions: 4->9(9)
[2024-03-01T18:12:32.604+0800][0.871s] GC(1) Old regions: 0->9
[2024-03-01T18:12:32.604+0800][0.871s] GC(1) Archive regions: 2->2
[2024-03-01T18:12:32.604+0800][0.871s] GC(1) Humongous regions: 4->4
[2024-03-01T18:12:32.604+0800][0.871s] GC(1) Metaspace: 17237K(17600K)->17237K(17600K) NonClass: 15298K(15488K)->15298K(15488K) Class: 1938K(2112K)->1938K(2112K)
[2024-03-01T18:12:32.604+0800][0.871s] GC(1) Pause Young (Normal) (G1 Evacuation Pause) 71M->22M(512M) 6.832ms
[2024-03-01T18:12:32.604+0800][0.871s] GC(1) User=0.03s Sys=0.00s Real=0.01s
[2024-03-01T18:12:32.718+0800][0.985s] GC(2) Pause Young (Concurrent Start) (Metadata GC Threshold)
[2024-03-01T18:12:32.718+0800][0.985s] GC(2) Using 8 workers of 8 for evacuation
[2024-03-01T18:12:32.721+0800][0.988s] GC(2)   Pre Evacuate Collection Set: 0.1ms
[2024-03-01T18:12:32.721+0800][0.988s] GC(2)   Merge Heap Roots: 0.0ms
[2024-03-01T18:12:32.721+0800][0.988s] GC(2)   Evacuate Collection Set: 2.7ms
[2024-03-01T18:12:32.721+0800][0.988s] GC(2)   Post Evacuate Collection Set: 0.2ms
[2024-03-01T18:12:32.721+0800][0.988s] GC(2)   Other: 0.0ms
[2024-03-01T18:12:32.721+0800][0.988s] GC(2) Eden regions: 24->0(125)
[2024-03-01T18:12:32.721+0800][0.988s] GC(2) Survivor regions: 9->2(11)
[2024-03-01T18:12:32.721+0800][0.988s] GC(2) Old regions: 9->18
[2024-03-01T18:12:32.721+0800][0.988s] GC(2) Archive regions: 2->2
[2024-03-01T18:12:32.721+0800][0.988s] GC(2) Humongous regions: 4->4
[2024-03-01T18:12:32.721+0800][0.988s] GC(2) Metaspace: 21120K(21504K)->21120K(21504K) NonClass: 18793K(19008K)->18793K(19008K) Class: 2326K(2496K)->2326K(2496K)
[2024-03-01T18:12:32.721+0800][0.988s] GC(2) Pause Young (Concurrent Start) (Metadata GC Threshold) 46M->23M(512M) 3.129ms
[2024-03-01T18:12:32.721+0800][0.988s] GC(3) Concurrent Mark Cycle
[2024-03-01T18:12:32.721+0800][0.988s] GC(2) User=0.01s Sys=0.00s Real=0.01s
[2024-03-01T18:12:32.721+0800][0.988s] GC(3) Concurrent Clear Claimed Marks
[2024-03-01T18:12:32.721+0800][0.988s] GC(3) Concurrent Clear Claimed Marks 0.018ms
[2024-03-01T18:12:32.721+0800][0.988s] GC(3) Concurrent Scan Root Regions
[2024-03-01T18:12:32.722+0800][0.989s] GC(3) Concurrent Scan Root Regions 1.582ms
[2024-03-01T18:12:32.722+0800][0.989s] GC(3) Concurrent Mark
[2024-03-01T18:12:32.722+0800][0.989s] GC(3) Concurrent Mark From Roots
[2024-03-01T18:12:32.722+0800][0.990s] GC(3) Using 2 workers of 2 for marking
[2024-03-01T18:12:32.726+0800][0.993s] GC(3) Concurrent Mark From Roots 3.940ms
[2024-03-01T18:12:32.726+0800][0.993s] GC(3) Concurrent Preclean
[2024-03-01T18:12:32.726+0800][0.993s] GC(3) Concurrent Preclean 0.032ms
[2024-03-01T18:12:32.727+0800][0.994s] GC(3) Pause Remark
[2024-03-01T18:12:32.728+0800][0.995s] GC(3) Pause Remark 25M->25M(512M) 1.042ms
[2024-03-01T18:12:32.728+0800][0.995s] GC(3) User=0.00s Sys=0.00s Real=0.00s
[2024-03-01T18:12:32.728+0800][0.995s] GC(3) Concurrent Mark 5.164ms
[2024-03-01T18:12:32.728+0800][0.995s] GC(3) Concurrent Rebuild Remembered Sets
[2024-03-01T18:12:32.731+0800][0.998s] GC(3) Concurrent Rebuild Remembered Sets 3.636ms
[2024-03-01T18:12:32.731+0800][0.998s] GC(3) Pause Cleanup
[2024-03-01T18:12:32.731+0800][0.998s] GC(3) Pause Cleanup 26M->26M(512M) 0.053ms
[2024-03-01T18:12:32.731+0800][0.998s] GC(3) User=0.00s Sys=0.00s Real=0.00s
[2024-03-01T18:12:32.731+0800][0.998s] GC(3) Concurrent Cleanup for Next Mark
[2024-03-01T18:12:32.732+0800][0.999s] GC(3) Concurrent Cleanup for Next Mark 0.577ms
[2024-03-01T18:12:32.732+0800][0.999s] GC(3) Concurrent Mark Cycle 11.244ms
[2024-03-01T18:12:33.367+0800][1.634s] GC(4) Pause Young (Prepare Mixed) (Metadata GC Threshold)
[2024-03-01T18:12:33.367+0800][1.634s] GC(4) Using 8 workers of 8 for evacuation
[2024-03-01T18:12:33.369+0800][1.636s] GC(4)   Pre Evacuate Collection Set: 0.1ms
[2024-03-01T18:12:33.369+0800][1.636s] GC(4)   Merge Heap Roots: 0.0ms
[2024-03-01T18:12:33.369+0800][1.636s] GC(4)   Evacuate Collection Set: 2.2ms
[2024-03-01T18:12:33.369+0800][1.636s] GC(4)   Post Evacuate Collection Set: 0.2ms
[2024-03-01T18:12:33.369+0800][1.636s] GC(4)   Other: 0.0ms
[2024-03-01T18:12:33.369+0800][1.636s] GC(4) Eden regions: 102->0(17)
[2024-03-01T18:12:33.369+0800][1.636s] GC(4) Survivor regions: 2->8(18)
[2024-03-01T18:12:33.369+0800][1.636s] GC(4) Old regions: 18->18
[2024-03-01T18:12:33.369+0800][1.636s] GC(4) Archive regions: 2->2
[2024-03-01T18:12:33.369+0800][1.636s] GC(4) Humongous regions: 5->4
[2024-03-01T18:12:33.369+0800][1.636s] GC(4) Metaspace: 35856K(36288K)->35856K(36288K) NonClass: 31694K(31936K)->31694K(31936K) Class: 4162K(4352K)->4162K(4352K)
[2024-03-01T18:12:33.369+0800][1.636s] GC(4) Pause Young (Prepare Mixed) (Metadata GC Threshold) 126M->29M(512M) 2.684ms
[2024-03-01T18:12:33.369+0800][1.636s] GC(4) User=0.02s Sys=0.00s Real=0.00s
[2024-03-01T18:12:33.395+0800][1.662s] GC(5) Pause Young (Mixed) (Metadata GC Threshold)
[2024-03-01T18:12:33.395+0800][1.662s] GC(5) Using 8 workers of 8 for evacuation
[2024-03-01T18:12:33.398+0800][1.665s] GC(5)   Pre Evacuate Collection Set: 0.1ms
[2024-03-01T18:12:33.398+0800][1.665s] GC(5)   Merge Heap Roots: 0.0ms
[2024-03-01T18:12:33.398+0800][1.665s] GC(5)   Evacuate Collection Set: 2.5ms
[2024-03-01T18:12:33.398+0800][1.665s] GC(5)   Post Evacuate Collection Set: 0.2ms
[2024-03-01T18:12:33.398+0800][1.665s] GC(5)   Other: 0.0ms
[2024-03-01T18:12:33.398+0800][1.665s] GC(5) Eden regions: 8->0(305)
[2024-03-01T18:12:33.398+0800][1.665s] GC(5) Survivor regions: 8->2(4)
[2024-03-01T18:12:33.398+0800][1.665s] GC(5) Old regions: 18->25
[2024-03-01T18:12:33.398+0800][1.665s] GC(5) Archive regions: 2->2
[2024-03-01T18:12:33.398+0800][1.665s] GC(5) Humongous regions: 4->4
[2024-03-01T18:12:33.398+0800][1.665s] GC(5) Metaspace: 36151K(36608K)->36151K(36608K) NonClass: 31974K(32192K)->31974K(32192K) Class: 4176K(4416K)->4176K(4416K)
[2024-03-01T18:12:33.398+0800][1.665s] GC(5) Pause Young (Mixed) (Metadata GC Threshold) 37M->30M(512M) 2.968ms
[2024-03-01T18:12:33.398+0800][1.665s] GC(5) User=0.02s Sys=0.01s Real=0.00s
[2024-03-01T18:12:33.412+0800][1.679s] GC(6) Pause Young (Concurrent Start) (Metadata GC Threshold)
[2024-03-01T18:12:33.412+0800][1.679s] GC(6) Using 8 workers of 8 for evacuation
[2024-03-01T18:12:33.413+0800][1.680s] GC(6)   Pre Evacuate Collection Set: 0.1ms
[2024-03-01T18:12:33.413+0800][1.680s] GC(6)   Merge Heap Roots: 0.0ms
[2024-03-01T18:12:33.413+0800][1.680s] GC(6)   Evacuate Collection Set: 0.5ms
[2024-03-01T18:12:33.413+0800][1.680s] GC(6)   Post Evacuate Collection Set: 0.1ms
[2024-03-01T18:12:33.413+0800][1.680s] GC(6)   Other: 0.0ms
[2024-03-01T18:12:33.413+0800][1.680s] GC(6) Eden regions: 3->0(306)
[2024-03-01T18:12:33.413+0800][1.680s] GC(6) Survivor regions: 2->1(39)
[2024-03-01T18:12:33.413+0800][1.680s] GC(6) Old regions: 25->25
[2024-03-01T18:12:33.413+0800][1.680s] GC(6) Archive regions: 2->2
[2024-03-01T18:12:33.413+0800][1.680s] GC(6) Humongous regions: 4->4
[2024-03-01T18:12:33.413+0800][1.680s] GC(6) Metaspace: 36446K(36928K)->36446K(36928K) NonClass: 32241K(32512K)->32241K(32512K) Class: 4205K(4416K)->4205K(4416K)
[2024-03-01T18:12:33.413+0800][1.680s] GC(6) Pause Young (Concurrent Start) (Metadata GC Threshold) 33M->30M(512M) 0.817ms
[2024-03-01T18:12:33.413+0800][1.680s] GC(7) Concurrent Mark Cycle
[2024-03-01T18:12:33.413+0800][1.680s] GC(6) User=0.01s Sys=0.00s Real=0.00s
[2024-03-01T18:12:33.413+0800][1.680s] GC(7) Concurrent Clear Claimed Marks
[2024-03-01T18:12:33.413+0800][1.680s] GC(7) Concurrent Clear Claimed Marks 0.022ms
[2024-03-01T18:12:33.413+0800][1.680s] GC(7) Concurrent Scan Root Regions
[2024-03-01T18:12:33.414+0800][1.681s] GC(7) Concurrent Scan Root Regions 0.480ms
[2024-03-01T18:12:33.414+0800][1.681s] GC(7) Concurrent Mark
[2024-03-01T18:12:33.414+0800][1.681s] GC(7) Concurrent Mark From Roots
[2024-03-01T18:12:33.414+0800][1.681s] GC(7) Using 2 workers of 2 for marking
[2024-03-01T18:12:33.422+0800][1.689s] GC(7) Concurrent Mark From Roots 8.615ms
[2024-03-01T18:12:33.422+0800][1.689s] GC(7) Concurrent Preclean
[2024-03-01T18:12:33.422+0800][1.689s] GC(7) Concurrent Preclean 0.029ms
[2024-03-01T18:12:33.422+0800][1.689s] GC(7) Pause Remark
[2024-03-01T18:12:33.424+0800][1.691s] GC(7) Pause Remark 32M->32M(512M) 1.387ms
[2024-03-01T18:12:33.424+0800][1.691s] GC(7) User=0.01s Sys=0.00s Real=0.00s
[2024-03-01T18:12:33.424+0800][1.691s] GC(7) Concurrent Mark 10.198ms
[2024-03-01T18:12:33.424+0800][1.691s] GC(7) Concurrent Rebuild Remembered Sets
[2024-03-01T18:12:33.430+0800][1.697s] GC(7) Concurrent Rebuild Remembered Sets 5.962ms
[2024-03-01T18:12:33.430+0800][1.697s] GC(7) Pause Cleanup
[2024-03-01T18:12:33.430+0800][1.697s] GC(7) Pause Cleanup 33M->33M(512M) 0.063ms
[2024-03-01T18:12:33.430+0800][1.697s] GC(7) User=0.00s Sys=0.00s Real=0.00s
[2024-03-01T18:12:33.430+0800][1.697s] GC(7) Concurrent Cleanup for Next Mark
[2024-03-01T18:12:33.431+0800][1.698s] GC(7) Concurrent Cleanup for Next Mark 0.687ms
[2024-03-01T18:12:33.431+0800][1.698s] GC(7) Concurrent Mark Cycle 17.600ms
[2024-03-02T02:29:29.668+0800][24645.437s] GC(8) Pause Young (Prepare Mixed) (G1 Evacuation Pause)
[2024-03-02T02:29:29.669+0800][24645.438s] GC(8) Using 8 workers of 8 for evacuation
[2024-03-02T02:29:29.688+0800][24645.456s] GC(8)   Pre Evacuate Collection Set: 0.2ms
[2024-03-02T02:29:29.688+0800][24645.456s] GC(8)   Merge Heap Roots: 0.1ms
[2024-03-02T02:29:29.688+0800][24645.456s] GC(8)   Evacuate Collection Set: 16.6ms
[2024-03-02T02:29:29.688+0800][24645.456s] GC(8)   Post Evacuate Collection Set: 1.2ms
[2024-03-02T02:29:29.688+0800][24645.456s] GC(8)   Other: 0.4ms
[2024-03-02T02:29:29.688+0800][24645.456s] GC(8) Eden regions: 306->0(9)
[2024-03-02T02:29:29.688+0800][24645.456s] GC(8) Survivor regions: 1->16(39)
[2024-03-02T02:29:29.688+0800][24645.456s] GC(8) Old regions: 25->25
[2024-03-02T02:29:29.688+0800][24645.456s] GC(8) Archive regions: 2->2
[2024-03-02T02:29:29.688+0800][24645.456s] GC(8) Humongous regions: 7->7
[2024-03-02T02:29:29.688+0800][24645.456s] GC(8) Metaspace: 51332K(51968K)->51332K(51968K) NonClass: 45389K(45696K)->45389K(45696K) Class: 5942K(6272K)->5942K(6272K)
[2024-03-02T02:29:29.688+0800][24645.456s] GC(8) Pause Young (Prepare Mixed) (G1 Evacuation Pause) 339M->47M(512M) 19.935ms
[2024-03-02T02:29:29.688+0800][24645.456s] GC(8) User=0.03s Sys=0.05s Real=0.02s
[2024-03-02T02:29:29.716+0800][24645.484s] GC(9) Pause Young (Mixed) (G1 Evacuation Pause)
[2024-03-02T02:29:29.716+0800][24645.484s] GC(9) Using 8 workers of 8 for evacuation
[2024-03-02T02:29:29.721+0800][24645.490s] GC(9)   Pre Evacuate Collection Set: 0.1ms
[2024-03-02T02:29:29.721+0800][24645.490s] GC(9)   Merge Heap Roots: 0.1ms
[2024-03-02T02:29:29.721+0800][24645.490s] GC(9)   Evacuate Collection Set: 4.9ms
[2024-03-02T02:29:29.721+0800][24645.490s] GC(9)   Post Evacuate Collection Set: 0.4ms
[2024-03-02T02:29:29.721+0800][24645.490s] GC(9)   Other: 0.0ms
[2024-03-02T02:29:29.721+0800][24645.490s] GC(9) Eden regions: 9->0(304)
[2024-03-02T02:29:29.721+0800][24645.490s] GC(9) Survivor regions: 16->3(4)
[2024-03-02T02:29:29.721+0800][24645.490s] GC(9) Old regions: 25->40
[2024-03-02T02:29:29.721+0800][24645.490s] GC(9) Archive regions: 2->2
[2024-03-02T02:29:29.721+0800][24645.490s] GC(9) Humongous regions: 7->7
[2024-03-02T02:29:29.721+0800][24645.490s] GC(9) Metaspace: 51356K(52032K)->51356K(52032K) NonClass: 45412K(45760K)->45412K(45760K) Class: 5944K(6272K)->5944K(6272K)
[2024-03-02T02:29:29.721+0800][24645.490s] GC(9) Pause Young (Mixed) (G1 Evacuation Pause) 56M->50M(512M) 5.623ms
[2024-03-02T02:29:29.721+0800][24645.490s] GC(9) User=0.02s Sys=0.01s Real=0.01s
[2024-03-02T02:29:39.106+0800][24654.874s] GC(10) Pause Young (Normal) (G1 Evacuation Pause)
[2024-03-02T02:29:39.106+0800][24654.874s] GC(10) Using 8 workers of 8 for evacuation
[2024-03-02T02:29:39.108+0800][24654.876s] GC(10)   Pre Evacuate Collection Set: 0.1ms
[2024-03-02T02:29:39.108+0800][24654.876s] GC(10)   Merge Heap Roots: 0.1ms
[2024-03-02T02:29:39.108+0800][24654.876s] GC(10)   Evacuate Collection Set: 1.0ms
[2024-03-02T02:29:39.108+0800][24654.876s] GC(10)   Post Evacuate Collection Set: 0.5ms
[2024-03-02T02:29:39.108+0800][24654.876s] GC(10)   Other: 0.1ms
[2024-03-02T02:29:39.108+0800][24654.876s] GC(10) Eden regions: 304->0(302)
[2024-03-02T02:29:39.108+0800][24654.876s] GC(10) Survivor regions: 3->5(39)
[2024-03-02T02:29:39.108+0800][24654.876s] GC(10) Old regions: 40->40
[2024-03-02T02:29:39.108+0800][24654.876s] GC(10) Archive regions: 2->2
[2024-03-02T02:29:39.108+0800][24654.876s] GC(10) Humongous regions: 7->7
[2024-03-02T02:29:39.108+0800][24654.876s] GC(10) Metaspace: 51573K(52224K)->51573K(52224K) NonClass: 45626K(45952K)->45626K(45952K) Class: 5946K(6272K)->5946K(6272K)
[2024-03-02T02:29:39.108+0800][24654.876s] GC(10) Pause Young (Normal) (G1 Evacuation Pause) 354M->52M(512M) 2.016ms
[2024-03-02T02:29:39.108+0800][24654.876s] GC(10) User=0.00s Sys=0.00s Real=0.00s
[2024-03-02T02:29:52.649+0800][24668.417s] GC(11) Pause Young (Normal) (G1 Evacuation Pause)
[2024-03-02T02:29:52.649+0800][24668.418s] GC(11) Using 8 workers of 8 for evacuation
[2024-03-02T02:29:52.650+0800][24668.419s] GC(11)   Pre Evacuate Collection Set: 0.1ms
[2024-03-02T02:29:52.650+0800][24668.419s] GC(11)   Merge Heap Roots: 0.1ms
[2024-03-02T02:29:52.650+0800][24668.419s] GC(11)   Evacuate Collection Set: 0.6ms
[2024-03-02T02:29:52.650+0800][24668.419s] GC(11)   Post Evacuate Collection Set: 0.2ms
[2024-03-02T02:29:52.650+0800][24668.419s] GC(11)   Other: 0.0ms
[2024-03-02T02:29:52.650+0800][24668.419s] GC(11) Eden regions: 302->0(299)
[2024-03-02T02:29:52.650+0800][24668.419s] GC(11) Survivor regions: 5->8(39)
[2024-03-02T02:29:52.650+0800][24668.419s] GC(11) Old regions: 40->40
[2024-03-02T02:29:52.650+0800][24668.419s] GC(11) Archive regions: 2->2
[2024-03-02T02:29:52.650+0800][24668.419s] GC(11) Humongous regions: 7->7
[2024-03-02T02:29:52.650+0800][24668.419s] GC(11) Metaspace: 51787K(52416K)->51787K(52416K) NonClass: 45840K(46144K)->45840K(46144K) Class: 5946K(6272K)->5946K(6272K)
[2024-03-02T02:29:52.650+0800][24668.419s] GC(11) Pause Young (Normal) (G1 Evacuation Pause) 354M->54M(512M) 1.227ms
[2024-03-02T02:29:52.650+0800][24668.419s] GC(11) User=0.00s Sys=0.00s Real=0.01s
[2024-03-02T02:30:07.798+0800][24683.566s] GC(12) Pause Young (Normal) (G1 Evacuation Pause)
[2024-03-02T02:30:07.798+0800][24683.566s] GC(12) Using 8 workers of 8 for evacuation
[2024-03-02T02:30:07.800+0800][24683.568s] GC(12)   Pre Evacuate Collection Set: 0.1ms
[2024-03-02T02:30:07.800+0800][24683.568s] GC(12)   Merge Heap Roots: 0.1ms
[2024-03-02T02:30:07.800+0800][24683.568s] GC(12)   Evacuate Collection Set: 1.1ms
[2024-03-02T02:30:07.800+0800][24683.568s] GC(12)   Post Evacuate Collection Set: 0.4ms
[2024-03-02T02:30:07.800+0800][24683.568s] GC(12)   Other: 0.1ms
[2024-03-02T02:30:07.800+0800][24683.568s] GC(12) Eden regions: 299->0(300)
[2024-03-02T02:30:07.800+0800][24683.568s] GC(12) Survivor regions: 8->7(39)
[2024-03-02T02:30:07.800+0800][24683.568s] GC(12) Old regions: 40->40
[2024-03-02T02:30:07.800+0800][24683.568s] GC(12) Archive regions: 2->2
[2024-03-02T02:30:07.800+0800][24683.568s] GC(12) Humongous regions: 7->7
[2024-03-02T02:30:07.800+0800][24683.568s] GC(12) Metaspace: 51978K(52672K)->51978K(52672K) NonClass: 46031K(46400K)->46031K(46400K) Class: 5947K(6272K)->5947K(6272K)
[2024-03-02T02:30:07.800+0800][24683.568s] GC(12) Pause Young (Normal) (G1 Evacuation Pause) 353M->54M(512M) 2.317ms
[2024-03-02T02:30:07.800+0800][24683.569s] GC(12) User=0.00s Sys=0.00s Real=0.01s
[2024-03-02T02:30:24.867+0800][24700.636s] GC(13) Pause Young (Normal) (G1 Evacuation Pause)
[2024-03-02T02:30:24.868+0800][24700.637s] GC(13) Using 8 workers of 8 for evacuation
[2024-03-02T02:30:24.870+0800][24700.639s] GC(13)   Pre Evacuate Collection Set: 0.1ms
[2024-03-02T02:30:24.870+0800][24700.639s] GC(13)   Merge Heap Roots: 0.1ms
[2024-03-02T02:30:24.870+0800][24700.639s] GC(13)   Evacuate Collection Set: 1.6ms
[2024-03-02T02:30:24.870+0800][24700.639s] GC(13)   Post Evacuate Collection Set: 0.5ms
[2024-03-02T02:30:24.870+0800][24700.639s] GC(13)   Other: 0.1ms
[2024-03-02T02:30:24.870+0800][24700.639s] GC(13) Eden regions: 300->0(302)
[2024-03-02T02:30:24.870+0800][24700.639s] GC(13) Survivor regions: 7->5(39)
[2024-03-02T02:30:24.871+0800][24700.639s] GC(13) Old regions: 40->40
[2024-03-02T02:30:24.871+0800][24700.639s] GC(13) Archive regions: 2->2
[2024-03-02T02:30:24.871+0800][24700.639s] GC(13) Humongous regions: 7->7
[2024-03-02T02:30:24.871+0800][24700.639s] GC(13) Metaspace: 52047K(52672K)->52047K(52672K) NonClass: 46099K(46400K)->46099K(46400K) Class: 5947K(6272K)->5947K(6272K)
[2024-03-02T02:30:24.871+0800][24700.639s] GC(13) Pause Young (Normal) (G1 Evacuation Pause) 354M->52M(512M) 3.427ms
[2024-03-02T02:30:24.871+0800][24700.639s] GC(13) User=0.01s Sys=0.00s Real=0.01s
[2024-03-02T02:30:37.580+0800][24713.349s] GC(14) Pause Young (Normal) (G1 Evacuation Pause)
[2024-03-02T02:30:37.583+0800][24713.351s] GC(14) Using 8 workers of 8 for evacuation
[2024-03-02T02:30:37.584+0800][24713.353s] GC(14)   Pre Evacuate Collection Set: 0.1ms
[2024-03-02T02:30:37.584+0800][24713.353s] GC(14)   Merge Heap Roots: 0.0ms
[2024-03-02T02:30:37.584+0800][24713.353s] GC(14)   Evacuate Collection Set: 0.9ms
[2024-03-02T02:30:37.584+0800][24713.353s] GC(14)   Post Evacuate Collection Set: 0.2ms
[2024-03-02T02:30:37.584+0800][24713.353s] GC(14)   Other: 0.1ms
[2024-03-02T02:30:37.584+0800][24713.353s] GC(14) Eden regions: 302->0(299)
[2024-03-02T02:30:37.584+0800][24713.353s] GC(14) Survivor regions: 5->8(39)
[2024-03-02T02:30:37.584+0800][24713.353s] GC(14) Old regions: 40->40
[2024-03-02T02:30:37.584+0800][24713.353s] GC(14) Archive regions: 2->2
[2024-03-02T02:30:37.584+0800][24713.353s] GC(14) Humongous regions: 7->7
[2024-03-02T02:30:37.584+0800][24713.353s] GC(14) Metaspace: 52169K(52800K)->52169K(52800K) NonClass: 46221K(46528K)->46221K(46528K) Class: 5947K(6272K)->5947K(6272K)
[2024-03-02T02:30:37.584+0800][24713.353s] GC(14) Pause Young (Normal) (G1 Evacuation Pause) 354M->54M(512M) 3.837ms
[2024-03-02T02:30:37.584+0800][24713.353s] GC(14) User=0.00s Sys=0.01s Real=0.00s
[2024-03-02T02:30:45.935+0800][24721.704s] GC(15) Pause Young (Normal) (G1 Evacuation Pause)
[2024-03-02T02:30:45.936+0800][24721.704s] GC(15) Using 8 workers of 8 for evacuation
[2024-03-02T02:30:45.937+0800][24721.706s] GC(15)   Pre Evacuate Collection Set: 0.1ms
[2024-03-02T02:30:45.937+0800][24721.706s] GC(15)   Merge Heap Roots: 0.1ms
[2024-03-02T02:30:45.937+0800][24721.706s] GC(15)   Evacuate Collection Set: 1.1ms
[2024-03-02T02:30:45.937+0800][24721.706s] GC(15)   Post Evacuate Collection Set: 0.2ms
[2024-03-02T02:30:45.937+0800][24721.706s] GC(15)   Other: 0.1ms
[2024-03-02T02:30:45.937+0800][24721.706s] GC(15) Eden regions: 299->0(300)
[2024-03-02T02:30:45.937+0800][24721.706s] GC(15) Survivor regions: 8->7(39)
[2024-03-02T02:30:45.937+0800][24721.706s] GC(15) Old regions: 40->40
[2024-03-02T02:30:45.937+0800][24721.706s] GC(15) Archive regions: 2->2
[2024-03-02T02:30:45.937+0800][24721.706s] GC(15) Humongous regions: 7->7
[2024-03-02T02:30:45.937+0800][24721.706s] GC(15) Metaspace: 52345K(52992K)->52345K(52992K) NonClass: 46397K(46720K)->46397K(46720K) Class: 5947K(6272K)->5947K(6272K)
[2024-03-02T02:30:45.937+0800][24721.706s] GC(15) Pause Young (Normal) (G1 Evacuation Pause) 353M->54M(512M) 1.997ms
[2024-03-02T02:30:45.937+0800][24721.706s] GC(15) User=0.00s Sys=0.00s Real=0.00s
[2024-03-02T02:30:57.159+0800][24732.928s] GC(16) Pause Young (Normal) (G1 Evacuation Pause)
[2024-03-02T02:30:57.160+0800][24732.929s] GC(16) Using 8 workers of 8 for evacuation
[2024-03-02T02:30:57.161+0800][24732.930s] GC(16)   Pre Evacuate Collection Set: 0.1ms
[2024-03-02T02:30:57.161+0800][24732.930s] GC(16)   Merge Heap Roots: 0.1ms
[2024-03-02T02:30:57.161+0800][24732.930s] GC(16)   Evacuate Collection Set: 0.8ms
[2024-03-02T02:30:57.161+0800][24732.930s] GC(16)   Post Evacuate Collection Set: 0.3ms
[2024-03-02T02:30:57.161+0800][24732.930s] GC(16)   Other: 0.0ms
[2024-03-02T02:30:57.161+0800][24732.930s] GC(16) Eden regions: 300->0(299)
[2024-03-02T02:30:57.161+0800][24732.930s] GC(16) Survivor regions: 7->8(39)
[2024-03-02T02:30:57.161+0800][24732.930s] GC(16) Old regions: 40->40
[2024-03-02T02:30:57.161+0800][24732.930s] GC(16) Archive regions: 2->2
[2024-03-02T02:30:57.161+0800][24732.930s] GC(16) Humongous regions: 7->7
[2024-03-02T02:30:57.161+0800][24732.930s] GC(16) Metaspace: 52378K(52992K)->52378K(52992K) NonClass: 46431K(46720K)->46431K(46720K) Class: 5947K(6272K)->5947K(6272K)
[2024-03-02T02:30:57.161+0800][24732.930s] GC(16) Pause Young (Normal) (G1 Evacuation Pause) 354M->55M(512M) 2.124ms
[2024-03-02T02:30:57.161+0800][24732.930s] GC(16) User=0.00s Sys=0.00s Real=0.01s
[2024-03-02T02:31:11.156+0800][24746.925s] GC(17) Pause Young (Normal) (G1 Evacuation Pause)
[2024-03-02T02:31:11.156+0800][24746.925s] GC(17) Using 8 workers of 8 for evacuation
[2024-03-02T02:31:11.158+0800][24746.926s] GC(17)   Pre Evacuate Collection Set: 0.1ms
[2024-03-02T02:31:11.158+0800][24746.926s] GC(17)   Merge Heap Roots: 0.1ms
[2024-03-02T02:31:11.158+0800][24746.927s] GC(17)   Evacuate Collection Set: 0.8ms
[2024-03-02T02:31:11.158+0800][24746.927s] GC(17)   Post Evacuate Collection Set: 0.4ms
[2024-03-02T02:31:11.158+0800][24746.927s] GC(17)   Other: 0.0ms
[2024-03-02T02:31:11.158+0800][24746.927s] GC(17) Eden regions: 299->0(299)
[2024-03-02T02:31:11.158+0800][24746.927s] GC(17) Survivor regions: 8->8(39)
[2024-03-02T02:31:11.158+0800][24746.927s] GC(17) Old regions: 40->40
[2024-03-02T02:31:11.158+0800][24746.927s] GC(17) Archive regions: 2->2
[2024-03-02T02:31:11.158+0800][24746.927s] GC(17) Humongous regions: 7->7
[2024-03-02T02:31:11.158+0800][24746.927s] GC(17) Metaspace: 52494K(53120K)->52494K(53120K) NonClass: 46546K(46848K)->46546K(46848K) Class: 5947K(6272K)->5947K(6272K)
[2024-03-02T02:31:11.158+0800][24746.927s] GC(17) Pause Young (Normal) (G1 Evacuation Pause) 354M->55M(512M) 1.595ms
[2024-03-02T02:31:11.158+0800][24746.927s] GC(17) User=0.01s Sys=0.00s Real=0.00s
[2024-03-02T13:12:39.291+0800][27468.393s] GC(18) Pause Young (Normal) (G1 Evacuation Pause)
[2024-03-02T13:12:39.293+0800][27468.395s] GC(18) Using 8 workers of 8 for evacuation
[2024-03-02T13:12:39.299+0800][27468.401s] GC(18)   Pre Evacuate Collection Set: 0.2ms
[2024-03-02T13:12:39.299+0800][27468.401s] GC(18)   Merge Heap Roots: 0.1ms
[2024-03-02T13:12:39.299+0800][27468.401s] GC(18)   Evacuate Collection Set: 5.7ms
[2024-03-02T13:12:39.299+0800][27468.401s] GC(18)   Post Evacuate Collection Set: 0.5ms
[2024-03-02T13:12:39.299+0800][27468.401s] GC(18)   Other: 0.4ms
[2024-03-02T13:12:39.299+0800][27468.401s] GC(18) Eden regions: 299->0(296)
[2024-03-02T13:12:39.299+0800][27468.401s] GC(18) Survivor regions: 8->11(39)
[2024-03-02T13:12:39.299+0800][27468.401s] GC(18) Old regions: 40->40
[2024-03-02T13:12:39.299+0800][27468.401s] GC(18) Archive regions: 2->2
[2024-03-02T13:12:39.299+0800][27468.401s] GC(18) Humongous regions: 7->7
[2024-03-02T13:12:39.299+0800][27468.401s] GC(18) Metaspace: 52730K(53376K)->52730K(53376K) NonClass: 46782K(47104K)->46782K(47104K) Class: 5948K(6272K)->5948K(6272K)
[2024-03-02T13:12:39.299+0800][27468.401s] GC(18) Pause Young (Normal) (G1 Evacuation Pause) 354M->57M(512M) 8.214ms
[2024-03-02T13:12:39.299+0800][27468.401s] GC(18) User=0.01s Sys=0.03s Real=0.00s
[2024-03-02T13:14:01.003+0800][27550.107s] GC(19) Pause Young (Normal) (G1 Evacuation Pause)
[2024-03-02T13:14:01.004+0800][27550.108s] GC(19) Using 8 workers of 8 for evacuation
[2024-03-02T13:14:01.006+0800][27550.110s] GC(19)   Pre Evacuate Collection Set: 0.1ms
[2024-03-02T13:14:01.006+0800][27550.110s] GC(19)   Merge Heap Roots: 0.1ms
[2024-03-02T13:14:01.006+0800][27550.110s] GC(19)   Evacuate Collection Set: 1.9ms
[2024-03-02T13:14:01.006+0800][27550.110s] GC(19)   Post Evacuate Collection Set: 0.5ms
[2024-03-02T13:14:01.006+0800][27550.110s] GC(19)   Other: 0.1ms
[2024-03-02T13:14:01.006+0800][27550.110s] GC(19) Eden regions: 296->0(299)
[2024-03-02T13:14:01.006+0800][27550.110s] GC(19) Survivor regions: 11->8(39)
[2024-03-02T13:14:01.006+0800][27550.110s] GC(19) Old regions: 40->40
[2024-03-02T13:14:01.006+0800][27550.110s] GC(19) Archive regions: 2->2
[2024-03-02T13:14:01.006+0800][27550.110s] GC(19) Humongous regions: 7->7
[2024-03-02T13:14:01.006+0800][27550.110s] GC(19) Metaspace: 52815K(53440K)->52815K(53440K) NonClass: 46867K(47168K)->46867K(47168K) Class: 5948K(6272K)->5948K(6272K)
[2024-03-02T13:14:01.007+0800][27550.110s] GC(19) Pause Young (Normal) (G1 Evacuation Pause) 353M->55M(512M) 3.147ms
[2024-03-02T13:14:01.007+0800][27550.110s] GC(19) User=0.01s Sys=0.00s Real=0.00s
[2024-03-02T13:14:21.239+0800][27570.344s] GC(20) Pause Young (Normal) (G1 Evacuation Pause)
[2024-03-02T13:14:21.240+0800][27570.345s] GC(20) Using 8 workers of 8 for evacuation
[2024-03-02T13:14:21.242+0800][27570.346s] GC(20)   Pre Evacuate Collection Set: 0.1ms
[2024-03-02T13:14:21.242+0800][27570.346s] GC(20)   Merge Heap Roots: 0.1ms
[2024-03-02T13:14:21.242+0800][27570.346s] GC(20)   Evacuate Collection Set: 0.9ms
[2024-03-02T13:14:21.242+0800][27570.346s] GC(20)   Post Evacuate Collection Set: 0.3ms
[2024-03-02T13:14:21.242+0800][27570.346s] GC(20)   Other: 0.1ms
[2024-03-02T13:14:21.242+0800][27570.346s] GC(20) Eden regions: 299->0(299)
[2024-03-02T13:14:21.242+0800][27570.346s] GC(20) Survivor regions: 8->8(39)
[2024-03-02T13:14:21.242+0800][27570.346s] GC(20) Old regions: 40->40
[2024-03-02T13:14:21.242+0800][27570.346s] GC(20) Archive regions: 2->2
[2024-03-02T13:14:21.242+0800][27570.346s] GC(20) Humongous regions: 7->7
[2024-03-02T13:14:21.242+0800][27570.346s] GC(20) Metaspace: 52946K(53632K)->52946K(53632K) NonClass: 46997K(47360K)->46997K(47360K) Class: 5948K(6272K)->5948K(6272K)
[2024-03-02T13:14:21.242+0800][27570.346s] GC(20) Pause Young (Normal) (G1 Evacuation Pause) 354M->55M(512M) 2.394ms
[2024-03-02T13:14:21.242+0800][27570.346s] GC(20) User=0.01s Sys=0.00s Real=0.01s
[2024-03-02T13:14:32.147+0800][27581.251s] GC(21) Pause Young (Normal) (G1 Evacuation Pause)
[2024-03-02T13:14:32.147+0800][27581.252s] GC(21) Using 8 workers of 8 for evacuation
[2024-03-02T13:14:32.149+0800][27581.253s] GC(21)   Pre Evacuate Collection Set: 0.1ms
[2024-03-02T13:14:32.149+0800][27581.253s] GC(21)   Merge Heap Roots: 0.1ms
[2024-03-02T13:14:32.149+0800][27581.253s] GC(21)   Evacuate Collection Set: 1.0ms
[2024-03-02T13:14:32.149+0800][27581.253s] GC(21)   Post Evacuate Collection Set: 0.2ms
[2024-03-02T13:14:32.149+0800][27581.253s] GC(21)   Other: 0.1ms
[2024-03-02T13:14:32.149+0800][27581.253s] GC(21) Eden regions: 299->0(298)
[2024-03-02T13:14:32.149+0800][27581.253s] GC(21) Survivor regions: 8->9(39)
[2024-03-02T13:14:32.149+0800][27581.253s] GC(21) Old regions: 40->40
[2024-03-02T13:14:32.149+0800][27581.253s] GC(21) Archive regions: 2->2
[2024-03-02T13:14:32.149+0800][27581.253s] GC(21) Humongous regions: 7->7
[2024-03-02T13:14:32.149+0800][27581.253s] GC(21) Metaspace: 52990K(53632K)->52990K(53632K) NonClass: 47041K(47360K)->47041K(47360K) Class: 5948K(6272K)->5948K(6272K)
[2024-03-02T13:14:32.149+0800][27581.253s] GC(21) Pause Young (Normal) (G1 Evacuation Pause) 354M->55M(512M) 2.392ms
[2024-03-02T13:14:32.149+0800][27581.253s] GC(21) User=0.01s Sys=0.00s Real=0.00s
[2024-03-02T13:14:47.270+0800][27596.375s] GC(22) Pause Young (Normal) (G1 Evacuation Pause)
[2024-03-02T13:14:47.270+0800][27596.375s] GC(22) Using 8 workers of 8 for evacuation
[2024-03-02T13:14:47.273+0800][27596.378s] GC(22)   Pre Evacuate Collection Set: 0.1ms
[2024-03-02T13:14:47.273+0800][27596.378s] GC(22)   Merge Heap Roots: 0.1ms
[2024-03-02T13:14:47.273+0800][27596.378s] GC(22)   Evacuate Collection Set: 2.2ms
[2024-03-02T13:14:47.273+0800][27596.378s] GC(22)   Post Evacuate Collection Set: 0.4ms
[2024-03-02T13:14:47.273+0800][27596.378s] GC(22)   Other: 0.1ms
[2024-03-02T13:14:47.273+0800][27596.378s] GC(22) Eden regions: 298->0(301)
[2024-03-02T13:14:47.273+0800][27596.378s] GC(22) Survivor regions: 9->6(39)
[2024-03-02T13:14:47.273+0800][27596.378s] GC(22) Old regions: 40->40
[2024-03-02T13:14:47.273+0800][27596.378s] GC(22) Archive regions: 2->2
[2024-03-02T13:14:47.273+0800][27596.378s] GC(22) Humongous regions: 7->7
[2024-03-02T13:14:47.273+0800][27596.378s] GC(22) Metaspace: 53027K(53696K)->53027K(53696K) NonClass: 47078K(47424K)->47078K(47424K) Class: 5949K(6272K)->5949K(6272K)
[2024-03-02T13:14:47.273+0800][27596.378s] GC(22) Pause Young (Normal) (G1 Evacuation Pause) 353M->53M(512M) 3.384ms
[2024-03-02T13:14:47.273+0800][27596.378s] GC(22) User=0.01s Sys=0.00s Real=0.00s
[2024-03-02T13:14:53.399+0800][27602.503s] GC(23) Pause Young (Normal) (G1 Evacuation Pause)
[2024-03-02T13:14:53.399+0800][27602.504s] GC(23) Using 8 workers of 8 for evacuation
[2024-03-02T13:14:53.400+0800][27602.505s] GC(23)   Pre Evacuate Collection Set: 0.1ms
[2024-03-02T13:14:53.400+0800][27602.505s] GC(23)   Merge Heap Roots: 0.0ms
[2024-03-02T13:14:53.400+0800][27602.505s] GC(23)   Evacuate Collection Set: 0.9ms
[2024-03-02T13:14:53.400+0800][27602.505s] GC(23)   Post Evacuate Collection Set: 0.3ms
[2024-03-02T13:14:53.400+0800][27602.505s] GC(23)   Other: 0.0ms
[2024-03-02T13:14:53.400+0800][27602.505s] GC(23) Eden regions: 301->0(298)
[2024-03-02T13:14:53.400+0800][27602.505s] GC(23) Survivor regions: 6->9(39)
[2024-03-02T13:14:53.400+0800][27602.505s] GC(23) Old regions: 40->40
[2024-03-02T13:14:53.400+0800][27602.505s] GC(23) Archive regions: 2->2
[2024-03-02T13:14:53.400+0800][27602.505s] GC(23) Humongous regions: 7->7
[2024-03-02T13:14:53.400+0800][27602.505s] GC(23) Metaspace: 53049K(53696K)->53049K(53696K) NonClass: 47100K(47424K)->47100K(47424K) Class: 5949K(6272K)->5949K(6272K)
[2024-03-02T13:14:53.400+0800][27602.505s] GC(23) Pause Young (Normal) (G1 Evacuation Pause) 354M->56M(512M) 1.589ms
[2024-03-02T13:14:53.400+0800][27602.505s] GC(23) User=0.00s Sys=0.00s Real=0.01s
[2024-03-02T13:15:03.498+0800][27612.604s] GC(24) Pause Young (Normal) (G1 Evacuation Pause)
[2024-03-02T13:15:03.498+0800][27612.604s] GC(24) Using 8 workers of 8 for evacuation
[2024-03-02T13:15:03.500+0800][27612.605s] GC(24)   Pre Evacuate Collection Set: 0.1ms
[2024-03-02T13:15:03.500+0800][27612.605s] GC(24)   Merge Heap Roots: 0.0ms
[2024-03-02T13:15:03.500+0800][27612.605s] GC(24)   Evacuate Collection Set: 1.0ms
[2024-03-02T13:15:03.500+0800][27612.605s] GC(24)   Post Evacuate Collection Set: 0.2ms
[2024-03-02T13:15:03.500+0800][27612.605s] GC(24)   Other: 0.0ms
[2024-03-02T13:15:03.500+0800][27612.605s] GC(24) Eden regions: 298->0(297)
[2024-03-02T13:15:03.500+0800][27612.605s] GC(24) Survivor regions: 9->10(39)
[2024-03-02T13:15:03.500+0800][27612.605s] GC(24) Old regions: 40->40
[2024-03-02T13:15:03.500+0800][27612.605s] GC(24) Archive regions: 2->2
[2024-03-02T13:15:03.500+0800][27612.605s] GC(24) Humongous regions: 7->7
[2024-03-02T13:15:03.500+0800][27612.605s] GC(24) Metaspace: 53085K(53760K)->53085K(53760K) NonClass: 47136K(47488K)->47136K(47488K) Class: 5949K(6272K)->5949K(6272K)
[2024-03-02T13:15:03.500+0800][27612.605s] GC(24) Pause Young (Normal) (G1 Evacuation Pause) 354M->56M(512M) 1.537ms
[2024-03-02T13:15:03.500+0800][27612.605s] GC(24) User=0.01s Sys=0.00s Real=0.01s
[2024-03-02T13:15:45.558+0800][27654.664s] GC(25) Pause Young (Normal) (G1 Evacuation Pause)
[2024-03-02T13:15:45.558+0800][27654.664s] GC(25) Using 8 workers of 8 for evacuation
[2024-03-02T13:15:45.560+0800][27654.666s] GC(25)   Pre Evacuate Collection Set: 0.1ms
[2024-03-02T13:15:45.560+0800][27654.666s] GC(25)   Merge Heap Roots: 0.1ms
[2024-03-02T13:15:45.560+0800][27654.666s] GC(25)   Evacuate Collection Set: 1.0ms
[2024-03-02T13:15:45.560+0800][27654.666s] GC(25)   Post Evacuate Collection Set: 0.3ms
[2024-03-02T13:15:45.560+0800][27654.666s] GC(25)   Other: 0.1ms
[2024-03-02T13:15:45.560+0800][27654.666s] GC(25) Eden regions: 297->0(298)
[2024-03-02T13:15:45.560+0800][27654.666s] GC(25) Survivor regions: 10->9(39)
[2024-03-02T13:15:45.560+0800][27654.666s] GC(25) Old regions: 40->40
[2024-03-02T13:15:45.560+0800][27654.666s] GC(25) Archive regions: 2->2
[2024-03-02T13:15:45.560+0800][27654.666s] GC(25) Humongous regions: 7->7
[2024-03-02T13:15:45.560+0800][27654.666s] GC(25) Metaspace: 53172K(53824K)->53172K(53824K) NonClass: 47223K(47552K)->47223K(47552K) Class: 5949K(6272K)->5949K(6272K)
[2024-03-02T13:15:45.560+0800][27654.666s] GC(25) Pause Young (Normal) (G1 Evacuation Pause) 353M->56M(512M) 1.991ms
[2024-03-02T13:15:45.560+0800][27654.666s] GC(25) User=0.00s Sys=0.01s Real=0.01s
[2024-03-02T13:16:04.442+0800][27673.548s] GC(26) Pause Young (Normal) (G1 Evacuation Pause)
[2024-03-02T13:16:04.443+0800][27673.549s] GC(26) Using 8 workers of 8 for evacuation
[2024-03-02T13:16:04.444+0800][27673.550s] GC(26)   Pre Evacuate Collection Set: 0.1ms
[2024-03-02T13:16:04.444+0800][27673.551s] GC(26)   Merge Heap Roots: 0.1ms
[2024-03-02T13:16:04.444+0800][27673.551s] GC(26)   Evacuate Collection Set: 1.0ms
[2024-03-02T13:16:04.444+0800][27673.551s] GC(26)   Post Evacuate Collection Set: 0.3ms
[2024-03-02T13:16:04.444+0800][27673.551s] GC(26)   Other: 0.0ms
[2024-03-02T13:16:04.444+0800][27673.551s] GC(26) Eden regions: 298->0(297)
[2024-03-02T13:16:04.444+0800][27673.551s] GC(26) Survivor regions: 9->10(39)
[2024-03-02T13:16:04.444+0800][27673.551s] GC(26) Old regions: 40->40
[2024-03-02T13:16:04.444+0800][27673.551s] GC(26) Archive regions: 2->2
[2024-03-02T13:16:04.444+0800][27673.551s] GC(26) Humongous regions: 7->7
[2024-03-02T13:16:04.444+0800][27673.551s] GC(26) Metaspace: 53198K(53888K)->53198K(53888K) NonClass: 47249K(47616K)->47249K(47616K) Class: 5949K(6272K)->5949K(6272K)
[2024-03-02T13:16:04.444+0800][27673.551s] GC(26) Pause Young (Normal) (G1 Evacuation Pause) 354M->56M(512M) 2.323ms
[2024-03-02T13:16:04.444+0800][27673.551s] GC(26) User=0.00s Sys=0.00s Real=0.00s
[2024-03-02T18:22:41.713+0800][45677.905s] Heap
[2024-03-02T18:22:41.713+0800][45677.906s]  garbage-first heap   total 524288K, used 198886K [0x00000007e0000000, 0x0000000800000000)
[2024-03-02T18:22:41.713+0800][45677.906s]   region size 1024K, 148 young (151552K), 10 survivors (10240K)
[2024-03-02T18:22:41.713+0800][45677.906s]  Metaspace       used 53659K, committed 54272K, reserved 1114112K
[2024-03-02T18:22:41.713+0800][45677.906s]   class space    used 5986K, committed 6272K, reserved 1048576K
