[2024-02-26T12:45:21.655-0500][0.012s] CardTable entry size: 512
[2024-02-26T12:45:21.656-0500][0.012s] Using G1
[2024-02-26T12:45:21.772-0500][0.129s] Version: 19.0.2+7-44 (release)
[2024-02-26T12:45:21.772-0500][0.129s] CPUs: 16 total, 16 available
[2024-02-26T12:45:21.772-0500][0.129s] Memory: 15741M
[2024-02-26T12:45:21.772-0500][0.129s] Large Page Support: Disabled
[2024-02-26T12:45:21.772-0500][0.129s] NUMA Support: Disabled
[2024-02-26T12:45:21.772-0500][0.129s] Compressed Oops: Enabled (32-bit)
[2024-02-26T12:45:21.772-0500][0.129s] Heap Region Size: 1M
[2024-02-26T12:45:21.772-0500][0.129s] Heap Min Capacity: 512M
[2024-02-26T12:45:21.772-0500][0.129s] Heap Initial Capacity: 512M
[2024-02-26T12:45:21.772-0500][0.129s] Heap Max Capacity: 512M
[2024-02-26T12:45:21.775-0500][0.132s] Pre-touch: Enabled
[2024-02-26T12:45:21.775-0500][0.132s] Parallel Workers: 13
[2024-02-26T12:45:21.775-0500][0.132s] Concurrent Workers: 3
[2024-02-26T12:45:21.775-0500][0.132s] Concurrent Refinement Workers: 13
[2024-02-26T12:45:21.775-0500][0.132s] Periodic GC: Disabled
[2024-02-26T12:45:21.776-0500][0.133s] CDS archive(s) mapped at: [0x0000000800000000-0x0000000800c40000-0x0000000800c40000), size 12845056, SharedBaseAddress: 0x0000000800000000, ArchiveRelocationMode: 0.
[2024-02-26T12:45:21.776-0500][0.133s] Compressed class space mapped at: 0x0000000801000000-0x0000000841000000, reserved size: 1073741824
[2024-02-26T12:45:21.776-0500][0.133s] Narrow klass base: 0x0000000800000000, Narrow klass shift: 0, Narrow klass range: 0x100000000
[2024-02-26T12:45:22.710-0500][1.067s] GC(0) Pause Young (Normal) (G1 Evacuation Pause)
[2024-02-26T12:45:22.710-0500][1.068s] GC(0) Using 12 workers of 13 for evacuation
[2024-02-26T12:45:22.715-0500][1.071s] GC(0)   Pre Evacuate Collection Set: 0.1ms
[2024-02-26T12:45:22.715-0500][1.071s] GC(0)   Merge Heap Roots: 0.1ms
[2024-02-26T12:45:22.715-0500][1.071s] GC(0)   Evacuate Collection Set: 2.5ms
[2024-02-26T12:45:22.715-0500][1.071s] GC(0)   Post Evacuate Collection Set: 0.8ms
[2024-02-26T12:45:22.715-0500][1.071s] GC(0)   Other: 0.6ms
[2024-02-26T12:45:22.715-0500][1.071s] GC(0) Eden regions: 29->0(41)
[2024-02-26T12:45:22.715-0500][1.071s] GC(0) Survivor regions: 0->4(4)
[2024-02-26T12:45:22.715-0500][1.071s] GC(0) Old regions: 0->1
[2024-02-26T12:45:22.715-0500][1.071s] GC(0) Archive regions: 0->0
[2024-02-26T12:45:22.715-0500][1.071s] GC(0) Humongous regions: 0->0
[2024-02-26T12:45:22.715-0500][1.071s] GC(0) Metaspace: 8641K(8832K)->8641K(8832K) NonClass: 7704K(7808K)->7704K(7808K) Class: 936K(1024K)->936K(1024K)
[2024-02-26T12:45:22.715-0500][1.071s] GC(0) Pause Young (Normal) (G1 Evacuation Pause) 29M->4M(512M) 4.495ms
[2024-02-26T12:45:22.715-0500][1.071s] GC(0) User=0.00s Sys=0.00s Real=0.00s
[2024-02-26T12:45:28.431-0500][6.788s] GC(1) Pause Young (Normal) (G1 Evacuation Pause)
[2024-02-26T12:45:28.431-0500][6.788s] GC(1) Using 13 workers of 13 for evacuation
[2024-02-26T12:45:28.439-0500][6.796s] GC(1)   Pre Evacuate Collection Set: 0.1ms
[2024-02-26T12:45:28.439-0500][6.796s] GC(1)   Merge Heap Roots: 0.1ms
[2024-02-26T12:45:28.439-0500][6.796s] GC(1)   Evacuate Collection Set: 6.5ms
[2024-02-26T12:45:28.439-0500][6.796s] GC(1)   Post Evacuate Collection Set: 1.1ms
[2024-02-26T12:45:28.439-0500][6.796s] GC(1)   Other: 0.2ms
[2024-02-26T12:45:28.439-0500][6.796s] GC(1) Eden regions: 41->0(127)
[2024-02-26T12:45:28.439-0500][6.796s] GC(1) Survivor regions: 4->6(6)
[2024-02-26T12:45:28.439-0500][6.796s] GC(1) Old regions: 1->8
[2024-02-26T12:45:28.439-0500][6.796s] GC(1) Archive regions: 0->0
[2024-02-26T12:45:28.439-0500][6.796s] GC(1) Humongous regions: 4->4
[2024-02-26T12:45:28.439-0500][6.796s] GC(1) Metaspace: 17280K(17664K)->17280K(17664K) NonClass: 15356K(15552K)->15356K(15552K) Class: 1923K(2112K)->1923K(2112K)
[2024-02-26T12:45:28.439-0500][6.796s] GC(1) Pause Young (Normal) (G1 Evacuation Pause) 49M->17M(512M) 8.167ms
[2024-02-26T12:45:28.439-0500][6.796s] GC(1) User=0.00s Sys=0.00s Real=0.01s
[2024-02-26T12:45:29.151-0500][7.508s] GC(2) Pause Young (Concurrent Start) (Metadata GC Threshold)
[2024-02-26T12:45:29.151-0500][7.508s] GC(2) Using 13 workers of 13 for evacuation
[2024-02-26T12:45:29.155-0500][7.512s] GC(2)   Pre Evacuate Collection Set: 0.1ms
[2024-02-26T12:45:29.155-0500][7.512s] GC(2)   Merge Heap Roots: 0.1ms
[2024-02-26T12:45:29.155-0500][7.512s] GC(2)   Evacuate Collection Set: 2.2ms
[2024-02-26T12:45:29.155-0500][7.512s] GC(2)   Post Evacuate Collection Set: 0.9ms
[2024-02-26T12:45:29.155-0500][7.512s] GC(2)   Other: 0.1ms
[2024-02-26T12:45:29.155-0500][7.512s] GC(2) Eden regions: 113->0(296)
[2024-02-26T12:45:29.155-0500][7.512s] GC(2) Survivor regions: 6->11(17)
[2024-02-26T12:45:29.155-0500][7.512s] GC(2) Old regions: 8->8
[2024-02-26T12:45:29.155-0500][7.512s] GC(2) Archive regions: 0->0
[2024-02-26T12:45:29.155-0500][7.512s] GC(2) Humongous regions: 4->4
[2024-02-26T12:45:29.155-0500][7.512s] GC(2) Metaspace: 21146K(21504K)->21146K(21504K) NonClass: 18848K(19008K)->18848K(19008K) Class: 2298K(2496K)->2298K(2496K)
[2024-02-26T12:45:29.155-0500][7.512s] GC(2) Pause Young (Concurrent Start) (Metadata GC Threshold) 130M->22M(512M) 3.784ms
[2024-02-26T12:45:29.155-0500][7.512s] GC(2) User=0.00s Sys=0.00s Real=0.00s
[2024-02-26T12:45:29.155-0500][7.512s] GC(3) Concurrent Mark Cycle
[2024-02-26T12:45:29.155-0500][7.512s] GC(3) Concurrent Clear Claimed Marks
[2024-02-26T12:45:29.155-0500][7.512s] GC(3) Concurrent Clear Claimed Marks 0.029ms
[2024-02-26T12:45:29.155-0500][7.512s] GC(3) Concurrent Scan Root Regions
[2024-02-26T12:45:29.157-0500][7.514s] GC(3) Concurrent Scan Root Regions 1.627ms
[2024-02-26T12:45:29.157-0500][7.514s] GC(3) Concurrent Mark
[2024-02-26T12:45:29.157-0500][7.514s] GC(3) Concurrent Mark From Roots
[2024-02-26T12:45:29.157-0500][7.514s] GC(3) Using 3 workers of 3 for marking
[2024-02-26T12:45:29.161-0500][7.518s] GC(3) Concurrent Mark From Roots 3.674ms
[2024-02-26T12:45:29.161-0500][7.518s] GC(3) Concurrent Preclean
[2024-02-26T12:45:29.161-0500][7.518s] GC(3) Concurrent Preclean 0.119ms
[2024-02-26T12:45:29.161-0500][7.518s] GC(3) Pause Remark
[2024-02-26T12:45:29.163-0500][7.520s] GC(3) Pause Remark 24M->24M(512M) 2.242ms
[2024-02-26T12:45:29.163-0500][7.520s] GC(3) User=0.00s Sys=0.00s Real=0.00s
[2024-02-26T12:45:29.163-0500][7.520s] GC(3) Concurrent Mark 6.511ms
[2024-02-26T12:45:29.163-0500][7.520s] GC(3) Concurrent Rebuild Remembered Sets
[2024-02-26T12:45:29.163-0500][7.520s] GC(3) Concurrent Rebuild Remembered Sets 0.012ms
[2024-02-26T12:45:29.163-0500][7.521s] GC(3) Pause Cleanup
[2024-02-26T12:45:29.163-0500][7.521s] GC(3) Pause Cleanup 24M->24M(512M) 0.027ms
[2024-02-26T12:45:29.163-0500][7.521s] GC(3) User=0.00s Sys=0.00s Real=0.00s
[2024-02-26T12:45:29.163-0500][7.521s] GC(3) Concurrent Cleanup for Next Mark
[2024-02-26T12:45:29.164-0500][7.522s] GC(3) Concurrent Cleanup for Next Mark 0.960ms
[2024-02-26T12:45:29.164-0500][7.522s] GC(3) Concurrent Mark Cycle 9.630ms
[2024-02-26T12:45:50.688-0500][29.045s] GC(4) Pause Young (Concurrent Start) (Metadata GC Threshold)
[2024-02-26T12:45:50.688-0500][29.045s] GC(4) Using 13 workers of 13 for evacuation
[2024-02-26T12:45:50.697-0500][29.054s] GC(4)   Pre Evacuate Collection Set: 0.2ms
[2024-02-26T12:45:50.697-0500][29.054s] GC(4)   Merge Heap Roots: 0.1ms
[2024-02-26T12:45:50.697-0500][29.054s] GC(4)   Evacuate Collection Set: 6.5ms
[2024-02-26T12:45:50.697-0500][29.054s] GC(4)   Post Evacuate Collection Set: 1.2ms
[2024-02-26T12:45:50.697-0500][29.054s] GC(4)   Other: 0.2ms
[2024-02-26T12:45:50.697-0500][29.054s] GC(4) Eden regions: 204->0(290)
[2024-02-26T12:45:50.697-0500][29.054s] GC(4) Survivor regions: 11->17(39)
[2024-02-26T12:45:50.697-0500][29.054s] GC(4) Old regions: 8->8
[2024-02-26T12:45:50.697-0500][29.054s] GC(4) Archive regions: 0->0
[2024-02-26T12:45:50.697-0500][29.054s] GC(4) Humongous regions: 5->4
[2024-02-26T12:45:50.697-0500][29.054s] GC(4) Metaspace: 35699K(36160K)->35699K(36160K) NonClass: 31623K(31872K)->31623K(31872K) Class: 4076K(4288K)->4076K(4288K)
[2024-02-26T12:45:50.697-0500][29.054s] GC(4) Pause Young (Concurrent Start) (Metadata GC Threshold) 227M->28M(512M) 8.585ms
[2024-02-26T12:45:50.697-0500][29.054s] GC(5) Concurrent Mark Cycle
[2024-02-26T12:45:50.697-0500][29.054s] GC(4) User=0.02s Sys=0.00s Real=0.01s
[2024-02-26T12:45:50.697-0500][29.054s] GC(5) Concurrent Clear Claimed Marks
[2024-02-26T12:45:50.697-0500][29.054s] GC(5) Concurrent Clear Claimed Marks 0.081ms
[2024-02-26T12:45:50.697-0500][29.054s] GC(5) Concurrent Scan Root Regions
[2024-02-26T12:45:50.700-0500][29.057s] GC(5) Concurrent Scan Root Regions 2.630ms
[2024-02-26T12:45:50.700-0500][29.057s] GC(5) Concurrent Mark
[2024-02-26T12:45:50.700-0500][29.057s] GC(5) Concurrent Mark From Roots
[2024-02-26T12:45:50.700-0500][29.057s] GC(5) Using 3 workers of 3 for marking
[2024-02-26T12:45:50.704-0500][29.061s] GC(5) Concurrent Mark From Roots 4.134ms
[2024-02-26T12:45:50.704-0500][29.061s] GC(5) Concurrent Preclean
[2024-02-26T12:45:50.704-0500][29.061s] GC(5) Concurrent Preclean 0.067ms
[2024-02-26T12:45:50.704-0500][29.061s] GC(5) Pause Remark
[2024-02-26T12:45:50.707-0500][29.064s] GC(5) Pause Remark 30M->30M(512M) 2.659ms
[2024-02-26T12:45:50.707-0500][29.064s] GC(5) User=0.00s Sys=0.00s Real=0.00s
[2024-02-26T12:45:50.707-0500][29.064s] GC(5) Concurrent Mark 7.247ms
[2024-02-26T12:45:50.707-0500][29.064s] GC(5) Concurrent Rebuild Remembered Sets
[2024-02-26T12:45:50.707-0500][29.064s] GC(5) Concurrent Rebuild Remembered Sets 0.009ms
[2024-02-26T12:45:50.707-0500][29.064s] GC(5) Pause Cleanup
[2024-02-26T12:45:50.707-0500][29.064s] GC(5) Pause Cleanup 30M->30M(512M) 0.026ms
[2024-02-26T12:45:50.707-0500][29.064s] GC(5) User=0.00s Sys=0.00s Real=0.00s
[2024-02-26T12:45:50.707-0500][29.064s] GC(5) Concurrent Cleanup for Next Mark
[2024-02-26T12:45:50.708-0500][29.065s] GC(5) Concurrent Cleanup for Next Mark 0.611ms
[2024-02-26T12:45:50.708-0500][29.065s] GC(5) Concurrent Mark Cycle 10.988ms
[2024-02-26T12:46:11.927-0500][50.284s] Heap
[2024-02-26T12:46:11.927-0500][50.285s]  garbage-first heap   total 524288K, used 267124K [0x00000000e0000000, 0x0000000100000000)
[2024-02-26T12:46:11.927-0500][50.285s]   region size 1024K, 249 young (254976K), 17 survivors (17408K)
[2024-02-26T12:46:11.927-0500][50.285s]  Metaspace       used 47658K, committed 48256K, reserved 1114112K
[2024-02-26T12:46:11.927-0500][50.285s]   class space    used 5586K, committed 5888K, reserved 1048576K
