[2024-03-01T12:40:41.009+0800][0.014s] CardTable entry size: 512
[2024-03-01T12:40:41.010+0800][0.015s] Using G1
[2024-03-01T12:40:41.121+0800][0.126s] Version: 19.0.2+7-44 (release)
[2024-03-01T12:40:41.121+0800][0.126s] CPUs: 16 total, 16 available
[2024-03-01T12:40:41.121+0800][0.126s] Memory: 15741M
[2024-03-01T12:40:41.121+0800][0.126s] Large Page Support: Disabled
[2024-03-01T12:40:41.121+0800][0.126s] NUMA Support: Disabled
[2024-03-01T12:40:41.122+0800][0.126s] Compressed Oops: Enabled (32-bit)
[2024-03-01T12:40:41.122+0800][0.126s] Heap Region Size: 1M
[2024-03-01T12:40:41.122+0800][0.126s] Heap Min Capacity: 512M
[2024-03-01T12:40:41.122+0800][0.126s] Heap Initial Capacity: 512M
[2024-03-01T12:40:41.122+0800][0.126s] Heap Max Capacity: 512M
[2024-03-01T12:40:41.122+0800][0.126s] Pre-touch: Enabled
[2024-03-01T12:40:41.122+0800][0.126s] Parallel Workers: 13
[2024-03-01T12:40:41.122+0800][0.126s] Concurrent Workers: 3
[2024-03-01T12:40:41.122+0800][0.126s] Concurrent Refinement Workers: 13
[2024-03-01T12:40:41.122+0800][0.126s] Periodic GC: Disabled
[2024-03-01T12:40:41.123+0800][0.128s] CDS archive(s) mapped at: [0x0000000800000000-0x0000000800c40000-0x0000000800c40000), size 12845056, SharedBaseAddress: 0x0000000800000000, ArchiveRelocationMode: 0.
[2024-03-01T12:40:41.123+0800][0.128s] Compressed class space mapped at: 0x0000000801000000-0x0000000841000000, reserved size: 1073741824
[2024-03-01T12:40:41.123+0800][0.128s] Narrow klass base: 0x0000000800000000, Narrow klass shift: 0, Narrow klass range: 0x100000000
[2024-03-01T12:40:42.221+0800][1.226s] GC(0) Pause Young (Normal) (G1 Evacuation Pause)
[2024-03-01T12:40:42.222+0800][1.227s] GC(0) Using 12 workers of 13 for evacuation
[2024-03-01T12:40:42.227+0800][1.231s] GC(0)   Pre Evacuate Collection Set: 0.1ms
[2024-03-01T12:40:42.227+0800][1.231s] GC(0)   Merge Heap Roots: 0.1ms
[2024-03-01T12:40:42.227+0800][1.231s] GC(0)   Evacuate Collection Set: 3.4ms
[2024-03-01T12:40:42.227+0800][1.231s] GC(0)   Post Evacuate Collection Set: 0.8ms
[2024-03-01T12:40:42.227+0800][1.231s] GC(0)   Other: 0.6ms
[2024-03-01T12:40:42.227+0800][1.231s] GC(0) Eden regions: 29->0(41)
[2024-03-01T12:40:42.227+0800][1.231s] GC(0) Survivor regions: 0->4(4)
[2024-03-01T12:40:42.227+0800][1.231s] GC(0) Old regions: 0->0
[2024-03-01T12:40:42.227+0800][1.231s] GC(0) Archive regions: 0->0
[2024-03-01T12:40:42.227+0800][1.231s] GC(0) Humongous regions: 0->0
[2024-03-01T12:40:42.227+0800][1.231s] GC(0) Metaspace: 8515K(8768K)->8515K(8768K) NonClass: 7586K(7744K)->7586K(7744K) Class: 929K(1024K)->929K(1024K)
[2024-03-01T12:40:42.227+0800][1.231s] GC(0) Pause Young (Normal) (G1 Evacuation Pause) 29M->3M(512M) 5.395ms
[2024-03-01T12:40:42.227+0800][1.231s] GC(0) User=0.00s Sys=0.00s Real=0.01s
[2024-03-01T12:40:47.896+0800][6.900s] GC(1) Pause Young (Normal) (G1 Evacuation Pause)
[2024-03-01T12:40:47.896+0800][6.901s] GC(1) Using 13 workers of 13 for evacuation
[2024-03-01T12:40:47.902+0800][6.907s] GC(1)   Pre Evacuate Collection Set: 0.1ms
[2024-03-01T12:40:47.902+0800][6.907s] GC(1)   Merge Heap Roots: 0.1ms
[2024-03-01T12:40:47.902+0800][6.907s] GC(1)   Evacuate Collection Set: 5.8ms
[2024-03-01T12:40:47.902+0800][6.907s] GC(1)   Post Evacuate Collection Set: 0.7ms
[2024-03-01T12:40:47.902+0800][6.907s] GC(1)   Other: 0.2ms
[2024-03-01T12:40:47.902+0800][6.907s] GC(1) Eden regions: 41->0(88)
[2024-03-01T12:40:47.902+0800][6.907s] GC(1) Survivor regions: 4->6(6)
[2024-03-01T12:40:47.902+0800][6.907s] GC(1) Old regions: 0->8
[2024-03-01T12:40:47.902+0800][6.907s] GC(1) Archive regions: 0->0
[2024-03-01T12:40:47.902+0800][6.907s] GC(1) Humongous regions: 4->4
[2024-03-01T12:40:47.903+0800][6.907s] GC(1) Metaspace: 17286K(17664K)->17286K(17664K) NonClass: 15362K(15552K)->15362K(15552K) Class: 1923K(2112K)->1923K(2112K)
[2024-03-01T12:40:47.903+0800][6.907s] GC(1) Pause Young (Normal) (G1 Evacuation Pause) 48M->17M(512M) 6.971ms
[2024-03-01T12:40:47.903+0800][6.907s] GC(1) User=0.00s Sys=0.00s Real=0.01s
[2024-03-01T12:40:48.532+0800][7.537s] GC(2) Pause Young (Normal) (G1 Evacuation Pause)
[2024-03-01T12:40:48.533+0800][7.537s] GC(2) Using 13 workers of 13 for evacuation
[2024-03-01T12:40:48.535+0800][7.541s] GC(2)   Pre Evacuate Collection Set: 0.1ms
[2024-03-01T12:40:48.535+0800][7.541s] GC(2)   Merge Heap Roots: 0.1ms
[2024-03-01T12:40:48.535+0800][7.541s] GC(2)   Evacuate Collection Set: 2.1ms
[2024-03-01T12:40:48.535+0800][7.541s] GC(2)   Post Evacuate Collection Set: 0.8ms
[2024-03-01T12:40:48.535+0800][7.541s] GC(2)   Other: 0.1ms
[2024-03-01T12:40:48.535+0800][7.541s] GC(2) Eden regions: 88->0(296)
[2024-03-01T12:40:48.535+0800][7.541s] GC(2) Survivor regions: 6->11(12)
[2024-03-01T12:40:48.535+0800][7.541s] GC(2) Old regions: 8->8
[2024-03-01T12:40:48.535+0800][7.541s] GC(2) Archive regions: 0->0
[2024-03-01T12:40:48.535+0800][7.541s] GC(2) Humongous regions: 4->4
[2024-03-01T12:40:48.535+0800][7.541s] GC(2) Metaspace: 18588K(19008K)->18588K(19008K) NonClass: 16558K(16768K)->16558K(16768K) Class: 2029K(2240K)->2029K(2240K)
[2024-03-01T12:40:48.535+0800][7.541s] GC(2) Pause Young (Normal) (G1 Evacuation Pause) 105M->22M(512M) 3.555ms
[2024-03-01T12:40:48.535+0800][7.541s] GC(2) User=0.00s Sys=0.00s Real=0.00s
[2024-03-01T12:40:48.711+0800][7.716s] GC(3) Pause Young (Concurrent Start) (Metadata GC Threshold)
[2024-03-01T12:40:48.712+0800][7.716s] GC(3) Using 13 workers of 13 for evacuation
[2024-03-01T12:40:48.715+0800][7.720s] GC(3)   Pre Evacuate Collection Set: 0.7ms
[2024-03-01T12:40:48.715+0800][7.720s] GC(3)   Merge Heap Roots: 0.1ms
[2024-03-01T12:40:48.715+0800][7.720s] GC(3)   Evacuate Collection Set: 1.9ms
[2024-03-01T12:40:48.715+0800][7.720s] GC(3)   Post Evacuate Collection Set: 0.6ms
[2024-03-01T12:40:48.715+0800][7.720s] GC(3)   Other: -0.1ms
[2024-03-01T12:40:48.715+0800][7.720s] GC(3) Eden regions: 25->0(296)
[2024-03-01T12:40:48.715+0800][7.720s] GC(3) Survivor regions: 11->11(39)
[2024-03-01T12:40:48.715+0800][7.720s] GC(3) Old regions: 8->8
[2024-03-01T12:40:48.715+0800][7.720s] GC(3) Archive regions: 0->0
[2024-03-01T12:40:48.715+0800][7.720s] GC(3) Humongous regions: 4->4
[2024-03-01T12:40:48.715+0800][7.720s] GC(3) Metaspace: 21091K(21504K)->21091K(21504K) NonClass: 18797K(19008K)->18797K(19008K) Class: 2294K(2496K)->2294K(2496K)
[2024-03-01T12:40:48.715+0800][7.720s] GC(3) Pause Young (Concurrent Start) (Metadata GC Threshold) 46M->22M(512M) 3.378ms
[2024-03-01T12:40:48.715+0800][7.720s] GC(3) User=0.00s Sys=0.00s Real=0.00s
[2024-03-01T12:40:48.715+0800][7.720s] GC(4) Concurrent Mark Cycle
[2024-03-01T12:40:48.715+0800][7.720s] GC(4) Concurrent Clear Claimed Marks
[2024-03-01T12:40:48.715+0800][7.720s] GC(4) Concurrent Clear Claimed Marks 0.026ms
[2024-03-01T12:40:48.715+0800][7.720s] GC(4) Concurrent Scan Root Regions
[2024-03-01T12:40:48.717+0800][7.721s] GC(4) Concurrent Scan Root Regions 1.383ms
[2024-03-01T12:40:48.717+0800][7.721s] GC(4) Concurrent Mark
[2024-03-01T12:40:48.717+0800][7.721s] GC(4) Concurrent Mark From Roots
[2024-03-01T12:40:48.717+0800][7.721s] GC(4) Using 3 workers of 3 for marking
[2024-03-01T12:40:48.721+0800][7.725s] GC(4) Concurrent Mark From Roots 3.802ms
[2024-03-01T12:40:48.721+0800][7.725s] GC(4) Concurrent Preclean
[2024-03-01T12:40:48.721+0800][7.725s] GC(4) Concurrent Preclean 0.046ms
[2024-03-01T12:40:48.721+0800][7.725s] GC(4) Pause Remark
[2024-03-01T12:40:48.724+0800][7.728s] GC(4) Pause Remark 24M->24M(512M) 2.654ms
[2024-03-01T12:40:48.724+0800][7.728s] GC(4) User=0.00s Sys=0.00s Real=0.00s
[2024-03-01T12:40:48.724+0800][7.728s] GC(4) Concurrent Mark 6.822ms
[2024-03-01T12:40:48.724+0800][7.728s] GC(4) Concurrent Rebuild Remembered Sets
[2024-03-01T12:40:48.724+0800][7.728s] GC(4) Concurrent Rebuild Remembered Sets 0.009ms
[2024-03-01T12:40:48.724+0800][7.728s] GC(4) Pause Cleanup
[2024-03-01T12:40:48.724+0800][7.728s] GC(4) Pause Cleanup 24M->24M(512M) 0.028ms
[2024-03-01T12:40:48.724+0800][7.728s] GC(4) User=0.00s Sys=0.00s Real=0.00s
[2024-03-01T12:40:48.724+0800][7.728s] GC(4) Concurrent Cleanup for Next Mark
[2024-03-01T12:40:48.725+0800][7.729s] GC(4) Concurrent Cleanup for Next Mark 0.638ms
[2024-03-01T12:40:48.725+0800][7.729s] GC(4) Concurrent Mark Cycle 9.454ms
[2024-03-01T12:41:10.620+0800][29.625s] GC(5) Pause Young (Concurrent Start) (Metadata GC Threshold)
[2024-03-01T12:41:10.620+0800][29.625s] GC(5) Using 13 workers of 13 for evacuation
[2024-03-01T12:41:10.629+0800][29.634s] GC(5)   Pre Evacuate Collection Set: 0.2ms
[2024-03-01T12:41:10.629+0800][29.634s] GC(5)   Merge Heap Roots: 0.1ms
[2024-03-01T12:41:10.629+0800][29.634s] GC(5)   Evacuate Collection Set: 7.1ms
[2024-03-01T12:41:10.629+0800][29.634s] GC(5)   Post Evacuate Collection Set: 1.4ms
[2024-03-01T12:41:10.629+0800][29.634s] GC(5)   Other: 0.2ms
[2024-03-01T12:41:10.629+0800][29.634s] GC(5) Eden regions: 217->0(289)
[2024-03-01T12:41:10.629+0800][29.634s] GC(5) Survivor regions: 11->18(39)
[2024-03-01T12:41:10.629+0800][29.634s] GC(5) Old regions: 8->8
[2024-03-01T12:41:10.629+0800][29.634s] GC(5) Archive regions: 0->0
[2024-03-01T12:41:10.629+0800][29.634s] GC(5) Humongous regions: 5->4
[2024-03-01T12:41:10.629+0800][29.634s] GC(5) Metaspace: 35617K(36096K)->35617K(36096K) NonClass: 31549K(31808K)->31549K(31808K) Class: 4067K(4288K)->4067K(4288K)
[2024-03-01T12:41:10.629+0800][29.634s] GC(5) Pause Young (Concurrent Start) (Metadata GC Threshold) 240M->29M(512M) 9.231ms
[2024-03-01T12:41:10.629+0800][29.634s] GC(6) Concurrent Mark Cycle
[2024-03-01T12:41:10.629+0800][29.634s] GC(5) User=0.02s Sys=0.00s Real=0.01s
[2024-03-01T12:41:10.629+0800][29.634s] GC(6) Concurrent Clear Claimed Marks
[2024-03-01T12:41:10.629+0800][29.634s] GC(6) Concurrent Clear Claimed Marks 0.093ms
[2024-03-01T12:41:10.629+0800][29.634s] GC(6) Concurrent Scan Root Regions
[2024-03-01T12:41:10.633+0800][29.637s] GC(6) Concurrent Scan Root Regions 3.060ms
[2024-03-01T12:41:10.633+0800][29.637s] GC(6) Concurrent Mark
[2024-03-01T12:41:10.633+0800][29.637s] GC(6) Concurrent Mark From Roots
[2024-03-01T12:41:10.633+0800][29.637s] GC(6) Using 3 workers of 3 for marking
[2024-03-01T12:41:10.637+0800][29.642s] GC(6) Concurrent Mark From Roots 4.775ms
[2024-03-01T12:41:10.637+0800][29.642s] GC(6) Concurrent Preclean
[2024-03-01T12:41:10.637+0800][29.642s] GC(6) Concurrent Preclean 0.077ms
[2024-03-01T12:41:10.637+0800][29.642s] GC(6) Pause Remark
[2024-03-01T12:41:10.641+0800][29.646s] GC(6) Pause Remark 30M->30M(512M) 3.448ms
[2024-03-01T12:41:10.641+0800][29.646s] GC(6) User=0.00s Sys=0.00s Real=0.00s
[2024-03-01T12:41:10.641+0800][29.646s] GC(6) Concurrent Mark 8.760ms
[2024-03-01T12:41:10.641+0800][29.646s] GC(6) Concurrent Rebuild Remembered Sets
[2024-03-01T12:41:10.641+0800][29.646s] GC(6) Concurrent Rebuild Remembered Sets 0.015ms
[2024-03-01T12:41:10.641+0800][29.646s] GC(6) Pause Cleanup
[2024-03-01T12:41:10.641+0800][29.646s] GC(6) Pause Cleanup 30M->30M(512M) 0.041ms
[2024-03-01T12:41:10.641+0800][29.646s] GC(6) User=0.00s Sys=0.00s Real=0.00s
[2024-03-01T12:41:10.641+0800][29.646s] GC(6) Concurrent Cleanup for Next Mark
[2024-03-01T12:41:10.642+0800][29.647s] GC(6) Concurrent Cleanup for Next Mark 0.883ms
[2024-03-01T12:41:10.642+0800][29.647s] GC(6) Concurrent Mark Cycle 13.358ms
