[2024-02-26T22:01:44.694-0500][0.013s] CardTable entry size: 512
[2024-02-26T22:01:44.695-0500][0.013s] Using G1
[2024-02-26T22:01:44.801-0500][0.119s] Version: 19.0.2+7-44 (release)
[2024-02-26T22:01:44.801-0500][0.119s] CPUs: 16 total, 16 available
[2024-02-26T22:01:44.801-0500][0.119s] Memory: 15741M
[2024-02-26T22:01:44.801-0500][0.119s] Large Page Support: Disabled
[2024-02-26T22:01:44.801-0500][0.119s] NUMA Support: Disabled
[2024-02-26T22:01:44.801-0500][0.119s] Compressed Oops: Enabled (32-bit)
[2024-02-26T22:01:44.801-0500][0.119s] Heap Region Size: 1M
[2024-02-26T22:01:44.801-0500][0.119s] Heap Min Capacity: 512M
[2024-02-26T22:01:44.801-0500][0.119s] Heap Initial Capacity: 512M
[2024-02-26T22:01:44.801-0500][0.119s] Heap Max Capacity: 512M
[2024-02-26T22:01:44.801-0500][0.119s] Pre-touch: Enabled
[2024-02-26T22:01:44.801-0500][0.119s] Parallel Workers: 13
[2024-02-26T22:01:44.801-0500][0.119s] Concurrent Workers: 3
[2024-02-26T22:01:44.801-0500][0.119s] Concurrent Refinement Workers: 13
[2024-02-26T22:01:44.801-0500][0.119s] Periodic GC: Disabled
[2024-02-26T22:01:44.802-0500][0.120s] CDS archive(s) mapped at: [0x0000000800000000-0x0000000800c40000-0x0000000800c40000), size 12845056, SharedBaseAddress: 0x0000000800000000, ArchiveRelocationMode: 0.
[2024-02-26T22:01:44.802-0500][0.121s] Compressed class space mapped at: 0x0000000801000000-0x0000000841000000, reserved size: 1073741824
[2024-02-26T22:01:44.802-0500][0.121s] Narrow klass base: 0x0000000800000000, Narrow klass shift: 0, Narrow klass range: 0x100000000
[2024-02-26T22:01:45.698-0500][1.016s] GC(0) Pause Young (Normal) (G1 Evacuation Pause)
[2024-02-26T22:01:45.699-0500][1.016s] GC(0) Using 12 workers of 13 for evacuation
[2024-02-26T22:01:45.702-0500][1.020s] GC(0)   Pre Evacuate Collection Set: 0.1ms
[2024-02-26T22:01:45.702-0500][1.020s] GC(0)   Merge Heap Roots: 0.1ms
[2024-02-26T22:01:45.702-0500][1.020s] GC(0)   Evacuate Collection Set: 2.3ms
[2024-02-26T22:01:45.702-0500][1.020s] GC(0)   Post Evacuate Collection Set: 0.5ms
[2024-02-26T22:01:45.702-0500][1.020s] GC(0)   Other: 0.5ms
[2024-02-26T22:01:45.702-0500][1.020s] GC(0) Eden regions: 29->0(41)
[2024-02-26T22:01:45.702-0500][1.020s] GC(0) Survivor regions: 0->4(4)
[2024-02-26T22:01:45.702-0500][1.020s] GC(0) Old regions: 0->0
[2024-02-26T22:01:45.702-0500][1.020s] GC(0) Archive regions: 0->0
[2024-02-26T22:01:45.702-0500][1.020s] GC(0) Humongous regions: 0->0
[2024-02-26T22:01:45.702-0500][1.020s] GC(0) Metaspace: 8514K(8768K)->8514K(8768K) NonClass: 7585K(7744K)->7585K(7744K) Class: 929K(1024K)->929K(1024K)
[2024-02-26T22:01:45.702-0500][1.020s] GC(0) Pause Young (Normal) (G1 Evacuation Pause) 29M->3M(512M) 3.834ms
[2024-02-26T22:01:45.702-0500][1.020s] GC(0) User=0.00s Sys=0.00s Real=0.00s
[2024-02-26T22:01:51.335-0500][6.654s] GC(1) Pause Young (Normal) (G1 Evacuation Pause)
[2024-02-26T22:01:51.335-0500][6.654s] GC(1) Using 13 workers of 13 for evacuation
[2024-02-26T22:01:51.342-0500][6.661s] GC(1)   Pre Evacuate Collection Set: 0.1ms
[2024-02-26T22:01:51.342-0500][6.661s] GC(1)   Merge Heap Roots: 0.1ms
[2024-02-26T22:01:51.342-0500][6.661s] GC(1)   Evacuate Collection Set: 6.1ms
[2024-02-26T22:01:51.342-0500][6.661s] GC(1)   Post Evacuate Collection Set: 0.7ms
[2024-02-26T22:01:51.342-0500][6.661s] GC(1)   Other: 0.2ms
[2024-02-26T22:01:51.342-0500][6.661s] GC(1) Eden regions: 41->0(85)
[2024-02-26T22:01:51.342-0500][6.661s] GC(1) Survivor regions: 4->6(6)
[2024-02-26T22:01:51.342-0500][6.661s] GC(1) Old regions: 0->8
[2024-02-26T22:01:51.342-0500][6.661s] GC(1) Archive regions: 0->0
[2024-02-26T22:01:51.342-0500][6.661s] GC(1) Humongous regions: 4->4
[2024-02-26T22:01:51.342-0500][6.661s] GC(1) Metaspace: 17279K(17664K)->17279K(17664K) NonClass: 15355K(15552K)->15355K(15552K) Class: 1923K(2112K)->1923K(2112K)
[2024-02-26T22:01:51.343-0500][6.661s] GC(1) Pause Young (Normal) (G1 Evacuation Pause) 48M->17M(512M) 7.367ms
[2024-02-26T22:01:51.343-0500][6.661s] GC(1) User=0.00s Sys=0.00s Real=0.01s
[2024-02-26T22:01:51.864-0500][7.182s] GC(2) Pause Young (Normal) (G1 Evacuation Pause)
[2024-02-26T22:01:51.864-0500][7.183s] GC(2) Using 13 workers of 13 for evacuation
[2024-02-26T22:01:51.867-0500][7.185s] GC(2)   Pre Evacuate Collection Set: 0.1ms
[2024-02-26T22:01:51.867-0500][7.185s] GC(2)   Merge Heap Roots: 0.1ms
[2024-02-26T22:01:51.867-0500][7.185s] GC(2)   Evacuate Collection Set: 2.0ms
[2024-02-26T22:01:51.867-0500][7.185s] GC(2)   Post Evacuate Collection Set: 0.6ms
[2024-02-26T22:01:51.867-0500][7.185s] GC(2)   Other: 0.1ms
[2024-02-26T22:01:51.867-0500][7.185s] GC(2) Eden regions: 85->0(296)
[2024-02-26T22:01:51.867-0500][7.186s] GC(2) Survivor regions: 6->11(12)
[2024-02-26T22:01:51.867-0500][7.186s] GC(2) Old regions: 8->8
[2024-02-26T22:01:51.867-0500][7.186s] GC(2) Archive regions: 0->0
[2024-02-26T22:01:51.867-0500][7.186s] GC(2) Humongous regions: 4->4
[2024-02-26T22:01:51.867-0500][7.186s] GC(2) Metaspace: 18211K(18560K)->18211K(18560K) NonClass: 16214K(16384K)->16214K(16384K) Class: 1997K(2176K)->1997K(2176K)
[2024-02-26T22:01:51.867-0500][7.186s] GC(2) Pause Young (Normal) (G1 Evacuation Pause) 102M->22M(512M) 3.080ms
[2024-02-26T22:01:51.867-0500][7.186s] GC(2) User=0.00s Sys=0.00s Real=0.00s
[2024-02-26T22:01:52.085-0500][7.403s] GC(3) Pause Young (Concurrent Start) (Metadata GC Threshold)
[2024-02-26T22:01:52.085-0500][7.403s] GC(3) Using 13 workers of 13 for evacuation
[2024-02-26T22:01:52.088-0500][7.406s] GC(3)   Pre Evacuate Collection Set: 0.2ms
[2024-02-26T22:01:52.088-0500][7.406s] GC(3)   Merge Heap Roots: 0.1ms
[2024-02-26T22:01:52.088-0500][7.406s] GC(3)   Evacuate Collection Set: 2.0ms
[2024-02-26T22:01:52.088-0500][7.406s] GC(3)   Post Evacuate Collection Set: 0.6ms
[2024-02-26T22:01:52.088-0500][7.406s] GC(3)   Other: 0.1ms
[2024-02-26T22:01:52.088-0500][7.406s] GC(3) Eden regions: 27->0(296)
[2024-02-26T22:01:52.088-0500][7.406s] GC(3) Survivor regions: 11->11(39)
[2024-02-26T22:01:52.088-0500][7.406s] GC(3) Old regions: 8->8
[2024-02-26T22:01:52.088-0500][7.406s] GC(3) Archive regions: 0->0
[2024-02-26T22:01:52.088-0500][7.406s] GC(3) Humongous regions: 4->4
[2024-02-26T22:01:52.088-0500][7.406s] GC(3) Metaspace: 21086K(21504K)->21086K(21504K) NonClass: 18792K(19008K)->18792K(19008K) Class: 2294K(2496K)->2294K(2496K)
[2024-02-26T22:01:52.088-0500][7.406s] GC(3) Pause Young (Concurrent Start) (Metadata GC Threshold) 49M->22M(512M) 3.231ms
[2024-02-26T22:01:52.088-0500][7.406s] GC(3) User=0.00s Sys=0.00s Real=0.00s
[2024-02-26T22:01:52.088-0500][7.406s] GC(4) Concurrent Mark Cycle
[2024-02-26T22:01:52.089-0500][7.406s] GC(4) Concurrent Clear Claimed Marks
[2024-02-26T22:01:52.089-0500][7.406s] GC(4) Concurrent Clear Claimed Marks 0.027ms
[2024-02-26T22:01:52.089-0500][7.406s] GC(4) Concurrent Scan Root Regions
[2024-02-26T22:01:52.090-0500][7.408s] GC(4) Concurrent Scan Root Regions 1.396ms
[2024-02-26T22:01:52.090-0500][7.408s] GC(4) Concurrent Mark
[2024-02-26T22:01:52.090-0500][7.408s] GC(4) Concurrent Mark From Roots
[2024-02-26T22:01:52.090-0500][7.408s] GC(4) Using 3 workers of 3 for marking
[2024-02-26T22:01:52.093-0500][7.412s] GC(4) Concurrent Mark From Roots 3.746ms
[2024-02-26T22:01:52.093-0500][7.412s] GC(4) Concurrent Preclean
[2024-02-26T22:01:52.093-0500][7.412s] GC(4) Concurrent Preclean 0.068ms
[2024-02-26T22:01:52.094-0500][7.412s] GC(4) Pause Remark
[2024-02-26T22:01:52.097-0500][7.415s] GC(4) Pause Remark 23M->23M(512M) 3.056ms
[2024-02-26T22:01:52.097-0500][7.415s] GC(4) User=0.00s Sys=0.00s Real=0.00s
[2024-02-26T22:01:52.097-0500][7.415s] GC(4) Concurrent Mark 7.411ms
[2024-02-26T22:01:52.097-0500][7.415s] GC(4) Concurrent Rebuild Remembered Sets
[2024-02-26T22:01:52.097-0500][7.415s] GC(4) Concurrent Rebuild Remembered Sets 0.009ms
[2024-02-26T22:01:52.097-0500][7.415s] GC(4) Pause Cleanup
[2024-02-26T22:01:52.097-0500][7.415s] GC(4) Pause Cleanup 23M->23M(512M) 0.025ms
[2024-02-26T22:01:52.097-0500][7.415s] GC(4) User=0.00s Sys=0.00s Real=0.00s
[2024-02-26T22:01:52.097-0500][7.416s] GC(4) Concurrent Cleanup for Next Mark
[2024-02-26T22:01:52.098-0500][7.416s] GC(4) Concurrent Cleanup for Next Mark 0.495ms
[2024-02-26T22:01:52.098-0500][7.416s] GC(4) Concurrent Mark Cycle 9.797ms
[2024-02-26T22:02:13.447-0500][28.765s] GC(5) Pause Young (Concurrent Start) (Metadata GC Threshold)
[2024-02-26T22:02:13.447-0500][28.765s] GC(5) Using 13 workers of 13 for evacuation
[2024-02-26T22:02:13.455-0500][28.773s] GC(5)   Pre Evacuate Collection Set: 0.2ms
[2024-02-26T22:02:13.455-0500][28.773s] GC(5)   Merge Heap Roots: 0.1ms
[2024-02-26T22:02:13.455-0500][28.773s] GC(5)   Evacuate Collection Set: 6.4ms
[2024-02-26T22:02:13.455-0500][28.773s] GC(5)   Post Evacuate Collection Set: 0.8ms
[2024-02-26T22:02:13.455-0500][28.773s] GC(5)   Other: 0.2ms
[2024-02-26T22:02:13.455-0500][28.773s] GC(5) Eden regions: 193->0(289)
[2024-02-26T22:02:13.455-0500][28.773s] GC(5) Survivor regions: 11->18(39)
[2024-02-26T22:02:13.455-0500][28.773s] GC(5) Old regions: 8->8
[2024-02-26T22:02:13.455-0500][28.773s] GC(5) Archive regions: 0->0
[2024-02-26T22:02:13.455-0500][28.773s] GC(5) Humongous regions: 5->4
[2024-02-26T22:02:13.455-0500][28.773s] GC(5) Metaspace: 35626K(36096K)->35626K(36096K) NonClass: 31553K(31808K)->31553K(31808K) Class: 4073K(4288K)->4073K(4288K)
[2024-02-26T22:02:13.455-0500][28.773s] GC(5) Pause Young (Concurrent Start) (Metadata GC Threshold) 215M->29M(512M) 7.833ms
[2024-02-26T22:02:13.455-0500][28.773s] GC(5) User=0.02s Sys=0.00s Real=0.01s
[2024-02-26T22:02:13.455-0500][28.773s] GC(6) Concurrent Mark Cycle
[2024-02-26T22:02:13.455-0500][28.773s] GC(6) Concurrent Clear Claimed Marks
[2024-02-26T22:02:13.455-0500][28.773s] GC(6) Concurrent Clear Claimed Marks 0.046ms
[2024-02-26T22:02:13.455-0500][28.773s] GC(6) Concurrent Scan Root Regions
[2024-02-26T22:02:13.457-0500][28.776s] GC(6) Concurrent Scan Root Regions 2.289ms
[2024-02-26T22:02:13.457-0500][28.776s] GC(6) Concurrent Mark
[2024-02-26T22:02:13.457-0500][28.776s] GC(6) Concurrent Mark From Roots
[2024-02-26T22:02:13.457-0500][28.776s] GC(6) Using 3 workers of 3 for marking
[2024-02-26T22:02:13.461-0500][28.779s] GC(6) Concurrent Mark From Roots 3.595ms
[2024-02-26T22:02:13.461-0500][28.779s] GC(6) Concurrent Preclean
[2024-02-26T22:02:13.461-0500][28.779s] GC(6) Concurrent Preclean 0.060ms
[2024-02-26T22:02:13.461-0500][28.779s] GC(6) Pause Remark
[2024-02-26T22:02:13.464-0500][28.783s] GC(6) Pause Remark 30M->30M(512M) 3.202ms
[2024-02-26T22:02:13.464-0500][28.783s] GC(6) User=0.00s Sys=0.00s Real=0.00s
[2024-02-26T22:02:13.464-0500][28.783s] GC(6) Concurrent Mark 7.216ms
[2024-02-26T22:02:13.464-0500][28.783s] GC(6) Concurrent Rebuild Remembered Sets
[2024-02-26T22:02:13.464-0500][28.783s] GC(6) Concurrent Rebuild Remembered Sets 0.016ms
[2024-02-26T22:02:13.465-0500][28.783s] GC(6) Pause Cleanup
[2024-02-26T22:02:13.465-0500][28.783s] GC(6) Pause Cleanup 30M->30M(512M) 0.039ms
[2024-02-26T22:02:13.465-0500][28.783s] GC(6) User=0.00s Sys=0.00s Real=0.00s
[2024-02-26T22:02:13.465-0500][28.783s] GC(6) Concurrent Cleanup for Next Mark
[2024-02-26T22:02:13.465-0500][28.784s] GC(6) Concurrent Cleanup for Next Mark 0.579ms
[2024-02-26T22:02:13.465-0500][28.784s] GC(6) Concurrent Mark Cycle 10.721ms
[2024-02-26T22:34:29.341-0500][1964.659s] GC(7) Pause Young (Normal) (G1 Evacuation Pause)
[2024-02-26T22:34:29.341-0500][1964.659s] GC(7) Using 13 workers of 13 for evacuation
[2024-02-26T22:34:29.349-0500][1964.667s] GC(7)   Pre Evacuate Collection Set: 0.1ms
[2024-02-26T22:34:29.349-0500][1964.667s] GC(7)   Merge Heap Roots: 0.1ms
[2024-02-26T22:34:29.349-0500][1964.667s] GC(7)   Evacuate Collection Set: 6.9ms
[2024-02-26T22:34:29.349-0500][1964.667s] GC(7)   Post Evacuate Collection Set: 1.0ms
[2024-02-26T22:34:29.349-0500][1964.667s] GC(7)   Other: 0.1ms
[2024-02-26T22:34:29.349-0500][1964.667s] GC(7) Eden regions: 289->0(278)
[2024-02-26T22:34:29.349-0500][1964.667s] GC(7) Survivor regions: 18->29(39)
[2024-02-26T22:34:29.349-0500][1964.667s] GC(7) Old regions: 8->8
[2024-02-26T22:34:29.349-0500][1964.667s] GC(7) Archive regions: 0->0
[2024-02-26T22:34:29.349-0500][1964.667s] GC(7) Humongous regions: 4->4
[2024-02-26T22:34:29.349-0500][1964.667s] GC(7) Metaspace: 49641K(50304K)->49641K(50304K) NonClass: 43852K(44224K)->43852K(44224K) Class: 5789K(6080K)->5789K(6080K)
[2024-02-26T22:34:29.349-0500][1964.667s] GC(7) Pause Young (Normal) (G1 Evacuation Pause) 318M->40M(512M) 8.523ms
[2024-02-26T22:34:29.349-0500][1964.667s] GC(7) User=0.00s Sys=0.00s Real=0.01s
