[2024-02-26T12:34:07.336-0500][0.013s] CardTable entry size: 512
[2024-02-26T12:34:07.337-0500][0.013s] Using G1
[2024-02-26T12:34:07.459-0500][0.136s] Version: 19.0.2+7-44 (release)
[2024-02-26T12:34:07.459-0500][0.136s] CPUs: 16 total, 16 available
[2024-02-26T12:34:07.459-0500][0.136s] Memory: 15741M
[2024-02-26T12:34:07.461-0500][0.136s] Large Page Support: Disabled
[2024-02-26T12:34:07.461-0500][0.136s] NUMA Support: Disabled
[2024-02-26T12:34:07.461-0500][0.136s] Compressed Oops: Enabled (32-bit)
[2024-02-26T12:34:07.461-0500][0.136s] Heap Region Size: 1M
[2024-02-26T12:34:07.461-0500][0.136s] Heap Min Capacity: 512M
[2024-02-26T12:34:07.461-0500][0.136s] Heap Initial Capacity: 512M
[2024-02-26T12:34:07.461-0500][0.136s] Heap Max Capacity: 512M
[2024-02-26T12:34:07.461-0500][0.136s] Pre-touch: Enabled
[2024-02-26T12:34:07.461-0500][0.136s] Parallel Workers: 13
[2024-02-26T12:34:07.461-0500][0.136s] Concurrent Workers: 3
[2024-02-26T12:34:07.461-0500][0.136s] Concurrent Refinement Workers: 13
[2024-02-26T12:34:07.461-0500][0.136s] Periodic GC: Disabled
[2024-02-26T12:34:07.463-0500][0.138s] CDS archive(s) mapped at: [0x0000000800000000-0x0000000800c40000-0x0000000800c40000), size 12845056, SharedBaseAddress: 0x0000000800000000, ArchiveRelocationMode: 0.
[2024-02-26T12:34:07.463-0500][0.138s] Compressed class space mapped at: 0x0000000801000000-0x0000000841000000, reserved size: 1073741824
[2024-02-26T12:34:07.463-0500][0.138s] Narrow klass base: 0x0000000800000000, Narrow klass shift: 0, Narrow klass range: 0x100000000
[2024-02-26T12:34:08.497-0500][1.173s] GC(0) Pause Young (Normal) (G1 Evacuation Pause)
[2024-02-26T12:34:08.498-0500][1.174s] GC(0) Using 12 workers of 13 for evacuation
[2024-02-26T12:34:08.501-0500][1.177s] GC(0)   Pre Evacuate Collection Set: 0.1ms
[2024-02-26T12:34:08.501-0500][1.177s] GC(0)   Merge Heap Roots: 0.1ms
[2024-02-26T12:34:08.501-0500][1.177s] GC(0)   Evacuate Collection Set: 2.3ms
[2024-02-26T12:34:08.501-0500][1.177s] GC(0)   Post Evacuate Collection Set: 0.6ms
[2024-02-26T12:34:08.501-0500][1.177s] GC(0)   Other: 0.6ms
[2024-02-26T12:34:08.501-0500][1.177s] GC(0) Eden regions: 29->0(41)
[2024-02-26T12:34:08.501-0500][1.177s] GC(0) Survivor regions: 0->4(4)
[2024-02-26T12:34:08.501-0500][1.177s] GC(0) Old regions: 0->0
[2024-02-26T12:34:08.501-0500][1.177s] GC(0) Archive regions: 0->0
[2024-02-26T12:34:08.501-0500][1.177s] GC(0) Humongous regions: 0->0
[2024-02-26T12:34:08.501-0500][1.177s] GC(0) Metaspace: 7642K(7936K)->7642K(7936K) NonClass: 6800K(6976K)->6800K(6976K) Class: 842K(960K)->842K(960K)
[2024-02-26T12:34:08.501-0500][1.177s] GC(0) Pause Young (Normal) (G1 Evacuation Pause) 29M->3M(512M) 3.982ms
[2024-02-26T12:34:08.501-0500][1.177s] GC(0) User=0.00s Sys=0.00s Real=0.00s
[2024-02-26T12:34:14.205-0500][6.881s] GC(1) Pause Young (Normal) (G1 Evacuation Pause)
[2024-02-26T12:34:14.205-0500][6.881s] GC(1) Using 13 workers of 13 for evacuation
[2024-02-26T12:34:14.212-0500][6.888s] GC(1)   Pre Evacuate Collection Set: 0.1ms
[2024-02-26T12:34:14.212-0500][6.888s] GC(1)   Merge Heap Roots: 0.1ms
[2024-02-26T12:34:14.212-0500][6.888s] GC(1)   Evacuate Collection Set: 6.4ms
[2024-02-26T12:34:14.212-0500][6.888s] GC(1)   Post Evacuate Collection Set: 0.6ms
[2024-02-26T12:34:14.212-0500][6.888s] GC(1)   Other: 0.2ms
[2024-02-26T12:34:14.212-0500][6.888s] GC(1) Eden regions: 41->0(101)
[2024-02-26T12:34:14.212-0500][6.888s] GC(1) Survivor regions: 4->6(6)
[2024-02-26T12:34:14.212-0500][6.888s] GC(1) Old regions: 0->9
[2024-02-26T12:34:14.212-0500][6.888s] GC(1) Archive regions: 0->0
[2024-02-26T12:34:14.212-0500][6.888s] GC(1) Humongous regions: 4->4
[2024-02-26T12:34:14.212-0500][6.888s] GC(1) Metaspace: 17266K(17664K)->17266K(17664K) NonClass: 15341K(15552K)->15341K(15552K) Class: 1925K(2112K)->1925K(2112K)
[2024-02-26T12:34:14.212-0500][6.888s] GC(1) Pause Young (Normal) (G1 Evacuation Pause) 48M->18M(512M) 7.417ms
[2024-02-26T12:34:14.212-0500][6.888s] GC(1) User=0.00s Sys=0.00s Real=0.01s
[2024-02-26T12:34:14.778-0500][7.453s] GC(2) Pause Young (Normal) (G1 Evacuation Pause)
[2024-02-26T12:34:14.778-0500][7.453s] GC(2) Using 13 workers of 13 for evacuation
[2024-02-26T12:34:14.781-0500][7.457s] GC(2)   Pre Evacuate Collection Set: 0.1ms
[2024-02-26T12:34:14.781-0500][7.457s] GC(2)   Merge Heap Roots: 0.1ms
[2024-02-26T12:34:14.781-0500][7.457s] GC(2)   Evacuate Collection Set: 2.2ms
[2024-02-26T12:34:14.781-0500][7.457s] GC(2)   Post Evacuate Collection Set: 0.6ms
[2024-02-26T12:34:14.781-0500][7.457s] GC(2)   Other: 0.1ms
[2024-02-26T12:34:14.781-0500][7.457s] GC(2) Eden regions: 101->0(296)
[2024-02-26T12:34:14.781-0500][7.457s] GC(2) Survivor regions: 6->11(14)
[2024-02-26T12:34:14.781-0500][7.457s] GC(2) Old regions: 9->9
[2024-02-26T12:34:14.781-0500][7.457s] GC(2) Archive regions: 0->0
[2024-02-26T12:34:14.781-0500][7.457s] GC(2) Humongous regions: 4->4
[2024-02-26T12:34:14.781-0500][7.457s] GC(2) Metaspace: 20190K(20608K)->20190K(20608K) NonClass: 17972K(18240K)->17972K(18240K) Class: 2218K(2368K)->2218K(2368K)
[2024-02-26T12:34:14.781-0500][7.457s] GC(2) Pause Young (Normal) (G1 Evacuation Pause) 119M->22M(512M) 3.339ms
[2024-02-26T12:34:14.781-0500][7.457s] GC(2) User=0.00s Sys=0.00s Real=0.00s
[2024-02-26T12:34:14.851-0500][7.527s] GC(3) Pause Young (Concurrent Start) (Metadata GC Threshold)
[2024-02-26T12:34:14.851-0500][7.527s] GC(3) Using 13 workers of 13 for evacuation
[2024-02-26T12:34:14.854-0500][7.531s] GC(3)   Pre Evacuate Collection Set: 0.1ms
[2024-02-26T12:34:14.854-0500][7.531s] GC(3)   Merge Heap Roots: 0.1ms
[2024-02-26T12:34:14.854-0500][7.531s] GC(3)   Evacuate Collection Set: 2.6ms
[2024-02-26T12:34:14.854-0500][7.531s] GC(3)   Post Evacuate Collection Set: 0.6ms
[2024-02-26T12:34:14.854-0500][7.531s] GC(3)   Other: 0.1ms
[2024-02-26T12:34:14.854-0500][7.531s] GC(3) Eden regions: 12->0(296)
[2024-02-26T12:34:14.854-0500][7.531s] GC(3) Survivor regions: 11->11(39)
[2024-02-26T12:34:14.854-0500][7.531s] GC(3) Old regions: 9->9
[2024-02-26T12:34:14.854-0500][7.531s] GC(3) Archive regions: 0->0
[2024-02-26T12:34:14.854-0500][7.531s] GC(3) Humongous regions: 4->4
[2024-02-26T12:34:14.854-0500][7.531s] GC(3) Metaspace: 21137K(21504K)->21137K(21504K) NonClass: 18838K(19008K)->18838K(19008K) Class: 2299K(2496K)->2299K(2496K)
[2024-02-26T12:34:14.854-0500][7.531s] GC(3) Pause Young (Concurrent Start) (Metadata GC Threshold) 34M->23M(512M) 3.652ms
[2024-02-26T12:34:14.855-0500][7.531s] GC(3) User=0.00s Sys=0.00s Real=0.00s
[2024-02-26T12:34:14.855-0500][7.531s] GC(4) Concurrent Mark Cycle
[2024-02-26T12:34:14.855-0500][7.531s] GC(4) Concurrent Clear Claimed Marks
[2024-02-26T12:34:14.855-0500][7.531s] GC(4) Concurrent Clear Claimed Marks 0.026ms
[2024-02-26T12:34:14.855-0500][7.531s] GC(4) Concurrent Scan Root Regions
[2024-02-26T12:34:14.856-0500][7.532s] GC(4) Concurrent Scan Root Regions 1.452ms
[2024-02-26T12:34:14.856-0500][7.532s] GC(4) Concurrent Mark
[2024-02-26T12:34:14.856-0500][7.532s] GC(4) Concurrent Mark From Roots
[2024-02-26T12:34:14.856-0500][7.532s] GC(4) Using 3 workers of 3 for marking
[2024-02-26T12:34:14.861-0500][7.536s] GC(4) Concurrent Mark From Roots 3.979ms
[2024-02-26T12:34:14.861-0500][7.536s] GC(4) Concurrent Preclean
[2024-02-26T12:34:14.861-0500][7.537s] GC(4) Concurrent Preclean 0.152ms
[2024-02-26T12:34:14.861-0500][7.537s] GC(4) Pause Remark
[2024-02-26T12:34:14.864-0500][7.539s] GC(4) Pause Remark 24M->24M(512M) 2.696ms
[2024-02-26T12:34:14.864-0500][7.540s] GC(4) User=0.00s Sys=0.00s Real=0.00s
[2024-02-26T12:34:14.864-0500][7.540s] GC(4) Concurrent Mark 7.267ms
[2024-02-26T12:34:14.864-0500][7.540s] GC(4) Concurrent Rebuild Remembered Sets
[2024-02-26T12:34:14.866-0500][7.542s] GC(4) Concurrent Rebuild Remembered Sets 2.124ms
[2024-02-26T12:34:14.866-0500][7.542s] GC(4) Pause Cleanup
[2024-02-26T12:34:14.867-0500][7.542s] GC(4) Pause Cleanup 25M->25M(512M) 0.119ms
[2024-02-26T12:34:14.867-0500][7.542s] GC(4) User=0.00s Sys=0.00s Real=0.00s
[2024-02-26T12:34:14.867-0500][7.542s] GC(4) Concurrent Cleanup for Next Mark
[2024-02-26T12:34:14.867-0500][7.543s] GC(4) Concurrent Cleanup for Next Mark 0.594ms
[2024-02-26T12:34:14.867-0500][7.543s] GC(4) Concurrent Mark Cycle 12.422ms
[2024-02-26T12:34:36.350-0500][29.027s] GC(5) Pause Young (Prepare Mixed) (Metadata GC Threshold)
[2024-02-26T12:34:36.351-0500][29.027s] GC(5) Using 13 workers of 13 for evacuation
[2024-02-26T12:34:36.360-0500][29.035s] GC(5)   Pre Evacuate Collection Set: 0.1ms
[2024-02-26T12:34:36.360-0500][29.035s] GC(5)   Merge Heap Roots: 0.1ms
[2024-02-26T12:34:36.360-0500][29.035s] GC(5)   Evacuate Collection Set: 6.7ms
[2024-02-26T12:34:36.360-0500][29.035s] GC(5)   Post Evacuate Collection Set: 1.4ms
[2024-02-26T12:34:36.360-0500][29.036s] GC(5)   Other: 0.2ms
[2024-02-26T12:34:36.360-0500][29.036s] GC(5) Eden regions: 209->0(7)
[2024-02-26T12:34:36.360-0500][29.036s] GC(5) Survivor regions: 11->18(39)
[2024-02-26T12:34:36.360-0500][29.036s] GC(5) Old regions: 9->9
[2024-02-26T12:34:36.360-0500][29.036s] GC(5) Archive regions: 0->0
[2024-02-26T12:34:36.360-0500][29.036s] GC(5) Humongous regions: 5->4
[2024-02-26T12:34:36.360-0500][29.036s] GC(5) Metaspace: 35687K(36160K)->35687K(36160K) NonClass: 31601K(31872K)->31601K(31872K) Class: 4085K(4288K)->4085K(4288K)
[2024-02-26T12:34:36.360-0500][29.036s] GC(5) Pause Young (Prepare Mixed) (Metadata GC Threshold) 233M->29M(512M) 8.874ms
[2024-02-26T12:34:36.360-0500][29.036s] GC(5) User=0.00s Sys=0.00s Real=0.01s
[2024-02-26T12:34:36.424-0500][29.100s] GC(6) Pause Young (Mixed) (Metadata GC Threshold)
[2024-02-26T12:34:36.424-0500][29.100s] GC(6) Using 13 workers of 13 for evacuation
[2024-02-26T12:34:36.430-0500][29.106s] GC(6)   Pre Evacuate Collection Set: 0.1ms
[2024-02-26T12:34:36.430-0500][29.106s] GC(6)   Merge Heap Roots: 0.1ms
[2024-02-26T12:34:36.430-0500][29.106s] GC(6)   Evacuate Collection Set: 5.0ms
[2024-02-26T12:34:36.430-0500][29.106s] GC(6)   Post Evacuate Collection Set: 0.5ms
[2024-02-26T12:34:36.430-0500][29.106s] GC(6)   Other: 0.1ms
[2024-02-26T12:34:36.430-0500][29.106s] GC(6) Eden regions: 7->0(304)
[2024-02-26T12:34:36.430-0500][29.106s] GC(6) Survivor regions: 18->3(4)
[2024-02-26T12:34:36.430-0500][29.106s] GC(6) Old regions: 9->25
[2024-02-26T12:34:36.430-0500][29.106s] GC(6) Archive regions: 0->0
[2024-02-26T12:34:36.430-0500][29.106s] GC(6) Humongous regions: 4->4
[2024-02-26T12:34:36.430-0500][29.106s] GC(6) Metaspace: 36006K(36480K)->36006K(36480K) NonClass: 31882K(32128K)->31882K(32128K) Class: 4124K(4352K)->4124K(4352K)
[2024-02-26T12:34:36.430-0500][29.106s] GC(6) Pause Young (Mixed) (Metadata GC Threshold) 35M->30M(512M) 5.980ms
[2024-02-26T12:34:36.430-0500][29.106s] GC(6) User=0.00s Sys=0.00s Real=0.01s
[2024-02-26T12:34:36.482-0500][29.157s] GC(7) Pause Young (Concurrent Start) (Metadata GC Threshold)
[2024-02-26T12:34:36.482-0500][29.157s] GC(7) Using 13 workers of 13 for evacuation
[2024-02-26T12:34:36.483-0500][29.159s] GC(7)   Pre Evacuate Collection Set: 0.2ms
[2024-02-26T12:34:36.484-0500][29.160s] GC(7)   Merge Heap Roots: 0.1ms
[2024-02-26T12:34:36.484-0500][29.160s] GC(7)   Evacuate Collection Set: 1.0ms
[2024-02-26T12:34:36.484-0500][29.160s] GC(7)   Post Evacuate Collection Set: 0.7ms
[2024-02-26T12:34:36.484-0500][29.160s] GC(7)   Other: 0.1ms
[2024-02-26T12:34:36.484-0500][29.160s] GC(7) Eden regions: 4->0(306)
[2024-02-26T12:34:36.484-0500][29.160s] GC(7) Survivor regions: 3->1(39)
[2024-02-26T12:34:36.484-0500][29.160s] GC(7) Old regions: 25->25
[2024-02-26T12:34:36.484-0500][29.160s] GC(7) Archive regions: 0->0
[2024-02-26T12:34:36.484-0500][29.160s] GC(7) Humongous regions: 4->4
[2024-02-26T12:34:36.484-0500][29.160s] GC(7) Metaspace: 36338K(36800K)->36338K(36800K) NonClass: 32178K(32448K)->32178K(32448K) Class: 4159K(4352K)->4159K(4352K)
[2024-02-26T12:34:36.484-0500][29.160s] GC(7) Pause Young (Concurrent Start) (Metadata GC Threshold) 34M->29M(512M) 2.623ms
[2024-02-26T12:34:36.484-0500][29.160s] GC(8) Concurrent Mark Cycle
[2024-02-26T12:34:36.484-0500][29.160s] GC(7) User=0.00s Sys=0.00s Real=0.00s
[2024-02-26T12:34:36.484-0500][29.160s] GC(8) Concurrent Clear Claimed Marks
[2024-02-26T12:34:36.484-0500][29.160s] GC(8) Concurrent Clear Claimed Marks 0.197ms
[2024-02-26T12:34:36.484-0500][29.160s] GC(8) Concurrent Scan Root Regions
[2024-02-26T12:34:36.485-0500][29.161s] GC(8) Concurrent Scan Root Regions 0.905ms
[2024-02-26T12:34:36.485-0500][29.161s] GC(8) Concurrent Mark
[2024-02-26T12:34:36.485-0500][29.161s] GC(8) Concurrent Mark From Roots
[2024-02-26T12:34:36.485-0500][29.161s] GC(8) Using 3 workers of 3 for marking
[2024-02-26T12:34:36.508-0500][29.184s] GC(8) Concurrent Mark From Roots 22.244ms
[2024-02-26T12:34:36.508-0500][29.184s] GC(8) Concurrent Preclean
[2024-02-26T12:34:36.508-0500][29.184s] GC(8) Concurrent Preclean 0.156ms
[2024-02-26T12:34:36.508-0500][29.184s] GC(8) Pause Remark
[2024-02-26T12:34:36.512-0500][29.188s] GC(8) Pause Remark 31M->31M(512M) 4.170ms
[2024-02-26T12:34:36.512-0500][29.188s] GC(8) User=0.00s Sys=0.00s Real=0.00s
[2024-02-26T12:34:36.512-0500][29.188s] GC(8) Concurrent Mark 27.068ms
[2024-02-26T12:34:36.512-0500][29.188s] GC(8) Concurrent Rebuild Remembered Sets
[2024-02-26T12:34:36.518-0500][29.194s] GC(8) Concurrent Rebuild Remembered Sets 5.621ms
[2024-02-26T12:34:36.519-0500][29.194s] GC(8) Pause Cleanup
[2024-02-26T12:34:36.519-0500][29.194s] GC(8) Pause Cleanup 32M->32M(512M) 0.114ms
[2024-02-26T12:34:36.519-0500][29.194s] GC(8) User=0.00s Sys=0.00s Real=0.00s
[2024-02-26T12:34:36.519-0500][29.194s] GC(8) Concurrent Cleanup for Next Mark
[2024-02-26T12:34:36.519-0500][29.195s] GC(8) Concurrent Cleanup for Next Mark 0.689ms
[2024-02-26T12:34:36.520-0500][29.195s] GC(8) Concurrent Mark Cycle 35.370ms
[2024-02-26T12:45:16.385-0500][669.060s] GC(9) Pause Young (Normal) (G1 Evacuation Pause)
[2024-02-26T12:45:16.385-0500][669.060s] GC(9) Using 13 workers of 13 for evacuation
[2024-02-26T12:45:16.392-0500][669.067s] GC(9)   Pre Evacuate Collection Set: 0.1ms
[2024-02-26T12:45:16.392-0500][669.067s] GC(9)   Merge Heap Roots: 0.2ms
[2024-02-26T12:45:16.392-0500][669.067s] GC(9)   Evacuate Collection Set: 5.7ms
[2024-02-26T12:45:16.392-0500][669.067s] GC(9)   Post Evacuate Collection Set: 1.0ms
[2024-02-26T12:45:16.392-0500][669.067s] GC(9)   Other: 0.1ms
[2024-02-26T12:45:16.392-0500][669.067s] GC(9) Eden regions: 306->0(295)
[2024-02-26T12:45:16.392-0500][669.067s] GC(9) Survivor regions: 1->12(39)
[2024-02-26T12:45:16.392-0500][669.067s] GC(9) Old regions: 25->25
[2024-02-26T12:45:16.392-0500][669.067s] GC(9) Archive regions: 0->0
[2024-02-26T12:45:16.392-0500][669.067s] GC(9) Humongous regions: 7->7
[2024-02-26T12:45:16.392-0500][669.067s] GC(9) Metaspace: 50596K(51200K)->50596K(51200K) NonClass: 44706K(44992K)->44706K(44992K) Class: 5889K(6208K)->5889K(6208K)
[2024-02-26T12:45:16.392-0500][669.067s] GC(9) Pause Young (Normal) (G1 Evacuation Pause) 338M->42M(512M) 7.450ms
[2024-02-26T12:45:16.392-0500][669.068s] GC(9) User=0.00s Sys=0.00s Real=0.01s
[2024-02-26T12:45:16.402-0500][669.078s] Heap
[2024-02-26T12:45:16.402-0500][669.078s]  garbage-first heap   total 524288K, used 49890K [0x00000000e0000000, 0x0000000100000000)
[2024-02-26T12:45:16.402-0500][669.078s]   region size 1024K, 19 young (19456K), 12 survivors (12288K)
[2024-02-26T12:45:16.403-0500][669.078s]  Metaspace       used 50673K, committed 51328K, reserved 1114112K
[2024-02-26T12:45:16.403-0500][669.078s]   class space    used 5901K, committed 6208K, reserved 1048576K
