[2024-02-26T12:50:57.915-0500][0.013s] CardTable entry size: 512
[2024-02-26T12:50:57.915-0500][0.013s] Using G1
[2024-02-26T12:50:58.032-0500][0.130s] Version: 19.0.2+7-44 (release)
[2024-02-26T12:50:58.032-0500][0.130s] CPUs: 16 total, 16 available
[2024-02-26T12:50:58.032-0500][0.130s] Memory: 15741M
[2024-02-26T12:50:58.032-0500][0.130s] Large Page Support: Disabled
[2024-02-26T12:50:58.032-0500][0.130s] NUMA Support: Disabled
[2024-02-26T12:50:58.032-0500][0.130s] Compressed Oops: Enabled (32-bit)
[2024-02-26T12:50:58.032-0500][0.130s] Heap Region Size: 1M
[2024-02-26T12:50:58.032-0500][0.130s] Heap Min Capacity: 512M
[2024-02-26T12:50:58.032-0500][0.130s] Heap Initial Capacity: 512M
[2024-02-26T12:50:58.032-0500][0.130s] Heap Max Capacity: 512M
[2024-02-26T12:50:58.033-0500][0.131s] Pre-touch: Enabled
[2024-02-26T12:50:58.033-0500][0.131s] Parallel Workers: 13
[2024-02-26T12:50:58.033-0500][0.131s] Concurrent Workers: 3
[2024-02-26T12:50:58.033-0500][0.131s] Concurrent Refinement Workers: 13
[2024-02-26T12:50:58.033-0500][0.131s] Periodic GC: Disabled
[2024-02-26T12:50:58.034-0500][0.132s] CDS archive(s) mapped at: [0x0000000800000000-0x0000000800c40000-0x0000000800c40000), size 12845056, SharedBaseAddress: 0x0000000800000000, ArchiveRelocationMode: 0.
[2024-02-26T12:50:58.034-0500][0.132s] Compressed class space mapped at: 0x0000000801000000-0x0000000841000000, reserved size: 1073741824
[2024-02-26T12:50:58.034-0500][0.132s] Narrow klass base: 0x0000000800000000, Narrow klass shift: 0, Narrow klass range: 0x100000000
[2024-02-26T12:51:04.000-0500][6.098s] GC(0) Pause Young (Normal) (G1 Evacuation Pause)
[2024-02-26T12:51:04.000-0500][6.098s] GC(0) Using 12 workers of 13 for evacuation
[2024-02-26T12:51:04.004-0500][6.101s] GC(0)   Pre Evacuate Collection Set: 0.1ms
[2024-02-26T12:51:04.004-0500][6.101s] GC(0)   Merge Heap Roots: 0.1ms
[2024-02-26T12:51:04.004-0500][6.101s] GC(0)   Evacuate Collection Set: 2.4ms
[2024-02-26T12:51:04.004-0500][6.101s] GC(0)   Post Evacuate Collection Set: 0.6ms
[2024-02-26T12:51:04.004-0500][6.101s] GC(0)   Other: 0.4ms
[2024-02-26T12:51:04.004-0500][6.101s] GC(0) Eden regions: 29->0(41)
[2024-02-26T12:51:04.004-0500][6.101s] GC(0) Survivor regions: 0->4(4)
[2024-02-26T12:51:04.004-0500][6.101s] GC(0) Old regions: 0->1
[2024-02-26T12:51:04.004-0500][6.101s] GC(0) Archive regions: 0->0
[2024-02-26T12:51:04.004-0500][6.101s] GC(0) Humongous regions: 0->0
[2024-02-26T12:51:04.004-0500][6.101s] GC(0) Metaspace: 9137K(9408K)->9137K(9408K) NonClass: 8137K(8256K)->8137K(8256K) Class: 999K(1152K)->999K(1152K)
[2024-02-26T12:51:04.004-0500][6.101s] GC(0) Pause Young (Normal) (G1 Evacuation Pause) 29M->4M(512M) 3.818ms
[2024-02-26T12:51:04.004-0500][6.102s] GC(0) User=0.02s Sys=0.00s Real=0.00s
[2024-02-26T12:51:04.672-0500][6.770s] GC(1) Pause Young (Normal) (G1 Evacuation Pause)
[2024-02-26T12:51:04.672-0500][6.770s] GC(1) Using 13 workers of 13 for evacuation
[2024-02-26T12:51:04.679-0500][6.777s] GC(1)   Pre Evacuate Collection Set: 0.1ms
[2024-02-26T12:51:04.679-0500][6.777s] GC(1)   Merge Heap Roots: 0.1ms
[2024-02-26T12:51:04.679-0500][6.777s] GC(1)   Evacuate Collection Set: 5.4ms
[2024-02-26T12:51:04.679-0500][6.777s] GC(1)   Post Evacuate Collection Set: 1.2ms
[2024-02-26T12:51:04.679-0500][6.777s] GC(1)   Other: 0.2ms
[2024-02-26T12:51:04.679-0500][6.777s] GC(1) Eden regions: 41->0(151)
[2024-02-26T12:51:04.679-0500][6.777s] GC(1) Survivor regions: 4->6(6)
[2024-02-26T12:51:04.679-0500][6.777s] GC(1) Old regions: 1->8
[2024-02-26T12:51:04.679-0500][6.777s] GC(1) Archive regions: 0->0
[2024-02-26T12:51:04.679-0500][6.777s] GC(1) Humongous regions: 4->4
[2024-02-26T12:51:04.679-0500][6.777s] GC(1) Metaspace: 17277K(17664K)->17277K(17664K) NonClass: 15352K(15552K)->15352K(15552K) Class: 1924K(2112K)->1924K(2112K)
[2024-02-26T12:51:04.679-0500][6.777s] GC(1) Pause Young (Normal) (G1 Evacuation Pause) 49M->17M(512M) 7.194ms
[2024-02-26T12:51:04.679-0500][6.777s] GC(1) User=0.00s Sys=0.00s Real=0.01s
[2024-02-26T12:51:05.290-0500][7.388s] GC(2) Pause Young (Concurrent Start) (Metadata GC Threshold)
[2024-02-26T12:51:05.290-0500][7.388s] GC(2) Using 13 workers of 13 for evacuation
[2024-02-26T12:51:05.294-0500][7.392s] GC(2)   Pre Evacuate Collection Set: 0.2ms
[2024-02-26T12:51:05.294-0500][7.392s] GC(2)   Merge Heap Roots: 0.1ms
[2024-02-26T12:51:05.294-0500][7.392s] GC(2)   Evacuate Collection Set: 2.5ms
[2024-02-26T12:51:05.294-0500][7.392s] GC(2)   Post Evacuate Collection Set: 0.7ms
[2024-02-26T12:51:05.294-0500][7.392s] GC(2)   Other: 0.1ms
[2024-02-26T12:51:05.294-0500][7.392s] GC(2) Eden regions: 113->0(296)
[2024-02-26T12:51:05.294-0500][7.392s] GC(2) Survivor regions: 6->11(20)
[2024-02-26T12:51:05.294-0500][7.392s] GC(2) Old regions: 8->8
[2024-02-26T12:51:05.294-0500][7.392s] GC(2) Archive regions: 0->0
[2024-02-26T12:51:05.294-0500][7.392s] GC(2) Humongous regions: 4->4
[2024-02-26T12:51:05.294-0500][7.392s] GC(2) Metaspace: 21148K(21504K)->21148K(21504K) NonClass: 18849K(19008K)->18849K(19008K) Class: 2299K(2496K)->2299K(2496K)
[2024-02-26T12:51:05.294-0500][7.392s] GC(2) Pause Young (Concurrent Start) (Metadata GC Threshold) 130M->22M(512M) 3.897ms
[2024-02-26T12:51:05.294-0500][7.392s] GC(2) User=0.00s Sys=0.00s Real=0.00s
[2024-02-26T12:51:05.294-0500][7.392s] GC(3) Concurrent Mark Cycle
[2024-02-26T12:51:05.294-0500][7.392s] GC(3) Concurrent Clear Claimed Marks
[2024-02-26T12:51:05.294-0500][7.392s] GC(3) Concurrent Clear Claimed Marks 0.022ms
[2024-02-26T12:51:05.294-0500][7.392s] GC(3) Concurrent Scan Root Regions
[2024-02-26T12:51:05.296-0500][7.394s] GC(3) Concurrent Scan Root Regions 1.673ms
[2024-02-26T12:51:05.296-0500][7.394s] GC(3) Concurrent Mark
[2024-02-26T12:51:05.296-0500][7.394s] GC(3) Concurrent Mark From Roots
[2024-02-26T12:51:05.296-0500][7.394s] GC(3) Using 3 workers of 3 for marking
[2024-02-26T12:51:05.300-0500][7.398s] GC(3) Concurrent Mark From Roots 4.159ms
[2024-02-26T12:51:05.300-0500][7.398s] GC(3) Concurrent Preclean
[2024-02-26T12:51:05.300-0500][7.398s] GC(3) Concurrent Preclean 0.058ms
[2024-02-26T12:51:05.300-0500][7.399s] GC(3) Pause Remark
[2024-02-26T12:51:05.303-0500][7.401s] GC(3) Pause Remark 24M->24M(512M) 2.153ms
[2024-02-26T12:51:05.303-0500][7.401s] GC(3) User=0.00s Sys=0.00s Real=0.00s
[2024-02-26T12:51:05.303-0500][7.401s] GC(3) Concurrent Mark 6.788ms
[2024-02-26T12:51:05.303-0500][7.401s] GC(3) Concurrent Rebuild Remembered Sets
[2024-02-26T12:51:05.303-0500][7.401s] GC(3) Concurrent Rebuild Remembered Sets 0.010ms
[2024-02-26T12:51:05.303-0500][7.401s] GC(3) Pause Cleanup
[2024-02-26T12:51:05.303-0500][7.401s] GC(3) Pause Cleanup 24M->24M(512M) 0.030ms
[2024-02-26T12:51:05.303-0500][7.401s] GC(3) User=0.00s Sys=0.00s Real=0.00s
[2024-02-26T12:51:05.303-0500][7.401s] GC(3) Concurrent Cleanup for Next Mark
[2024-02-26T12:51:05.304-0500][7.402s] GC(3) Concurrent Cleanup for Next Mark 0.819ms
[2024-02-26T12:51:05.304-0500][7.402s] GC(3) Concurrent Mark Cycle 9.823ms
[2024-02-26T12:51:26.752-0500][28.850s] GC(4) Pause Young (Concurrent Start) (Metadata GC Threshold)
[2024-02-26T12:51:26.752-0500][28.850s] GC(4) Using 13 workers of 13 for evacuation
[2024-02-26T12:51:26.759-0500][28.858s] GC(4)   Pre Evacuate Collection Set: 0.2ms
[2024-02-26T12:51:26.759-0500][28.858s] GC(4)   Merge Heap Roots: 0.1ms
[2024-02-26T12:51:26.759-0500][28.858s] GC(4)   Evacuate Collection Set: 6.1ms
[2024-02-26T12:51:26.759-0500][28.858s] GC(4)   Post Evacuate Collection Set: 0.8ms
[2024-02-26T12:51:26.759-0500][28.858s] GC(4)   Other: 0.2ms
[2024-02-26T12:51:26.759-0500][28.858s] GC(4) Eden regions: 202->0(289)
[2024-02-26T12:51:26.759-0500][28.858s] GC(4) Survivor regions: 11->18(39)
[2024-02-26T12:51:26.759-0500][28.858s] GC(4) Old regions: 8->8
[2024-02-26T12:51:26.759-0500][28.858s] GC(4) Archive regions: 0->0
[2024-02-26T12:51:26.759-0500][28.858s] GC(4) Humongous regions: 5->4
[2024-02-26T12:51:26.759-0500][28.858s] GC(4) Metaspace: 35760K(36288K)->35760K(36288K) NonClass: 31671K(31936K)->31671K(31936K) Class: 4088K(4352K)->4088K(4352K)
[2024-02-26T12:51:26.760-0500][28.858s] GC(4) Pause Young (Concurrent Start) (Metadata GC Threshold) 225M->29M(512M) 7.618ms
[2024-02-26T12:51:26.760-0500][28.858s] GC(4) User=0.00s Sys=0.00s Real=0.01s
[2024-02-26T12:51:26.760-0500][28.858s] GC(5) Concurrent Mark Cycle
[2024-02-26T12:51:26.760-0500][28.858s] GC(5) Concurrent Clear Claimed Marks
[2024-02-26T12:51:26.760-0500][28.858s] GC(5) Concurrent Clear Claimed Marks 0.052ms
[2024-02-26T12:51:26.760-0500][28.858s] GC(5) Concurrent Scan Root Regions
[2024-02-26T12:51:26.763-0500][28.861s] GC(5) Concurrent Scan Root Regions 2.914ms
[2024-02-26T12:51:26.763-0500][28.861s] GC(5) Concurrent Mark
[2024-02-26T12:51:26.763-0500][28.861s] GC(5) Concurrent Mark From Roots
[2024-02-26T12:51:26.763-0500][28.861s] GC(5) Using 3 workers of 3 for marking
[2024-02-26T12:51:26.766-0500][28.865s] GC(5) Concurrent Mark From Roots 3.680ms
[2024-02-26T12:51:26.766-0500][28.865s] GC(5) Concurrent Preclean
[2024-02-26T12:51:26.766-0500][28.865s] GC(5) Concurrent Preclean 0.073ms
[2024-02-26T12:51:26.767-0500][28.865s] GC(5) Pause Remark
[2024-02-26T12:51:26.770-0500][28.868s] GC(5) Pause Remark 30M->30M(512M) 3.109ms
[2024-02-26T12:51:26.770-0500][28.868s] GC(5) User=0.00s Sys=0.00s Real=0.00s
[2024-02-26T12:51:26.770-0500][28.868s] GC(5) Concurrent Mark 7.200ms
[2024-02-26T12:51:26.770-0500][28.868s] GC(5) Concurrent Rebuild Remembered Sets
[2024-02-26T12:51:26.770-0500][28.868s] GC(5) Concurrent Rebuild Remembered Sets 0.009ms
[2024-02-26T12:51:26.770-0500][28.868s] GC(5) Pause Cleanup
[2024-02-26T12:51:26.770-0500][28.868s] GC(5) Pause Cleanup 30M->30M(512M) 0.022ms
[2024-02-26T12:51:26.770-0500][28.868s] GC(5) User=0.00s Sys=0.00s Real=0.00s
[2024-02-26T12:51:26.770-0500][28.868s] GC(5) Concurrent Cleanup for Next Mark
[2024-02-26T12:51:26.770-0500][28.869s] GC(5) Concurrent Cleanup for Next Mark 0.616ms
[2024-02-26T12:51:26.770-0500][28.869s] GC(5) Concurrent Mark Cycle 11.232ms
[2024-02-26T13:09:42.853-0500][1124.951s] GC(6) Pause Young (Normal) (G1 Evacuation Pause)
[2024-02-26T13:09:42.853-0500][1124.951s] GC(6) Using 13 workers of 13 for evacuation
[2024-02-26T13:09:42.862-0500][1124.960s] GC(6)   Pre Evacuate Collection Set: 0.1ms
[2024-02-26T13:09:42.862-0500][1124.960s] GC(6)   Merge Heap Roots: 0.1ms
[2024-02-26T13:09:42.862-0500][1124.960s] GC(6)   Evacuate Collection Set: 7.4ms
[2024-02-26T13:09:42.862-0500][1124.960s] GC(6)   Post Evacuate Collection Set: 1.1ms
[2024-02-26T13:09:42.862-0500][1124.960s] GC(6)   Other: 0.1ms
[2024-02-26T13:09:42.862-0500][1124.960s] GC(6) Eden regions: 289->0(278)
[2024-02-26T13:09:42.862-0500][1124.960s] GC(6) Survivor regions: 18->29(39)
[2024-02-26T13:09:42.862-0500][1124.960s] GC(6) Old regions: 8->8
[2024-02-26T13:09:42.862-0500][1124.960s] GC(6) Archive regions: 0->0
[2024-02-26T13:09:42.862-0500][1124.960s] GC(6) Humongous regions: 7->7
[2024-02-26T13:09:42.862-0500][1124.960s] GC(6) Metaspace: 50560K(51200K)->50560K(51200K) NonClass: 44672K(44992K)->44672K(44992K) Class: 5888K(6208K)->5888K(6208K)
[2024-02-26T13:09:42.862-0500][1124.960s] GC(6) Pause Young (Normal) (G1 Evacuation Pause) 321M->43M(512M) 9.016ms
[2024-02-26T13:09:42.862-0500][1124.960s] GC(6) User=0.02s Sys=0.00s Real=0.01s
[2024-02-26T13:09:42.922-0500][1125.020s] Heap
[2024-02-26T13:09:42.922-0500][1125.020s]  garbage-first heap   total 524288K, used 53981K [0x00000000e0000000, 0x0000000100000000)
[2024-02-26T13:09:42.922-0500][1125.020s]   region size 1024K, 38 young (38912K), 29 survivors (29696K)
[2024-02-26T13:09:42.922-0500][1125.020s]  Metaspace       used 50682K, committed 51328K, reserved 1114112K
[2024-02-26T13:09:42.922-0500][1125.020s]   class space    used 5905K, committed 6208K, reserved 1048576K
